Archive member included to satisfy reference by file (symbol)

/opt/st/stm32cubeide_1.12.0/plugins/com.st.stm32cube.ide.mcu.externaltools.gnu-tools-for-stm32.10.3-2021.10.linux64_1.0.200.202301161003/tools/bin/../lib/gcc/arm-none-eabi/10.3.1/../../../../arm-none-eabi/lib/thumb/v7e-m+fp/hard/libc_nano.a(lib_a-errno.o)
                              ./Core/Src/syscalls.o (__errno)
/opt/st/stm32cubeide_1.12.0/plugins/com.st.stm32cube.ide.mcu.externaltools.gnu-tools-for-stm32.10.3-2021.10.linux64_1.0.200.202301161003/tools/bin/../lib/gcc/arm-none-eabi/10.3.1/../../../../arm-none-eabi/lib/thumb/v7e-m+fp/hard/libc_nano.a(lib_a-exit.o)
                              /opt/st/stm32cubeide_1.12.0/plugins/com.st.stm32cube.ide.mcu.externaltools.gnu-tools-for-stm32.10.3-2021.10.linux64_1.0.200.202301161003/tools/bin/../lib/gcc/arm-none-eabi/10.3.1/../../../../arm-none-eabi/lib/thumb/v7e-m+fp/hard/crt0.o (exit)
/opt/st/stm32cubeide_1.12.0/plugins/com.st.stm32cube.ide.mcu.externaltools.gnu-tools-for-stm32.10.3-2021.10.linux64_1.0.200.202301161003/tools/bin/../lib/gcc/arm-none-eabi/10.3.1/../../../../arm-none-eabi/lib/thumb/v7e-m+fp/hard/libc_nano.a(lib_a-impure.o)
                              /opt/st/stm32cubeide_1.12.0/plugins/com.st.stm32cube.ide.mcu.externaltools.gnu-tools-for-stm32.10.3-2021.10.linux64_1.0.200.202301161003/tools/bin/../lib/gcc/arm-none-eabi/10.3.1/../../../../arm-none-eabi/lib/thumb/v7e-m+fp/hard/libc_nano.a(lib_a-exit.o) (_global_impure_ptr)
/opt/st/stm32cubeide_1.12.0/plugins/com.st.stm32cube.ide.mcu.externaltools.gnu-tools-for-stm32.10.3-2021.10.linux64_1.0.200.202301161003/tools/bin/../lib/gcc/arm-none-eabi/10.3.1/../../../../arm-none-eabi/lib/thumb/v7e-m+fp/hard/libc_nano.a(lib_a-init.o)
                              /opt/st/stm32cubeide_1.12.0/plugins/com.st.stm32cube.ide.mcu.externaltools.gnu-tools-for-stm32.10.3-2021.10.linux64_1.0.200.202301161003/tools/bin/../lib/gcc/arm-none-eabi/10.3.1/../../../../arm-none-eabi/lib/thumb/v7e-m+fp/hard/crt0.o (__libc_init_array)
/opt/st/stm32cubeide_1.12.0/plugins/com.st.stm32cube.ide.mcu.externaltools.gnu-tools-for-stm32.10.3-2021.10.linux64_1.0.200.202301161003/tools/bin/../lib/gcc/arm-none-eabi/10.3.1/../../../../arm-none-eabi/lib/thumb/v7e-m+fp/hard/libc_nano.a(lib_a-itoa.o)
                              ./Core/Src/main.o (itoa)
/opt/st/stm32cubeide_1.12.0/plugins/com.st.stm32cube.ide.mcu.externaltools.gnu-tools-for-stm32.10.3-2021.10.linux64_1.0.200.202301161003/tools/bin/../lib/gcc/arm-none-eabi/10.3.1/../../../../arm-none-eabi/lib/thumb/v7e-m+fp/hard/libc_nano.a(lib_a-memcpy-stub.o)
                              ./Drivers/SSD1306_driver/ssd1306.o (memcpy)
/opt/st/stm32cubeide_1.12.0/plugins/com.st.stm32cube.ide.mcu.externaltools.gnu-tools-for-stm32.10.3-2021.10.linux64_1.0.200.202301161003/tools/bin/../lib/gcc/arm-none-eabi/10.3.1/../../../../arm-none-eabi/lib/thumb/v7e-m+fp/hard/libc_nano.a(lib_a-memset.o)
                              /opt/st/stm32cubeide_1.12.0/plugins/com.st.stm32cube.ide.mcu.externaltools.gnu-tools-for-stm32.10.3-2021.10.linux64_1.0.200.202301161003/tools/bin/../lib/gcc/arm-none-eabi/10.3.1/../../../../arm-none-eabi/lib/thumb/v7e-m+fp/hard/crt0.o (memset)
/opt/st/stm32cubeide_1.12.0/plugins/com.st.stm32cube.ide.mcu.externaltools.gnu-tools-for-stm32.10.3-2021.10.linux64_1.0.200.202301161003/tools/bin/../lib/gcc/arm-none-eabi/10.3.1/../../../../arm-none-eabi/lib/thumb/v7e-m+fp/hard/libc_nano.a(lib_a-utoa.o)
                              /opt/st/stm32cubeide_1.12.0/plugins/com.st.stm32cube.ide.mcu.externaltools.gnu-tools-for-stm32.10.3-2021.10.linux64_1.0.200.202301161003/tools/bin/../lib/gcc/arm-none-eabi/10.3.1/../../../../arm-none-eabi/lib/thumb/v7e-m+fp/hard/libc_nano.a(lib_a-itoa.o) (__utoa)
/opt/st/stm32cubeide_1.12.0/plugins/com.st.stm32cube.ide.mcu.externaltools.gnu-tools-for-stm32.10.3-2021.10.linux64_1.0.200.202301161003/tools/bin/../lib/gcc/arm-none-eabi/10.3.1/../../../../arm-none-eabi/lib/thumb/v7e-m+fp/hard/libm.a(lib_a-s_cos.o)
                              ./Drivers/SSD1306_driver/ssd1306.o (cos)
/opt/st/stm32cubeide_1.12.0/plugins/com.st.stm32cube.ide.mcu.externaltools.gnu-tools-for-stm32.10.3-2021.10.linux64_1.0.200.202301161003/tools/bin/../lib/gcc/arm-none-eabi/10.3.1/../../../../arm-none-eabi/lib/thumb/v7e-m+fp/hard/libm.a(lib_a-s_sin.o)
                              ./Drivers/SSD1306_driver/ssd1306.o (sin)
/opt/st/stm32cubeide_1.12.0/plugins/com.st.stm32cube.ide.mcu.externaltools.gnu-tools-for-stm32.10.3-2021.10.linux64_1.0.200.202301161003/tools/bin/../lib/gcc/arm-none-eabi/10.3.1/../../../../arm-none-eabi/lib/thumb/v7e-m+fp/hard/libm.a(lib_a-e_rem_pio2.o)
                              /opt/st/stm32cubeide_1.12.0/plugins/com.st.stm32cube.ide.mcu.externaltools.gnu-tools-for-stm32.10.3-2021.10.linux64_1.0.200.202301161003/tools/bin/../lib/gcc/arm-none-eabi/10.3.1/../../../../arm-none-eabi/lib/thumb/v7e-m+fp/hard/libm.a(lib_a-s_cos.o) (__ieee754_rem_pio2)
[...]
Memory Configuration

Name             Origin             Length             Attributes
RAM              0x0000000020000000 0x0000000000008000 xrw
FLASH            0x0000000008000000 0x0000000000020000 xr
*default*        0x0000000000000000 0xffffffffffffffff

Linker script and memory map

LOAD /opt/st/stm32cubeide_1.12.0/plugins/com.st.stm32cube.ide.mcu.externaltools.gnu-tools-for-stm32.10.3-2021.10.linux64_1.0.200.202301161003/tools/bin/../lib/gcc/arm-none-eabi/10.3.1/thumb/v7e-m+fp/hard/crti.o
LOAD /opt/st/stm32cubeide_1.12.0/plugins/com.st.stm32cube.ide.mcu.externaltools.gnu-tools-for-stm32.10.3-2021.10.linux64_1.0.200.202301161003/tools/bin/../lib/gcc/arm-none-eabi/10.3.1/thumb/v7e-m+fp/hard/crtbegin.o
LOAD /opt/st/stm32cubeide_1.12.0/plugins/com.st.stm32cube.ide.mcu.externaltools.gnu-tools-for-stm32.10.3-2021.10.linux64_1.0.200.202301161003/tools/bin/../lib/gcc/arm-none-eabi/10.3.1/../../../../arm-none-eabi/lib/thumb/v7e-m+fp/hard/crt0.o
LOAD ./Core/Src/main.o
LOAD ./Core/Src/stm32g4xx_hal_msp.o
LOAD ./Core/Src/stm32g4xx_it.o
LOAD ./Core/Src/syscalls.o
LOAD ./Core/Src/sysmem.o
LOAD ./Core/Src/system_stm32g4xx.o
LOAD ./Core/Startup/startup_stm32g431kbtx.o
LOAD ./Drivers/EEPROM/eeprom_emul.o
LOAD ./Drivers/EEPROM/flash_interface.o
LOAD ./Drivers/EEPROM/stm32g4xx_ll_crc.o
LOAD ./Drivers/SSD1306_driver/ssd1306.o
LOAD ./Drivers/SSD1306_driver/ssd1306_fonts.o
LOAD ./Drivers/STM32G4xx_HAL_Driver/Src/stm32g4xx_hal.o
LOAD ./Drivers/STM32G4xx_HAL_Driver/Src/stm32g4xx_hal_adc.o
LOAD ./Drivers/STM32G4xx_HAL_Driver/Src/stm32g4xx_hal_adc_ex.o
LOAD ./Drivers/STM32G4xx_HAL_Driver/Src/stm32g4xx_hal_cortex.o
LOAD ./Drivers/STM32G4xx_HAL_Driver/Src/stm32g4xx_hal_dac.o
LOAD ./Drivers/STM32G4xx_HAL_Driver/Src/stm32g4xx_hal_dac_ex.o
LOAD ./Drivers/STM32G4xx_HAL_Driver/Src/stm32g4xx_hal_dma.o
LOAD ./Drivers/STM32G4xx_HAL_Driver/Src/stm32g4xx_hal_dma_ex.o
LOAD ./Drivers/STM32G4xx_HAL_Driver/Src/stm32g4xx_hal_exti.o
LOAD ./Drivers/STM32G4xx_HAL_Driver/Src/stm32g4xx_hal_flash.o
LOAD ./Drivers/STM32G4xx_HAL_Driver/Src/stm32g4xx_hal_flash_ex.o
LOAD ./Drivers/STM32G4xx_HAL_Driver/Src/stm32g4xx_hal_flash_ramfunc.o
LOAD ./Drivers/STM32G4xx_HAL_Driver/Src/stm32g4xx_hal_gpio.o
LOAD ./Drivers/STM32G4xx_HAL_Driver/Src/stm32g4xx_hal_i2c.o
LOAD ./Drivers/STM32G4xx_HAL_Driver/Src/stm32g4xx_hal_i2c_ex.o
LOAD ./Drivers/STM32G4xx_HAL_Driver/Src/stm32g4xx_hal_pwr.o
LOAD ./Drivers/STM32G4xx_HAL_Driver/Src/stm32g4xx_hal_pwr_ex.o
LOAD ./Drivers/STM32G4xx_HAL_Driver/Src/stm32g4xx_hal_rcc.o
LOAD ./Drivers/STM32G4xx_HAL_Driver/Src/stm32g4xx_hal_rcc_ex.o
LOAD ./Drivers/STM32G4xx_HAL_Driver/Src/stm32g4xx_hal_rtc.o
LOAD ./Drivers/STM32G4xx_HAL_Driver/Src/stm32g4xx_hal_rtc_ex.o
LOAD ./Drivers/STM32G4xx_HAL_Driver/Src/stm32g4xx_hal_tim.o
LOAD ./Drivers/STM32G4xx_HAL_Driver/Src/stm32g4xx_hal_tim_ex.o
LOAD ./Drivers/STM32G4xx_HAL_Driver/Src/stm32g4xx_ll_adc.o
START GROUP
LOAD /opt/st/stm32cubeide_1.12.0/plugins/com.st.stm32cube.ide.mcu.externaltools.gnu-tools-for-stm32.10.3-2021.10.linux64_1.0.200.202301161003/tools/bin/../lib/gcc/arm-none-eabi/10.3.1/../../../../arm-none-eabi/lib/thumb/v7e-m+fp/hard/libc_nano.a
LOAD /opt/st/stm32cubeide_1.12.0/plugins/com.st.stm32cube.ide.mcu.externaltools.gnu-tools-for-stm32.10.3-2021.10.linux64_1.0.200.202301161003/tools/bin/../lib/gcc/arm-none-eabi/10.3.1/../../../../arm-none-eabi/lib/thumb/v7e-m+fp/hard/libm.a
END GROUP
START GROUP
LOAD /opt/st/stm32cubeide_1.12.0/plugins/com.st.stm32cube.ide.mcu.externaltools.gnu-tools-for-stm32.10.3-2021.10.linux64_1.0.200.202301161003/tools/bin/../lib/gcc/arm-none-eabi/10.3.1/thumb/v7e-m+fp/hard/libgcc.a
LOAD /opt/st/stm32cubeide_1.12.0/plugins/com.st.stm32cube.ide.mcu.externaltools.gnu-tools-for-stm32.10.3-2021.10.linux64_1.0.200.202301161003/tools/bin/../lib/gcc/arm-none-eabi/10.3.1/../../../../arm-none-eabi/lib/thumb/v7e-m+fp/hard/libc_nano.a
END GROUP
START GROUP
LOAD /opt/st/stm32cubeide_1.12.0/plugins/com.st.stm32cube.ide.mcu.externaltools.gnu-tools-for-stm32.10.3-2021.10.linux64_1.0.200.202301161003/tools/bin/../lib/gcc/arm-none-eabi/10.3.1/thumb/v7e-m+fp/hard/libgcc.a
LOAD /opt/st/stm32cubeide_1.12.0/plugins/com.st.stm32cube.ide.mcu.externaltools.gnu-tools-for-stm32.10.3-2021.10.linux64_1.0.200.202301161003/tools/bin/../lib/gcc/arm-none-eabi/10.3.1/../../../../arm-none-eabi/lib/thumb/v7e-m+fp/hard/libc_nano.a
LOAD /opt/st/stm32cubeide_1.12.0/plugins/com.st.stm32cube.ide.mcu.externaltools.gnu-tools-for-stm32.10.3-2021.10.linux64_1.0.200.202301161003/tools/bin/../lib/gcc/arm-none-eabi/10.3.1/../../../../arm-none-eabi/lib/thumb/v7e-m+fp/hard/libnosys.a
END GROUP
START GROUP
LOAD /opt/st/stm32cubeide_1.12.0/plugins/com.st.stm32cube.ide.mcu.externaltools.gnu-tools-for-stm32.10.3-2021.10.linux64_1.0.200.202301161003/tools/bin/../lib/gcc/arm-none-eabi/10.3.1/thumb/v7e-m+fp/hard/libgcc.a
LOAD /opt/st/stm32cubeide_1.12.0/plugins/com.st.stm32cube.ide.mcu.externaltools.gnu-tools-for-stm32.10.3-2021.10.linux64_1.0.200.202301161003/tools/bin/../lib/gcc/arm-none-eabi/10.3.1/../../../../arm-none-eabi/lib/thumb/v7e-m+fp/hard/libc_nano.a
LOAD /opt/st/stm32cubeide_1.12.0/plugins/com.st.stm32cube.ide.mcu.externaltools.gnu-tools-for-stm32.10.3-2021.10.linux64_1.0.200.202301161003/tools/bin/../lib/gcc/arm-none-eabi/10.3.1/../../../../arm-none-eabi/lib/thumb/v7e-m+fp/hard/libnosys.a
END GROUP
LOAD /opt/st/stm32cubeide_1.12.0/plugins/com.st.stm32cube.ide.mcu.externaltools.gnu-tools-for-stm32.10.3-2021.10.linux64_1.0.200.202301161003/tools/bin/../lib/gcc/arm-none-eabi/10.3.1/thumb/v7e-m+fp/hard/crtend.o
LOAD /opt/st/stm32cubeide_1.12.0/plugins/com.st.stm32cube.ide.mcu.externaltools.gnu-tools-for-stm32.10.3-2021.10.linux64_1.0.200.202301161003/tools/bin/../lib/gcc/arm-none-eabi/10.3.1/thumb/v7e-m+fp/hard/crtn.o
                0x0000000020008000                _estack = (ORIGIN (RAM) + LENGTH (RAM))
                0x0000000000000200                _Min_Heap_Size = 0x200
                0x0000000000000400                _Min_Stack_Size = 0x400

.isr_vector     0x0000000008000000      0x1d8
                0x0000000008000000                . = ALIGN (0x4)
 *(.isr_vector)
 .isr_vector    0x0000000008000000      0x1d8 ./Core/Startup/startup_stm32g431kbtx.o
                0x0000000008000000                g_pfnVectors
                0x00000000080001d8                . = ALIGN (0x4)

.text           0x00000000080001d8     0x77b0
                0x00000000080001d8                . = ALIGN (0x4)
 *(.text)
 .text          0x00000000080001d8       0x40 /opt/st/stm32cubeide_1.12.0/plugins/com.st.stm32cube.ide.mcu.externaltools.gnu-tools-for-stm32.10.3-2021.10.linux64_1.0.200.202301161003/tools/bin/../lib/gcc/arm-none-eabi/10.3.1/thumb/v7e-m+fp/hard/crtbegin.o
 *(.text*)
 .text.main     0x0000000008000218      0x2f0 ./Core/Src/main.o
                0x0000000008000218                main
 .text.SystemClock_Config
                0x0000000008000508       0x84 ./Core/Src/main.o
                0x0000000008000508                SystemClock_Config
 .text.MX_ADC1_Init
                0x000000000800058c      0x150 ./Core/Src/main.o
 .text.MX_DAC1_Init
                0x00000000080006dc       0x88 ./Core/Src/main.o
 .text.MX_I2C2_Init
                0x0000000008000764       0x80 ./Core/Src/main.o
 .text.MX_RTC_Init
                0x00000000080007e4       0xc4 ./Core/Src/main.o
 .text.MX_TIM1_Init
                0x00000000080008a8       0xa8 ./Core/Src/main.o
 .text.MX_TIM2_Init
                0x0000000008000950       0xa8 ./Core/Src/main.o
 .text.MX_TIM3_Init
                0x00000000080009f8       0x9c ./Core/Src/main.o
 .text.MX_TIM4_Init
                0x0000000008000a94       0xac ./Core/Src/main.o
 .text.MX_DMA_Init
                0x0000000008000b40       0x54 ./Core/Src/main.o
 .text.MX_GPIO_Init
                0x0000000008000b94      0x110 ./Core/Src/main.o
 .text.Pantalla_inicial
                0x0000000008000ca4       0x5c ./Core/Src/main.o
                0x0000000008000ca4                Pantalla_inicial
 .text.Leer_botones
                0x0000000008000d00       0xbe ./Core/Src/main.o
                0x0000000008000d00                Leer_botones
 *fill*         0x0000000008000dbe        0x2 
 .text.Leer_encoder
                0x0000000008000dc0       0x38 ./Core/Src/main.o
                0x0000000008000dc0                Leer_encoder
 .text.Leer_encoder1
                0x0000000008000df8       0x14 ./Core/Src/main.o
                0x0000000008000df8                Leer_encoder1
 .text.Pantalla_menu_inicial
                0x0000000008000e0c       0xd8 ./Core/Src/main.o
                0x0000000008000e0c                Pantalla_menu_inicial
 .text.menu_monitoreo
                0x0000000008000ee4       0xa0 ./Core/Src/main.o
                0x0000000008000ee4                menu_monitoreo
 .text.monitoreo_digital
                0x0000000008000f84      0x188 ./Core/Src/main.o
                0x0000000008000f84                monitoreo_digital
 .text.monitoreo_analogico
                0x000000000800110c      0x1bc ./Core/Src/main.o
                0x000000000800110c                monitoreo_analogico
 .text.menu_offsets
                0x00000000080012c8      0x410 ./Core/Src/main.o
                0x00000000080012c8                menu_offsets
 .text.Establecer_valor
                0x00000000080016d8      0x2d0 ./Core/Src/main.o
                0x00000000080016d8                Establecer_valor
 .text.AI1_leer
                0x00000000080019a8       0x3c ./Core/Src/main.o
                0x00000000080019a8                AI1_leer
 .text.menu_instalador_1
                0x00000000080019e4      0x214 ./Core/Src/main.o
                0x00000000080019e4                menu_instalador_1
 .text.cambiar_opcion
                0x0000000008001bf8      0x114 ./Core/Src/main.o
                0x0000000008001bf8                cambiar_opcion
 .text.pantalla_cancelar
                0x0000000008001d0c       0x38 ./Core/Src/main.o
                0x0000000008001d0c                pantalla_cancelar
 .text.pantalla_guardado
                0x0000000008001d44       0x38 ./Core/Src/main.o
                0x0000000008001d44                pantalla_guardado
 .text.Encoder_reiniciar
                0x0000000008001d7c       0x1c ./Core/Src/main.o
                0x0000000008001d7c                Encoder_reiniciar
 .text.Error_Handler
                0x0000000008001d98       0x34 ./Core/Src/main.o
                0x0000000008001d98                Error_Handler
 .text.HAL_MspInit
                0x0000000008001dcc       0x68 ./Core/Src/stm32g4xx_hal_msp.o
                0x0000000008001dcc                HAL_MspInit
 .text.HAL_ADC_MspInit
                0x0000000008001e34      0x138 ./Core/Src/stm32g4xx_hal_msp.o
                0x0000000008001e34                HAL_ADC_MspInit
 .text.HAL_DAC_MspInit
                0x0000000008001f6c       0x7c ./Core/Src/stm32g4xx_hal_msp.o
                0x0000000008001f6c                HAL_DAC_MspInit
 .text.HAL_I2C_MspInit
                0x0000000008001fe8       0xb0 ./Core/Src/stm32g4xx_hal_msp.o
                0x0000000008001fe8                HAL_I2C_MspInit
 .text.HAL_RTC_MspInit
                0x0000000008002098       0x78 ./Core/Src/stm32g4xx_hal_msp.o
                0x0000000008002098                HAL_RTC_MspInit
 .text.HAL_TIM_Base_MspInit
                0x0000000008002110       0x84 ./Core/Src/stm32g4xx_hal_msp.o
                0x0000000008002110                HAL_TIM_Base_MspInit
 .text.HAL_TIM_Encoder_MspInit
                0x0000000008002194       0xe4 ./Core/Src/stm32g4xx_hal_msp.o
                0x0000000008002194                HAL_TIM_Encoder_MspInit
 .text.NMI_Handler
                0x0000000008002278        0x6 ./Core/Src/stm32g4xx_it.o
                0x0000000008002278                NMI_Handler
 *fill*         0x000000000800227e        0x2 
 .text.HardFault_Handler
                0x0000000008002280       0x30 ./Core/Src/stm32g4xx_it.o
                0x0000000008002280                HardFault_Handler
 .text.MemManage_Handler
                0x00000000080022b0        0x6 ./Core/Src/stm32g4xx_it.o
                0x00000000080022b0                MemManage_Handler
 .text.BusFault_Handler
                0x00000000080022b6        0x6 ./Core/Src/stm32g4xx_it.o
                0x00000000080022b6                BusFault_Handler
 .text.UsageFault_Handler
                0x00000000080022bc        0x6 ./Core/Src/stm32g4xx_it.o
                0x00000000080022bc                UsageFault_Handler
 .text.SVC_Handler
                0x00000000080022c2        0xe ./Core/Src/stm32g4xx_it.o
                0x00000000080022c2                SVC_Handler
 .text.DebugMon_Handler
                0x00000000080022d0        0xe ./Core/Src/stm32g4xx_it.o
                0x00000000080022d0                DebugMon_Handler
 .text.PendSV_Handler
                0x00000000080022de        0xe ./Core/Src/stm32g4xx_it.o
                0x00000000080022de                PendSV_Handler
 .text.SysTick_Handler
                0x00000000080022ec        0xc ./Core/Src/stm32g4xx_it.o
                0x00000000080022ec                SysTick_Handler
 .text.DMA1_Channel1_IRQHandler
                0x00000000080022f8       0x14 ./Core/Src/stm32g4xx_it.o
                0x00000000080022f8                DMA1_Channel1_IRQHandler
 .text.TIM1_BRK_TIM15_IRQHandler
                0x000000000800230c       0x14 ./Core/Src/stm32g4xx_it.o
                0x000000000800230c                TIM1_BRK_TIM15_IRQHandler
 .text.TIM3_IRQHandler
                0x0000000008002320       0x14 ./Core/Src/stm32g4xx_it.o
                0x0000000008002320                TIM3_IRQHandler
 .text.SystemInit
                0x0000000008002334       0x24 ./Core/Src/system_stm32g4xx.o
                0x0000000008002334                SystemInit
 .text.Reset_Handler
                0x0000000008002358       0x50 ./Core/Startup/startup_stm32g431kbtx.o
                0x0000000008002358                Reset_Handler
 .text.Default_Handler
                0x00000000080023a8        0x2 ./Core/Startup/startup_stm32g431kbtx.o
                0x00000000080023a8                RTC_Alarm_IRQHandler
                0x00000000080023a8                EXTI2_IRQHandler
                0x00000000080023a8                TIM8_TRG_COM_IRQHandler
                0x00000000080023a8                TIM8_CC_IRQHandler
                0x00000000080023a8                TIM1_CC_IRQHandler
                0x00000000080023a8                USB_HP_IRQHandler
                0x00000000080023a8                CORDIC_IRQHandler
                0x00000000080023a8                EXTI3_IRQHandler
                0x00000000080023a8                I2C3_ER_IRQHandler
                0x00000000080023a8                EXTI0_IRQHandler
                0x00000000080023a8                I2C2_EV_IRQHandler
                0x00000000080023a8                FPU_IRQHandler
                0x00000000080023a8                FDCAN1_IT1_IRQHandler
                0x00000000080023a8                TIM1_UP_TIM16_IRQHandler
                0x00000000080023a8                ADC1_2_IRQHandler
                0x00000000080023a8                SPI1_IRQHandler
                0x00000000080023a8                TIM6_DAC_IRQHandler
                0x00000000080023a8                TIM8_UP_IRQHandler
                0x00000000080023a8                DMA2_Channel2_IRQHandler
                0x00000000080023a8                DMA1_Channel4_IRQHandler
                0x00000000080023a8                USART3_IRQHandler
                0x00000000080023a8                TIM4_IRQHandler
                0x00000000080023a8                DMA2_Channel1_IRQHandler
                0x00000000080023a8                I2C1_EV_IRQHandler
                0x00000000080023a8                DMA1_Channel6_IRQHandler
                0x00000000080023a8                UART4_IRQHandler
                0x00000000080023a8                DMA2_Channel4_IRQHandler
                0x00000000080023a8                RCC_IRQHandler
                0x00000000080023a8                Default_Handler
                0x00000000080023a8                RTC_TAMP_LSECSS_IRQHandler
                0x00000000080023a8                FMAC_IRQHandler
                0x00000000080023a8                EXTI15_10_IRQHandler
                0x00000000080023a8                TIM7_IRQHandler
                0x00000000080023a8                UCPD1_IRQHandler
                0x00000000080023a8                I2C3_EV_IRQHandler
                0x00000000080023a8                EXTI9_5_IRQHandler
                0x00000000080023a8                RTC_WKUP_IRQHandler
                0x00000000080023a8                PVD_PVM_IRQHandler
                0x00000000080023a8                SPI2_IRQHandler
                0x00000000080023a8                DMA2_Channel5_IRQHandler
                0x00000000080023a8                CRS_IRQHandler
                0x00000000080023a8                DMA1_Channel5_IRQHandler
                0x00000000080023a8                USB_LP_IRQHandler
                0x00000000080023a8                EXTI4_IRQHandler
                0x00000000080023a8                RNG_IRQHandler
                0x00000000080023a8                TIM1_TRG_COM_TIM17_IRQHandler
                0x00000000080023a8                DMA1_Channel3_IRQHandler
                0x00000000080023a8                WWDG_IRQHandler
                0x00000000080023a8                LPUART1_IRQHandler
                0x00000000080023a8                DMA2_Channel6_IRQHandler
                0x00000000080023a8                FDCAN1_IT0_IRQHandler
                0x00000000080023a8                TIM2_IRQHandler
                0x00000000080023a8                COMP1_2_3_IRQHandler
                0x00000000080023a8                EXTI1_IRQHandler
                0x00000000080023a8                USART2_IRQHandler
                0x00000000080023a8                I2C2_ER_IRQHandler
                0x00000000080023a8                DMA1_Channel2_IRQHandler
                0x00000000080023a8                TIM8_BRK_IRQHandler
                0x00000000080023a8                FLASH_IRQHandler
                0x00000000080023a8                USART1_IRQHandler
                0x00000000080023a8                SPI3_IRQHandler
                0x00000000080023a8                I2C1_ER_IRQHandler
                0x00000000080023a8                LPTIM1_IRQHandler
                0x00000000080023a8                DMAMUX_OVR_IRQHandler
                0x00000000080023a8                USBWakeUp_IRQHandler
                0x00000000080023a8                SAI1_IRQHandler
                0x00000000080023a8                DMA2_Channel3_IRQHandler
                0x00000000080023a8                COMP4_IRQHandler
 .text.ssd1306_Reset
                0x00000000080023aa        0xe ./Drivers/SSD1306_driver/ssd1306.o
                0x00000000080023aa                ssd1306_Reset
 .text.ssd1306_WriteCommand
                0x00000000080023b8       0x30 ./Drivers/SSD1306_driver/ssd1306.o
                0x00000000080023b8                ssd1306_WriteCommand
 .text.ssd1306_WriteData
                0x00000000080023e8       0x34 ./Drivers/SSD1306_driver/ssd1306.o
                0x00000000080023e8                ssd1306_WriteData
 .text.ssd1306_Init
                0x000000000800241c       0xd4 ./Drivers/SSD1306_driver/ssd1306.o
                0x000000000800241c                ssd1306_Init
 .text.ssd1306_Fill
                0x00000000080024f0       0x48 ./Drivers/SSD1306_driver/ssd1306.o
                0x00000000080024f0                ssd1306_Fill
 .text.ssd1306_UpdateScreen
                0x0000000008002538       0x50 ./Drivers/SSD1306_driver/ssd1306.o
                0x0000000008002538                ssd1306_UpdateScreen
 .text.ssd1306_DrawPixel
                0x0000000008002588       0xa8 ./Drivers/SSD1306_driver/ssd1306.o
                0x0000000008002588                ssd1306_DrawPixel
 .text.ssd1306_WriteChar
                0x0000000008002630      0x110 ./Drivers/SSD1306_driver/ssd1306.o
                0x0000000008002630                ssd1306_WriteChar
 .text.ssd1306_WriteString
                0x0000000008002740       0x4c ./Drivers/SSD1306_driver/ssd1306.o
                0x0000000008002740                ssd1306_WriteString
 .text.ssd1306_SetCursor
                0x000000000800278c       0x30 ./Drivers/SSD1306_driver/ssd1306.o
                0x000000000800278c                ssd1306_SetCursor
 .text.ssd1306_SetContrast
                0x00000000080027bc       0x26 ./Drivers/SSD1306_driver/ssd1306.o
                0x00000000080027bc                ssd1306_SetContrast
 *fill*         0x00000000080027e2        0x2 
 .text.ssd1306_SetDisplayOn
                0x00000000080027e4       0x3c ./Drivers/SSD1306_driver/ssd1306.o
                0x00000000080027e4                ssd1306_SetDisplayOn
 .text.HAL_Init
                0x0000000008002820       0x30 ./Drivers/STM32G4xx_HAL_Driver/Src/stm32g4xx_hal.o
                0x0000000008002820                HAL_Init
 .text.HAL_InitTick
                0x0000000008002850       0x74 ./Drivers/STM32G4xx_HAL_Driver/Src/stm32g4xx_hal.o
                0x0000000008002850                HAL_InitTick
 .text.HAL_IncTick
                0x00000000080028c4       0x24 ./Drivers/STM32G4xx_HAL_Driver/Src/stm32g4xx_hal.o
                0x00000000080028c4                HAL_IncTick
 .text.HAL_GetTick
                0x00000000080028e8       0x18 ./Drivers/STM32G4xx_HAL_Driver/Src/stm32g4xx_hal.o
                0x00000000080028e8                HAL_GetTick
 .text.HAL_Delay
                0x0000000008002900       0x44 ./Drivers/STM32G4xx_HAL_Driver/Src/stm32g4xx_hal.o
                0x0000000008002900                HAL_Delay
 .text.LL_ADC_SetCommonClock
                0x0000000008002944       0x26 ./Drivers/STM32G4xx_HAL_Driver/Src/stm32g4xx_hal_adc.o
 .text.LL_ADC_SetCommonPathInternalCh
                0x000000000800296a       0x26 ./Drivers/STM32G4xx_HAL_Driver/Src/stm32g4xx_hal_adc.o
 .text.LL_ADC_GetCommonPathInternalCh
                0x0000000008002990       0x1c ./Drivers/STM32G4xx_HAL_Driver/Src/stm32g4xx_hal_adc.o
 .text.LL_ADC_SetOffset
                0x00000000080029ac       0x48 ./Drivers/STM32G4xx_HAL_Driver/Src/stm32g4xx_hal_adc.o
 .text.LL_ADC_GetOffsetChannel
                0x00000000080029f4       0x2c ./Drivers/STM32G4xx_HAL_Driver/Src/stm32g4xx_hal_adc.o
 .text.LL_ADC_SetOffsetState
                0x0000000008002a20       0x36 ./Drivers/STM32G4xx_HAL_Driver/Src/stm32g4xx_hal_adc.o
 .text.LL_ADC_SetOffsetSign
                0x0000000008002a56       0x36 ./Drivers/STM32G4xx_HAL_Driver/Src/stm32g4xx_hal_adc.o
 .text.LL_ADC_SetOffsetSaturation
                0x0000000008002a8c       0x36 ./Drivers/STM32G4xx_HAL_Driver/Src/stm32g4xx_hal_adc.o
 .text.LL_ADC_SetSamplingTimeCommonConfig
                0x0000000008002ac2       0x26 ./Drivers/STM32G4xx_HAL_Driver/Src/stm32g4xx_hal_adc.o
 .text.LL_ADC_REG_IsTriggerSourceSWStart
                0x0000000008002ae8       0x26 ./Drivers/STM32G4xx_HAL_Driver/Src/stm32g4xx_hal_adc.o
 .text.LL_ADC_REG_SetSequencerRanks
                0x0000000008002b0e       0x58 ./Drivers/STM32G4xx_HAL_Driver/Src/stm32g4xx_hal_adc.o
 .text.LL_ADC_SetChannelSamplingTime
                0x0000000008002b66       0x56 ./Drivers/STM32G4xx_HAL_Driver/Src/stm32g4xx_hal_adc.o
 .text.LL_ADC_SetChannelSingleDiff
                0x0000000008002bbc       0x50 ./Drivers/STM32G4xx_HAL_Driver/Src/stm32g4xx_hal_adc.o
 .text.LL_ADC_GetMultimode
                0x0000000008002c0c       0x1c ./Drivers/STM32G4xx_HAL_Driver/Src/stm32g4xx_hal_adc.o
 .text.LL_ADC_GetMultiDMATransfer
                0x0000000008002c28       0x1c ./Drivers/STM32G4xx_HAL_Driver/Src/stm32g4xx_hal_adc.o
 .text.LL_ADC_DisableDeepPowerDown
                0x0000000008002c44       0x24 ./Drivers/STM32G4xx_HAL_Driver/Src/stm32g4xx_hal_adc.o
 .text.LL_ADC_IsDeepPowerDownEnabled
                0x0000000008002c68       0x28 ./Drivers/STM32G4xx_HAL_Driver/Src/stm32g4xx_hal_adc.o
 .text.LL_ADC_EnableInternalRegulator
                0x0000000008002c90       0x28 ./Drivers/STM32G4xx_HAL_Driver/Src/stm32g4xx_hal_adc.o
 .text.LL_ADC_IsInternalRegulatorEnabled
                0x0000000008002cb8       0x28 ./Drivers/STM32G4xx_HAL_Driver/Src/stm32g4xx_hal_adc.o
 .text.LL_ADC_Enable
                0x0000000008002ce0       0x28 ./Drivers/STM32G4xx_HAL_Driver/Src/stm32g4xx_hal_adc.o
 .text.LL_ADC_Disable
                0x0000000008002d08       0x28 ./Drivers/STM32G4xx_HAL_Driver/Src/stm32g4xx_hal_adc.o
 .text.LL_ADC_IsEnabled
                0x0000000008002d30       0x26 ./Drivers/STM32G4xx_HAL_Driver/Src/stm32g4xx_hal_adc.o
 .text.LL_ADC_IsDisableOngoing
                0x0000000008002d56       0x26 ./Drivers/STM32G4xx_HAL_Driver/Src/stm32g4xx_hal_adc.o
 .text.LL_ADC_REG_StartConversion
                0x0000000008002d7c       0x28 ./Drivers/STM32G4xx_HAL_Driver/Src/stm32g4xx_hal_adc.o
 .text.LL_ADC_REG_StopConversion
                0x0000000008002da4       0x28 ./Drivers/STM32G4xx_HAL_Driver/Src/stm32g4xx_hal_adc.o
 .text.LL_ADC_REG_IsConversionOngoing
                0x0000000008002dcc       0x26 ./Drivers/STM32G4xx_HAL_Driver/Src/stm32g4xx_hal_adc.o
 .text.LL_ADC_INJ_StopConversion
                0x0000000008002df2       0x28 ./Drivers/STM32G4xx_HAL_Driver/Src/stm32g4xx_hal_adc.o
 .text.LL_ADC_INJ_IsConversionOngoing
                0x0000000008002e1a       0x26 ./Drivers/STM32G4xx_HAL_Driver/Src/stm32g4xx_hal_adc.o
 .text.HAL_ADC_Init
                0x0000000008002e40      0x314 ./Drivers/STM32G4xx_HAL_Driver/Src/stm32g4xx_hal_adc.o
                0x0000000008002e40                HAL_ADC_Init
 .text.HAL_ADC_Start
                0x0000000008003154      0x178 ./Drivers/STM32G4xx_HAL_Driver/Src/stm32g4xx_hal_adc.o
                0x0000000008003154                HAL_ADC_Start
 .text.HAL_ADC_Stop
                0x00000000080032cc       0x66 ./Drivers/STM32G4xx_HAL_Driver/Src/stm32g4xx_hal_adc.o
                0x00000000080032cc                HAL_ADC_Stop
 *fill*         0x0000000008003332        0x2 
 .text.HAL_ADC_PollForConversion
                0x0000000008003334      0x1b0 ./Drivers/STM32G4xx_HAL_Driver/Src/stm32g4xx_hal_adc.o
                0x0000000008003334                HAL_ADC_PollForConversion
 .text.HAL_ADC_GetValue
                0x00000000080034e4       0x1a ./Drivers/STM32G4xx_HAL_Driver/Src/stm32g4xx_hal_adc.o
                0x00000000080034e4                HAL_ADC_GetValue
 *fill*         0x00000000080034fe        0x2 
 .text.HAL_ADC_ConfigChannel
                0x0000000008003500      0x7e0 ./Drivers/STM32G4xx_HAL_Driver/Src/stm32g4xx_hal_adc.o
                0x0000000008003500                HAL_ADC_ConfigChannel
 .text.ADC_ConversionStop
                0x0000000008003ce0      0x178 ./Drivers/STM32G4xx_HAL_Driver/Src/stm32g4xx_hal_adc.o
                0x0000000008003ce0                ADC_ConversionStop
 .text.ADC_Enable
                0x0000000008003e58       0xc4 ./Drivers/STM32G4xx_HAL_Driver/Src/stm32g4xx_hal_adc.o
                0x0000000008003e58                ADC_Enable
 .text.ADC_Disable
                0x0000000008003f1c       0xbe ./Drivers/STM32G4xx_HAL_Driver/Src/stm32g4xx_hal_adc.o
                0x0000000008003f1c                ADC_Disable
 .text.LL_ADC_IsEnabled
                0x0000000008003fda       0x26 ./Drivers/STM32G4xx_HAL_Driver/Src/stm32g4xx_hal_adc_ex.o
 .text.LL_ADC_REG_IsConversionOngoing
                0x0000000008004000       0x26 ./Drivers/STM32G4xx_HAL_Driver/Src/stm32g4xx_hal_adc_ex.o
 *fill*         0x0000000008004026        0x2 
 .text.HAL_ADCEx_MultiModeConfigChannel
                0x0000000008004028      0x148 ./Drivers/STM32G4xx_HAL_Driver/Src/stm32g4xx_hal_adc_ex.o
                0x0000000008004028                HAL_ADCEx_MultiModeConfigChannel
 .text.__NVIC_SetPriorityGrouping
                0x0000000008004170       0x48 ./Drivers/STM32G4xx_HAL_Driver/Src/stm32g4xx_hal_cortex.o
 .text.__NVIC_GetPriorityGrouping
                0x00000000080041b8       0x1c ./Drivers/STM32G4xx_HAL_Driver/Src/stm32g4xx_hal_cortex.o
 .text.__NVIC_EnableIRQ
                0x00000000080041d4       0x3c ./Drivers/STM32G4xx_HAL_Driver/Src/stm32g4xx_hal_cortex.o
 .text.__NVIC_SetPriority
                0x0000000008004210       0x54 ./Drivers/STM32G4xx_HAL_Driver/Src/stm32g4xx_hal_cortex.o
 .text.NVIC_EncodePriority
                0x0000000008004264       0x66 ./Drivers/STM32G4xx_HAL_Driver/Src/stm32g4xx_hal_cortex.o
 *fill*         0x00000000080042ca        0x2 
 .text.SysTick_Config
                0x00000000080042cc       0x44 ./Drivers/STM32G4xx_HAL_Driver/Src/stm32g4xx_hal_cortex.o
 .text.HAL_NVIC_SetPriorityGrouping
                0x0000000008004310       0x16 ./Drivers/STM32G4xx_HAL_Driver/Src/stm32g4xx_hal_cortex.o
                0x0000000008004310                HAL_NVIC_SetPriorityGrouping
 .text.HAL_NVIC_SetPriority
                0x0000000008004326       0x34 ./Drivers/STM32G4xx_HAL_Driver/Src/stm32g4xx_hal_cortex.o
                0x0000000008004326                HAL_NVIC_SetPriority
 .text.HAL_NVIC_EnableIRQ
                0x000000000800435a       0x1c ./Drivers/STM32G4xx_HAL_Driver/Src/stm32g4xx_hal_cortex.o
                0x000000000800435a                HAL_NVIC_EnableIRQ
 .text.HAL_SYSTICK_Config
                0x0000000008004376       0x18 ./Drivers/STM32G4xx_HAL_Driver/Src/stm32g4xx_hal_cortex.o
                0x0000000008004376                HAL_SYSTICK_Config
 .text.HAL_DAC_Init
                0x000000000800438e       0x44 ./Drivers/STM32G4xx_HAL_Driver/Src/stm32g4xx_hal_dac.o
                0x000000000800438e                HAL_DAC_Init
 .text.HAL_DAC_Start
                0x00000000080043d2       0xa6 ./Drivers/STM32G4xx_HAL_Driver/Src/stm32g4xx_hal_dac.o
                0x00000000080043d2                HAL_DAC_Start
 .text.HAL_DAC_SetValue
                0x0000000008004478       0x50 ./Drivers/STM32G4xx_HAL_Driver/Src/stm32g4xx_hal_dac.o
                0x0000000008004478                HAL_DAC_SetValue
 .text.HAL_DAC_ConfigChannel
                0x00000000080044c8      0x350 ./Drivers/STM32G4xx_HAL_Driver/Src/stm32g4xx_hal_dac.o
                0x00000000080044c8                HAL_DAC_ConfigChannel
 .text.HAL_DMA_Init
                0x0000000008004818      0x150 ./Drivers/STM32G4xx_HAL_Driver/Src/stm32g4xx_hal_dma.o
                0x0000000008004818                HAL_DMA_Init
 .text.HAL_DMA_IRQHandler
                0x0000000008004968      0x15e ./Drivers/STM32G4xx_HAL_Driver/Src/stm32g4xx_hal_dma.o
                0x0000000008004968                HAL_DMA_IRQHandler
 *fill*         0x0000000008004ac6        0x2 
 .text.DMA_CalcDMAMUXChannelBaseAndMask
                0x0000000008004ac8       0x7c ./Drivers/STM32G4xx_HAL_Driver/Src/stm32g4xx_hal_dma.o
 .text.DMA_CalcDMAMUXRequestGenBaseAndMask
                0x0000000008004b44       0x48 ./Drivers/STM32G4xx_HAL_Driver/Src/stm32g4xx_hal_dma.o
 .text.HAL_FLASH_Lock
                0x0000000008004b8c       0x34 ./Drivers/STM32G4xx_HAL_Driver/Src/stm32g4xx_hal_flash.o
                0x0000000008004b8c                HAL_FLASH_Lock
 .text.HAL_GPIO_Init
                0x0000000008004bc0      0x304 ./Drivers/STM32G4xx_HAL_Driver/Src/stm32g4xx_hal_gpio.o
                0x0000000008004bc0                HAL_GPIO_Init
 .text.HAL_GPIO_ReadPin
                0x0000000008004ec4       0x30 ./Drivers/STM32G4xx_HAL_Driver/Src/stm32g4xx_hal_gpio.o
                0x0000000008004ec4                HAL_GPIO_ReadPin
 .text.HAL_GPIO_WritePin
                0x0000000008004ef4       0x30 ./Drivers/STM32G4xx_HAL_Driver/Src/stm32g4xx_hal_gpio.o
                0x0000000008004ef4                HAL_GPIO_WritePin
 .text.HAL_I2C_Init
                0x0000000008004f24      0x11e ./Drivers/STM32G4xx_HAL_Driver/Src/stm32g4xx_hal_i2c.o
                0x0000000008004f24                HAL_I2C_Init
 *fill*         0x0000000008005042        0x2 
 .text.HAL_I2C_Mem_Write
                0x0000000008005044      0x228 ./Drivers/STM32G4xx_HAL_Driver/Src/stm32g4xx_hal_i2c.o
                0x0000000008005044                HAL_I2C_Mem_Write
 .text.I2C_RequestMemoryWrite
                0x000000000800526c       0xa8 ./Drivers/STM32G4xx_HAL_Driver/Src/stm32g4xx_hal_i2c.o
 .text.I2C_Flush_TXDR
                0x0000000008005314       0x48 ./Drivers/STM32G4xx_HAL_Driver/Src/stm32g4xx_hal_i2c.o
 .text.I2C_WaitOnFlagUntilTimeout
                0x000000000800535c       0x80 ./Drivers/STM32G4xx_HAL_Driver/Src/stm32g4xx_hal_i2c.o
 .text.I2C_WaitOnTXISFlagUntilTimeout
                0x00000000080053dc       0x80 ./Drivers/STM32G4xx_HAL_Driver/Src/stm32g4xx_hal_i2c.o
 .text.I2C_WaitOnSTOPFlagUntilTimeout
                0x000000000800545c       0x78 ./Drivers/STM32G4xx_HAL_Driver/Src/stm32g4xx_hal_i2c.o
 .text.I2C_IsErrorOccurred
                0x00000000080054d4      0x1d8 ./Drivers/STM32G4xx_HAL_Driver/Src/stm32g4xx_hal_i2c.o
 .text.I2C_TransferConfig
                0x00000000080056ac       0x64 ./Drivers/STM32G4xx_HAL_Driver/Src/stm32g4xx_hal_i2c.o
 .text.HAL_I2CEx_ConfigAnalogFilter
                0x0000000008005710       0x96 ./Drivers/STM32G4xx_HAL_Driver/Src/stm32g4xx_hal_i2c_ex.o
                0x0000000008005710                HAL_I2CEx_ConfigAnalogFilter
 .text.HAL_I2CEx_ConfigDigitalFilter
                0x00000000080057a6       0x98 ./Drivers/STM32G4xx_HAL_Driver/Src/stm32g4xx_hal_i2c_ex.o
                0x00000000080057a6                HAL_I2CEx_ConfigDigitalFilter
 *fill*         0x000000000800583e        0x2 
 .text.HAL_PWR_ConfigPVD
                0x0000000008005840       0xc0 ./Drivers/STM32G4xx_HAL_Driver/Src/stm32g4xx_hal_pwr.o
                0x0000000008005840                HAL_PWR_ConfigPVD
 .text.HAL_PWR_EnablePVD
                0x0000000008005900       0x20 ./Drivers/STM32G4xx_HAL_Driver/Src/stm32g4xx_hal_pwr.o
                0x0000000008005900                HAL_PWR_EnablePVD
 .text.HAL_PWREx_ControlVoltageScaling
                0x0000000008005920      0x148 ./Drivers/STM32G4xx_HAL_Driver/Src/stm32g4xx_hal_pwr_ex.o
                0x0000000008005920                HAL_PWREx_ControlVoltageScaling
 .text.HAL_PWREx_DisableUCPDDeadBattery
                0x0000000008005a68       0x20 ./Drivers/STM32G4xx_HAL_Driver/Src/stm32g4xx_hal_pwr_ex.o
                0x0000000008005a68                HAL_PWREx_DisableUCPDDeadBattery
 .text.HAL_RCC_OscConfig
                0x0000000008005a88      0x630 ./Drivers/STM32G4xx_HAL_Driver/Src/stm32g4xx_hal_rcc.o
                0x0000000008005a88                HAL_RCC_OscConfig
 .text.HAL_RCC_ClockConfig
                0x00000000080060b8      0x278 ./Drivers/STM32G4xx_HAL_Driver/Src/stm32g4xx_hal_rcc.o
                0x00000000080060b8                HAL_RCC_ClockConfig
 .text.HAL_RCC_GetSysClockFreq
                0x0000000008006330       0xc4 ./Drivers/STM32G4xx_HAL_Driver/Src/stm32g4xx_hal_rcc.o
                0x0000000008006330                HAL_RCC_GetSysClockFreq
 .text.HAL_RCC_GetHCLKFreq
                0x00000000080063f4       0x18 ./Drivers/STM32G4xx_HAL_Driver/Src/stm32g4xx_hal_rcc.o
                0x00000000080063f4                HAL_RCC_GetHCLKFreq
 .text.RCC_GetSysClockFreqFromPLLSource
                0x000000000800640c       0x8c ./Drivers/STM32G4xx_HAL_Driver/Src/stm32g4xx_hal_rcc.o
 .text.HAL_RCCEx_PeriphCLKConfig
                0x0000000008006498      0x3e0 ./Drivers/STM32G4xx_HAL_Driver/Src/stm32g4xx_hal_rcc_ex.o
                0x0000000008006498                HAL_RCCEx_PeriphCLKConfig
 .text.HAL_RTC_Init
                0x0000000008006878       0xea ./Drivers/STM32G4xx_HAL_Driver/Src/stm32g4xx_hal_rtc.o
                0x0000000008006878                HAL_RTC_Init
 .text.HAL_RTC_SetTime
                0x0000000008006962      0x13a ./Drivers/STM32G4xx_HAL_Driver/Src/stm32g4xx_hal_rtc.o
                0x0000000008006962                HAL_RTC_SetTime
 .text.HAL_RTC_SetDate
                0x0000000008006a9c      0x10e ./Drivers/STM32G4xx_HAL_Driver/Src/stm32g4xx_hal_rtc.o
                0x0000000008006a9c                HAL_RTC_SetDate
 .text.HAL_RTC_WaitForSynchro
                0x0000000008006baa       0x4c ./Drivers/STM32G4xx_HAL_Driver/Src/stm32g4xx_hal_rtc.o
                0x0000000008006baa                HAL_RTC_WaitForSynchro
 .text.RTC_EnterInitMode
                0x0000000008006bf6       0x6c ./Drivers/STM32G4xx_HAL_Driver/Src/stm32g4xx_hal_rtc.o
                0x0000000008006bf6                RTC_EnterInitMode
 .text.RTC_ExitInitMode
                0x0000000008006c62       0x86 ./Drivers/STM32G4xx_HAL_Driver/Src/stm32g4xx_hal_rtc.o
                0x0000000008006c62                RTC_ExitInitMode
 .text.RTC_ByteToBcd2
                0x0000000008006ce8       0x40 ./Drivers/STM32G4xx_HAL_Driver/Src/stm32g4xx_hal_rtc.o
                0x0000000008006ce8                RTC_ByteToBcd2
 .text.HAL_TIM_Base_Init
                0x0000000008006d28       0xae ./Drivers/STM32G4xx_HAL_Driver/Src/stm32g4xx_hal_tim.o
                0x0000000008006d28                HAL_TIM_Base_Init
 .text.HAL_TIM_Encoder_Init
                0x0000000008006dd6      0x14c ./Drivers/STM32G4xx_HAL_Driver/Src/stm32g4xx_hal_tim.o
                0x0000000008006dd6                HAL_TIM_Encoder_Init
 .text.HAL_TIM_IRQHandler
                0x0000000008006f22      0x2fe ./Drivers/STM32G4xx_HAL_Driver/Src/stm32g4xx_hal_tim.o
                0x0000000008006f22                HAL_TIM_IRQHandler
 .text.HAL_TIM_ConfigClockSource
                0x0000000008007220      0x1f4 ./Drivers/STM32G4xx_HAL_Driver/Src/stm32g4xx_hal_tim.o
                0x0000000008007220                HAL_TIM_ConfigClockSource
 .text.HAL_TIM_PeriodElapsedCallback
                0x0000000008007414       0x14 ./Drivers/STM32G4xx_HAL_Driver/Src/stm32g4xx_hal_tim.o
                0x0000000008007414                HAL_TIM_PeriodElapsedCallback
 .text.HAL_TIM_OC_DelayElapsedCallback
                0x0000000008007428       0x14 ./Drivers/STM32G4xx_HAL_Driver/Src/stm32g4xx_hal_tim.o
                0x0000000008007428                HAL_TIM_OC_DelayElapsedCallback
 .text.HAL_TIM_IC_CaptureCallback
                0x000000000800743c       0x14 ./Drivers/STM32G4xx_HAL_Driver/Src/stm32g4xx_hal_tim.o
                0x000000000800743c                HAL_TIM_IC_CaptureCallback
 .text.HAL_TIM_PWM_PulseFinishedCallback
                0x0000000008007450       0x14 ./Drivers/STM32G4xx_HAL_Driver/Src/stm32g4xx_hal_tim.o
                0x0000000008007450                HAL_TIM_PWM_PulseFinishedCallback
 .text.HAL_TIM_TriggerCallback
                0x0000000008007464       0x14 ./Drivers/STM32G4xx_HAL_Driver/Src/stm32g4xx_hal_tim.o
                0x0000000008007464                HAL_TIM_TriggerCallback
 .text.TIM_Base_SetConfig
                0x0000000008007478      0x120 ./Drivers/STM32G4xx_HAL_Driver/Src/stm32g4xx_hal_tim.o
                0x0000000008007478                TIM_Base_SetConfig
 .text.TIM_TI1_ConfigInputStage
                0x0000000008007598       0x5e ./Drivers/STM32G4xx_HAL_Driver/Src/stm32g4xx_hal_tim.o
 .text.TIM_TI2_ConfigInputStage
                0x00000000080075f6       0x60 ./Drivers/STM32G4xx_HAL_Driver/Src/stm32g4xx_hal_tim.o
 .text.TIM_ITRx_SetConfig
                0x0000000008007656       0x3a ./Drivers/STM32G4xx_HAL_Driver/Src/stm32g4xx_hal_tim.o
 .text.TIM_ETR_SetConfig
                0x0000000008007690       0x40 ./Drivers/STM32G4xx_HAL_Driver/Src/stm32g4xx_hal_tim.o
                0x0000000008007690                TIM_ETR_SetConfig
 .text.HAL_TIMEx_MasterConfigSynchronization
                0x00000000080076d0      0x104 ./Drivers/STM32G4xx_HAL_Driver/Src/stm32g4xx_hal_tim_ex.o
                0x00000000080076d0                HAL_TIMEx_MasterConfigSynchronization
 .text.HAL_TIMEx_CommutCallback
                0x00000000080077d4       0x14 ./Drivers/STM32G4xx_HAL_Driver/Src/stm32g4xx_hal_tim_ex.o
                0x00000000080077d4                HAL_TIMEx_CommutCallback
 .text.HAL_TIMEx_BreakCallback
                0x00000000080077e8       0x14 ./Drivers/STM32G4xx_HAL_Driver/Src/stm32g4xx_hal_tim_ex.o
                0x00000000080077e8                HAL_TIMEx_BreakCallback
 .text.HAL_TIMEx_Break2Callback
                0x00000000080077fc       0x14 ./Drivers/STM32G4xx_HAL_Driver/Src/stm32g4xx_hal_tim_ex.o
                0x00000000080077fc                HAL_TIMEx_Break2Callback
 .text.HAL_TIMEx_EncoderIndexCallback
                0x0000000008007810       0x14 ./Drivers/STM32G4xx_HAL_Driver/Src/stm32g4xx_hal_tim_ex.o
                0x0000000008007810                HAL_TIMEx_EncoderIndexCallback
 .text.HAL_TIMEx_DirectionChangeCallback
                0x0000000008007824       0x14 ./Drivers/STM32G4xx_HAL_Driver/Src/stm32g4xx_hal_tim_ex.o
                0x0000000008007824                HAL_TIMEx_DirectionChangeCallback
 .text.HAL_TIMEx_IndexErrorCallback
                0x0000000008007838       0x14 ./Drivers/STM32G4xx_HAL_Driver/Src/stm32g4xx_hal_tim_ex.o
                0x0000000008007838                HAL_TIMEx_IndexErrorCallback
 .text.HAL_TIMEx_TransitionErrorCallback
                0x000000000800784c       0x14 ./Drivers/STM32G4xx_HAL_Driver/Src/stm32g4xx_hal_tim_ex.o
                0x000000000800784c                HAL_TIMEx_TransitionErrorCallback
 .text.__libc_init_array
                0x0000000008007860       0x48 /opt/st/stm32cubeide_1.12.0/plugins/com.st.stm32cube.ide.mcu.externaltools.gnu-tools-for-stm32.10.3-2021.10.linux64_1.0.200.202301161003/tools/bin/../lib/gcc/arm-none-eabi/10.3.1/../../../../arm-none-eabi/lib/thumb/v7e-m+fp/hard/libc_nano.a(lib_a-init.o)
                0x0000000008007860                __libc_init_array
 .text.__itoa   0x00000000080078a8       0x30 /opt/st/stm32cubeide_1.12.0/plugins/com.st.stm32cube.ide.mcu.externaltools.gnu-tools-for-stm32.10.3-2021.10.linux64_1.0.200.202301161003/tools/bin/../lib/gcc/arm-none-eabi/10.3.1/../../../../arm-none-eabi/lib/thumb/v7e-m+fp/hard/libc_nano.a(lib_a-itoa.o)
                0x00000000080078a8                __itoa
 .text.itoa     0x00000000080078d8        0x4 /opt/st/stm32cubeide_1.12.0/plugins/com.st.stm32cube.ide.mcu.externaltools.gnu-tools-for-stm32.10.3-2021.10.linux64_1.0.200.202301161003/tools/bin/../lib/gcc/arm-none-eabi/10.3.1/../../../../arm-none-eabi/lib/thumb/v7e-m+fp/hard/libc_nano.a(lib_a-itoa.o)
                0x00000000080078d8                itoa
 .text.memset   0x00000000080078dc       0x10 /opt/st/stm32cubeide_1.12.0/plugins/com.st.stm32cube.ide.mcu.externaltools.gnu-tools-for-stm32.10.3-2021.10.linux64_1.0.200.202301161003/tools/bin/../lib/gcc/arm-none-eabi/10.3.1/../../../../arm-none-eabi/lib/thumb/v7e-m+fp/hard/libc_nano.a(lib_a-memset.o)
                0x00000000080078dc                memset
 .text.__utoa   0x00000000080078ec       0x84 /opt/st/stm32cubeide_1.12.0/plugins/com.st.stm32cube.ide.mcu.externaltools.gnu-tools-for-stm32.10.3-2021.10.linux64_1.0.200.202301161003/tools/bin/../lib/gcc/arm-none-eabi/10.3.1/../../../../arm-none-eabi/lib/thumb/v7e-m+fp/hard/libc_nano.a(lib_a-utoa.o)
                0x00000000080078ec                __utoa
 *(.glue_7)
 .glue_7        0x0000000008007970        0x0 linker stubs
 *(.glue_7t)
 .glue_7t       0x0000000008007970        0x0 linker stubs
 *(.eh_frame)
 .eh_frame      0x0000000008007970        0x0 /opt/st/stm32cubeide_1.12.0/plugins/com.st.stm32cube.ide.mcu.externaltools.gnu-tools-for-stm32.10.3-2021.10.linux64_1.0.200.202301161003/tools/bin/../lib/gcc/arm-none-eabi/10.3.1/thumb/v7e-m+fp/hard/crtbegin.o
 *(.init)
 .init          0x0000000008007970        0x4 /opt/st/stm32cubeide_1.12.0/plugins/com.st.stm32cube.ide.mcu.externaltools.gnu-tools-for-stm32.10.3-2021.10.linux64_1.0.200.202301161003/tools/bin/../lib/gcc/arm-none-eabi/10.3.1/thumb/v7e-m+fp/hard/crti.o
                0x0000000008007970                _init
 .init          0x0000000008007974        0x8 /opt/st/stm32cubeide_1.12.0/plugins/com.st.stm32cube.ide.mcu.externaltools.gnu-tools-for-stm32.10.3-2021.10.linux64_1.0.200.202301161003/tools/bin/../lib/gcc/arm-none-eabi/10.3.1/thumb/v7e-m+fp/hard/crtn.o
 *(.fini)
 .fini          0x000000000800797c        0x4 /opt/st/stm32cubeide_1.12.0/plugins/com.st.stm32cube.ide.mcu.externaltools.gnu-tools-for-stm32.10.3-2021.10.linux64_1.0.200.202301161003/tools/bin/../lib/gcc/arm-none-eabi/10.3.1/thumb/v7e-m+fp/hard/crti.o
                0x000000000800797c                _fini
 .fini          0x0000000008007980        0x8 /opt/st/stm32cubeide_1.12.0/plugins/com.st.stm32cube.ide.mcu.externaltools.gnu-tools-for-stm32.10.3-2021.10.linux64_1.0.200.202301161003/tools/bin/../lib/gcc/arm-none-eabi/10.3.1/thumb/v7e-m+fp/hard/crtn.o
                0x0000000008007988                . = ALIGN (0x4)
                0x0000000008007988                _etext = .

.vfp11_veneer   0x0000000008007988        0x0
 .vfp11_veneer  0x0000000008007988        0x0 linker stubs

.v4_bx          0x0000000008007988        0x0
 .v4_bx         0x0000000008007988        0x0 linker stubs

.iplt           0x0000000008007988        0x0
 .iplt          0x0000000008007988        0x0 /opt/st/stm32cubeide_1.12.0/plugins/com.st.stm32cube.ide.mcu.externaltools.gnu-tools-for-stm32.10.3-2021.10.linux64_1.0.200.202301161003/tools/bin/../lib/gcc/arm-none-eabi/10.3.1/thumb/v7e-m+fp/hard/crtbegin.o

.rodata         0x0000000008007988     0x1d38
                0x0000000008007988                . = ALIGN (0x4)
 *(.rodata)
 .rodata        0x0000000008007988      0x3ba ./Core/Src/main.o
 *fill*         0x0000000008007d42        0x2 
 .rodata        0x0000000008007d44        0x6 ./Core/Src/stm32g4xx_it.o
 *(.rodata*)
 *fill*         0x0000000008007d4a        0x2 
 .rodata.AHBPrescTable
                0x0000000008007d4c       0x10 ./Core/Src/system_stm32g4xx.o
                0x0000000008007d4c                AHBPrescTable
 .rodata.Font7x10
                0x0000000008007d5c      0x76c ./Drivers/SSD1306_driver/ssd1306_fonts.o
 .rodata.Font16x24
                0x00000000080084c8     0x11d0 ./Drivers/SSD1306_driver/ssd1306_fonts.o
 .rodata.__utoa.str1.1
                0x0000000008009698       0x25 /opt/st/stm32cubeide_1.12.0/plugins/com.st.stm32cube.ide.mcu.externaltools.gnu-tools-for-stm32.10.3-2021.10.linux64_1.0.200.202301161003/tools/bin/../lib/gcc/arm-none-eabi/10.3.1/../../../../arm-none-eabi/lib/thumb/v7e-m+fp/hard/libc_nano.a(lib_a-utoa.o)
                0x00000000080096c0                . = ALIGN (0x4)
 *fill*         0x00000000080096bd        0x3 

.rel.dyn        0x00000000080096c0        0x0
 .rel.iplt      0x00000000080096c0        0x0 /opt/st/stm32cubeide_1.12.0/plugins/com.st.stm32cube.ide.mcu.externaltools.gnu-tools-for-stm32.10.3-2021.10.linux64_1.0.200.202301161003/tools/bin/../lib/gcc/arm-none-eabi/10.3.1/thumb/v7e-m+fp/hard/crtbegin.o

.ARM.extab      0x00000000080096c0        0x0
                0x00000000080096c0                . = ALIGN (0x4)
 *(.ARM.extab* .gnu.linkonce.armextab.*)
                0x00000000080096c0                . = ALIGN (0x4)

.ARM            0x00000000080096c0        0x0
                0x00000000080096c0                . = ALIGN (0x4)
                0x00000000080096c0                __exidx_start = .
 *(.ARM.exidx*)
                0x00000000080096c0                __exidx_end = .
                0x00000000080096c0                . = ALIGN (0x4)

.preinit_array  0x00000000080096c0        0x0
                0x00000000080096c0                . = ALIGN (0x4)
                0x00000000080096c0                PROVIDE (__preinit_array_start = .)
 *(.preinit_array*)
                0x00000000080096c0                PROVIDE (__preinit_array_end = .)
                0x00000000080096c0                . = ALIGN (0x4)

.init_array     0x00000000080096c0        0x4
                0x00000000080096c0                . = ALIGN (0x4)
                0x00000000080096c0                PROVIDE (__init_array_start = .)
 *(SORT_BY_NAME(.init_array.*))
 *(.init_array*)
 .init_array    0x00000000080096c0        0x4 /opt/st/stm32cubeide_1.12.0/plugins/com.st.stm32cube.ide.mcu.externaltools.gnu-tools-for-stm32.10.3-2021.10.linux64_1.0.200.202301161003/tools/bin/../lib/gcc/arm-none-eabi/10.3.1/thumb/v7e-m+fp/hard/crtbegin.o
                0x00000000080096c4                PROVIDE (__init_array_end = .)
                0x00000000080096c4                . = ALIGN (0x4)

.fini_array     0x00000000080096c4        0x4
                0x00000000080096c4                . = ALIGN (0x4)
                [!provide]                        PROVIDE (__fini_array_start = .)
 *(SORT_BY_NAME(.fini_array.*))
 *(.fini_array*)
 .fini_array    0x00000000080096c4        0x4 /opt/st/stm32cubeide_1.12.0/plugins/com.st.stm32cube.ide.mcu.externaltools.gnu-tools-for-stm32.10.3-2021.10.linux64_1.0.200.202301161003/tools/bin/../lib/gcc/arm-none-eabi/10.3.1/thumb/v7e-m+fp/hard/crtbegin.o
                [!provide]                        PROVIDE (__fini_array_end = .)
                0x00000000080096c8                . = ALIGN (0x4)
                0x00000000080096c8                _sidata = LOADADDR (.data)

.data           0x0000000020000000       0x20 load address 0x00000000080096c8
                0x0000000020000000                . = ALIGN (0x4)
                0x0000000020000000                _sdata = .
 *(.data)
 *(.data*)
 .data.offset_A0
                0x0000000020000000        0x4 ./Core/Src/main.o
                0x0000000020000000                offset_A0
 .data.SystemCoreClock
                0x0000000020000004        0x4 ./Core/Src/system_stm32g4xx.o
                0x0000000020000004                SystemCoreClock
 .data.Font_7x10
                0x0000000020000008        0x8 ./Drivers/SSD1306_driver/ssd1306_fonts.o
                0x0000000020000008                Font_7x10
 .data.Font_16x24
                0x0000000020000010        0x8 ./Drivers/SSD1306_driver/ssd1306_fonts.o
                0x0000000020000010                Font_16x24
 .data.uwTickPrio
                0x0000000020000018        0x4 ./Drivers/STM32G4xx_HAL_Driver/Src/stm32g4xx_hal.o
                0x0000000020000018                uwTickPrio
 .data.uwTickFreq
                0x000000002000001c        0x4 ./Drivers/STM32G4xx_HAL_Driver/Src/stm32g4xx_hal.o
                0x000000002000001c                uwTickFreq
 *(.RamFunc)
 *(.RamFunc*)
                0x0000000020000020                . = ALIGN (0x4)
                0x0000000020000020                _edata = .

.igot.plt       0x0000000020000020        0x0 load address 0x00000000080096e8
 .igot.plt      0x0000000020000020        0x0 /opt/st/stm32cubeide_1.12.0/plugins/com.st.stm32cube.ide.mcu.externaltools.gnu-tools-for-stm32.10.3-2021.10.linux64_1.0.200.202301161003/tools/bin/../lib/gcc/arm-none-eabi/10.3.1/thumb/v7e-m+fp/hard/crtbegin.o
                0x0000000020000020                . = ALIGN (0x4)

.bss            0x0000000020000020      0x6e8 load address 0x00000000080096e8
                0x0000000020000020                _sbss = .
                0x0000000020000020                __bss_start__ = _sbss
 *(.bss)
 .bss           0x0000000020000020       0x1c /opt/st/stm32cubeide_1.12.0/plugins/com.st.stm32cube.ide.mcu.externaltools.gnu-tools-for-stm32.10.3-2021.10.linux64_1.0.200.202301161003/tools/bin/../lib/gcc/arm-none-eabi/10.3.1/thumb/v7e-m+fp/hard/crtbegin.o
 *(.bss*)
 .bss.hadc1     0x000000002000003c       0x6c ./Core/Src/main.o
                0x000000002000003c                hadc1
 .bss.hdma_adc1
                0x00000000200000a8       0x60 ./Core/Src/main.o
                0x00000000200000a8                hdma_adc1
 .bss.hdac1     0x0000000020000108       0x14 ./Core/Src/main.o
                0x0000000020000108                hdac1
 .bss.hi2c2     0x000000002000011c       0x4c ./Core/Src/main.o
                0x000000002000011c                hi2c2
 .bss.hrtc      0x0000000020000168       0x28 ./Core/Src/main.o
                0x0000000020000168                hrtc
 .bss.htim1     0x0000000020000190       0x4c ./Core/Src/main.o
                0x0000000020000190                htim1
 .bss.htim2     0x00000000200001dc       0x4c ./Core/Src/main.o
                0x00000000200001dc                htim2
 .bss.htim3     0x0000000020000228       0x4c ./Core/Src/main.o
                0x0000000020000228                htim3
 .bss.htim4     0x0000000020000274       0x4c ./Core/Src/main.o
                0x0000000020000274                htim4
 .bss.offset_AI_1
                0x00000000200002c0        0x4 ./Core/Src/main.o
                0x00000000200002c0                offset_AI_1
 .bss.offset_AI_2
                0x00000000200002c4        0x4 ./Core/Src/main.o
                0x00000000200002c4                offset_AI_2
 .bss.offset_AI_3
                0x00000000200002c8        0x4 ./Core/Src/main.o
                0x00000000200002c8                offset_AI_3
 .bss.kp        0x00000000200002cc        0x4 ./Core/Src/main.o
                0x00000000200002cc                kp
 .bss.ki        0x00000000200002d0        0x4 ./Core/Src/main.o
                0x00000000200002d0                ki
 .bss.kd        0x00000000200002d4        0x4 ./Core/Src/main.o
                0x00000000200002d4                kd
 .bss.tiempo_lazo
                0x00000000200002d8        0x4 ./Core/Src/main.o
                0x00000000200002d8                tiempo_lazo
 .bss.td        0x00000000200002dc        0x4 ./Core/Src/main.o
                0x00000000200002dc                td
 .bss.ti        0x00000000200002e0        0x4 ./Core/Src/main.o
                0x00000000200002e0                ti
 .bss.salida_unipolar
                0x00000000200002e4        0x1 ./Core/Src/main.o
                0x00000000200002e4                salida_unipolar
 .bss.pid_salida_inv
                0x00000000200002e5        0x1 ./Core/Src/main.o
                0x00000000200002e5                pid_salida_inv
 .bss.sumar_pid_con_referencia
                0x00000000200002e6        0x1 ./Core/Src/main.o
                0x00000000200002e6                sumar_pid_con_referencia
 *fill*         0x00000000200002e7        0x1 
 .bss.kpi_abierto
                0x00000000200002e8        0x4 ./Core/Src/main.o
                0x00000000200002e8                kpi_abierto
 .bss.pid_positivo
                0x00000000200002ec        0x4 ./Core/Src/main.o
                0x00000000200002ec                pid_positivo
 .bss.pid_negativo
                0x00000000200002f0        0x4 ./Core/Src/main.o
                0x00000000200002f0                pid_negativo
 .bss.limite_analogica_positiva
                0x00000000200002f4        0x4 ./Core/Src/main.o
                0x00000000200002f4                limite_analogica_positiva
 .bss.limite_analogica_negativa
                0x00000000200002f8        0x4 ./Core/Src/main.o
                0x00000000200002f8                limite_analogica_negativa
 .bss.SSD1306_Buffer
                0x00000000200002fc      0x400 ./Drivers/SSD1306_driver/ssd1306.o
 .bss.SSD1306   0x00000000200006fc        0x6 ./Drivers/SSD1306_driver/ssd1306.o
 *fill*         0x0000000020000702        0x2 
 .bss.uwTick    0x0000000020000704        0x4 ./Drivers/STM32G4xx_HAL_Driver/Src/stm32g4xx_hal.o
                0x0000000020000704                uwTick
 *(COMMON)
                0x0000000020000708                . = ALIGN (0x4)
                0x0000000020000708                _ebss = .
                0x0000000020000708                __bss_end__ = _ebss

._user_heap_stack
                0x0000000020000708      0x600 load address 0x00000000080096e8
                0x0000000020000708                . = ALIGN (0x8)
                [!provide]                        PROVIDE (end = .)
                0x0000000020000708                PROVIDE (_end = .)
                0x0000000020000908                . = (. + _Min_Heap_Size)
 *fill*         0x0000000020000708      0x200 
                0x0000000020000d08                . = (. + _Min_Stack_Size)
 *fill*         0x0000000020000908      0x400 
                0x0000000020000d08                . = ALIGN (0x8)

/DISCARD/
 libc.a(*)
 libm.a(*)
 libgcc.a(*)

.ARM.attributes
                0x0000000000000000       0x30
 *(.ARM.attributes)
 .ARM.attributes
                0x0000000000000000       0x1e /opt/st/stm32cubeide_1.12.0/plugins/com.st.stm32cube.ide.mcu.externaltools.gnu-tools-for-stm32.10.3-2021.10.linux64_1.0.200.202301161003/tools/bin/../lib/gcc/arm-none-eabi/10.3.1/thumb/v7e-m+fp/hard/crti.o
 .ARM.attributes
                0x000000000000001e       0x34 /opt/st/stm32cubeide_1.12.0/plugins/com.st.stm32cube.ide.mcu.externaltools.gnu-tools-for-stm32.10.3-2021.10.linux64_1.0.200.202301161003/tools/bin/../lib/gcc/arm-none-eabi/10.3.1/thumb/v7e-m+fp/hard/crtbegin.o
 .ARM.attributes
                0x0000000000000052       0x34 ./Core/Src/main.o
 .ARM.attributes
                0x0000000000000086       0x34 ./Core/Src/stm32g4xx_hal_msp.o
 .ARM.attributes
                0x00000000000000ba       0x34 ./Core/Src/stm32g4xx_it.o
 .ARM.attributes
                0x00000000000000ee       0x34 ./Core/Src/system_stm32g4xx.o
 .ARM.attributes
                0x0000000000000122       0x21 ./Core/Startup/startup_stm32g431kbtx.o
 .ARM.attributes
                0x0000000000000143       0x34 ./Drivers/SSD1306_driver/ssd1306.o
 .ARM.attributes
                0x0000000000000177       0x34 ./Drivers/SSD1306_driver/ssd1306_fonts.o
 .ARM.attributes
                0x00000000000001ab       0x34 ./Drivers/STM32G4xx_HAL_Driver/Src/stm32g4xx_hal.o
 .ARM.attributes
                0x00000000000001df       0x34 ./Drivers/STM32G4xx_HAL_Driver/Src/stm32g4xx_hal_adc.o
 .ARM.attributes
                0x0000000000000213       0x34 ./Drivers/STM32G4xx_HAL_Driver/Src/stm32g4xx_hal_adc_ex.o
 .ARM.attributes
                0x0000000000000247       0x34 ./Drivers/STM32G4xx_HAL_Driver/Src/stm32g4xx_hal_cortex.o
 .ARM.attributes
                0x000000000000027b       0x34 ./Drivers/STM32G4xx_HAL_Driver/Src/stm32g4xx_hal_dac.o
 .ARM.attributes
                0x00000000000002af       0x34 ./Drivers/STM32G4xx_HAL_Driver/Src/stm32g4xx_hal_dma.o
 .ARM.attributes
                0x00000000000002e3       0x34 ./Drivers/STM32G4xx_HAL_Driver/Src/stm32g4xx_hal_flash.o
 .ARM.attributes
                0x0000000000000317       0x34 ./Drivers/STM32G4xx_HAL_Driver/Src/stm32g4xx_hal_gpio.o
 .ARM.attributes
                0x000000000000034b       0x34 ./Drivers/STM32G4xx_HAL_Driver/Src/stm32g4xx_hal_i2c.o
 .ARM.attributes
                0x000000000000037f       0x34 ./Drivers/STM32G4xx_HAL_Driver/Src/stm32g4xx_hal_i2c_ex.o
 .ARM.attributes
                0x00000000000003b3       0x34 ./Drivers/STM32G4xx_HAL_Driver/Src/stm32g4xx_hal_pwr.o
 .ARM.attributes
                0x00000000000003e7       0x34 ./Drivers/STM32G4xx_HAL_Driver/Src/stm32g4xx_hal_pwr_ex.o
 .ARM.attributes
                0x000000000000041b       0x34 ./Drivers/STM32G4xx_HAL_Driver/Src/stm32g4xx_hal_rcc.o
 .ARM.attributes
                0x000000000000044f       0x34 ./Drivers/STM32G4xx_HAL_Driver/Src/stm32g4xx_hal_rcc_ex.o
 .ARM.attributes
                0x0000000000000483       0x34 ./Drivers/STM32G4xx_HAL_Driver/Src/stm32g4xx_hal_rtc.o
 .ARM.attributes
                0x00000000000004b7       0x34 ./Drivers/STM32G4xx_HAL_Driver/Src/stm32g4xx_hal_tim.o
 .ARM.attributes
                0x00000000000004eb       0x34 ./Drivers/STM32G4xx_HAL_Driver/Src/stm32g4xx_hal_tim_ex.o
 .ARM.attributes
                0x000000000000051f       0x34 /opt/st/stm32cubeide_1.12.0/plugins/com.st.stm32cube.ide.mcu.externaltools.gnu-tools-for-stm32.10.3-2021.10.linux64_1.0.200.202301161003/tools/bin/../lib/gcc/arm-none-eabi/10.3.1/../../../../arm-none-eabi/lib/thumb/v7e-m+fp/hard/libc_nano.a(lib_a-init.o)
 .ARM.attributes
                0x0000000000000553       0x34 /opt/st/stm32cubeide_1.12.0/plugins/com.st.stm32cube.ide.mcu.externaltools.gnu-tools-for-stm32.10.3-2021.10.linux64_1.0.200.202301161003/tools/bin/../lib/gcc/arm-none-eabi/10.3.1/../../../../arm-none-eabi/lib/thumb/v7e-m+fp/hard/libc_nano.a(lib_a-itoa.o)
 .ARM.attributes
                0x0000000000000587       0x34 /opt/st/stm32cubeide_1.12.0/plugins/com.st.stm32cube.ide.mcu.externaltools.gnu-tools-for-stm32.10.3-2021.10.linux64_1.0.200.202301161003/tools/bin/../lib/gcc/arm-none-eabi/10.3.1/../../../../arm-none-eabi/lib/thumb/v7e-m+fp/hard/libc_nano.a(lib_a-memset.o)
 .ARM.attributes
                0x00000000000005bb       0x34 /opt/st/stm32cubeide_1.12.0/plugins/com.st.stm32cube.ide.mcu.externaltools.gnu-tools-for-stm32.10.3-2021.10.linux64_1.0.200.202301161003/tools/bin/../lib/gcc/arm-none-eabi/10.3.1/../../../../arm-none-eabi/lib/thumb/v7e-m+fp/hard/libc_nano.a(lib_a-utoa.o)
 .ARM.attributes
                0x00000000000005ef       0x1e /opt/st/stm32cubeide_1.12.0/plugins/com.st.stm32cube.ide.mcu.externaltools.gnu-tools-for-stm32.10.3-2021.10.linux64_1.0.200.202301161003/tools/bin/../lib/gcc/arm-none-eabi/10.3.1/thumb/v7e-m+fp/hard/crtn.o
OUTPUT(PID VERSION 3B.elf elf32-littlearm)
LOAD linker stubs
LOAD /opt/st/stm32cubeide_1.12.0/plugins/com.st.stm32cube.ide.mcu.externaltools.gnu-tools-for-stm32.10.3-2021.10.linux64_1.0.200.202301161003/tools/bin/../lib/gcc/arm-none-eabi/10.3.1/../../../../arm-none-eabi/lib/thumb/v7e-m+fp/hard/libc.a
LOAD /opt/st/stm32cubeide_1.12.0/plugins/com.st.stm32cube.ide.mcu.externaltools.gnu-tools-for-stm32.10.3-2021.10.linux64_1.0.200.202301161003/tools/bin/../lib/gcc/arm-none-eabi/10.3.1/../../../../arm-none-eabi/lib/thumb/v7e-m+fp/hard/libm.a
LOAD /opt/st/stm32cubeide_1.12.0/plugins/com.st.stm32cube.ide.mcu.externaltools.gnu-tools-for-stm32.10.3-2021.10.linux64_1.0.200.202301161003/tools/bin/../lib/gcc/arm-none-eabi/10.3.1/thumb/v7e-m+fp/hard/libgcc.a

.debug_info     0x0000000000000000    0x1ab39
 .debug_info    0x0000000000000000     0x31a2 ./Core/Src/main.o
 .debug_info    0x00000000000031a2     0x1fc9 ./Core/Src/stm32g4xx_hal_msp.o
 .debug_info    0x000000000000516b      0xa29 ./Core/Src/stm32g4xx_it.o
 .debug_info    0x0000000000005b94      0x59f ./Core/Src/system_stm32g4xx.o
 .debug_info    0x0000000000006133       0x22 ./Core/Startup/startup_stm32g431kbtx.o
 .debug_info    0x0000000000006155     0x13a4 ./Drivers/SSD1306_driver/ssd1306.o
 .debug_info    0x00000000000074f9      0x236 ./Drivers/SSD1306_driver/ssd1306_fonts.o
 .debug_info    0x000000000000772f      0xae3 ./Drivers/STM32G4xx_HAL_Driver/Src/stm32g4xx_hal.o
 .debug_info    0x0000000000008212     0x213e ./Drivers/STM32G4xx_HAL_Driver/Src/stm32g4xx_hal_adc.o
 .debug_info    0x000000000000a350     0x1e4b ./Drivers/STM32G4xx_HAL_Driver/Src/stm32g4xx_hal_adc_ex.o
 .debug_info    0x000000000000c19b      0xdc4 ./Drivers/STM32G4xx_HAL_Driver/Src/stm32g4xx_hal_cortex.o
 .debug_info    0x000000000000cf5f      0xd17 ./Drivers/STM32G4xx_HAL_Driver/Src/stm32g4xx_hal_dac.o
 .debug_info    0x000000000000dc76      0x8ee ./Drivers/STM32G4xx_HAL_Driver/Src/stm32g4xx_hal_dma.o
 .debug_info    0x000000000000e564      0x72f ./Drivers/STM32G4xx_HAL_Driver/Src/stm32g4xx_hal_flash.o
 .debug_info    0x000000000000ec93      0x82f ./Drivers/STM32G4xx_HAL_Driver/Src/stm32g4xx_hal_gpio.o
 .debug_info    0x000000000000f4c2     0x22ea ./Drivers/STM32G4xx_HAL_Driver/Src/stm32g4xx_hal_i2c.o
 .debug_info    0x00000000000117ac      0xb61 ./Drivers/STM32G4xx_HAL_Driver/Src/stm32g4xx_hal_i2c_ex.o
 .debug_info    0x000000000001230d      0x961 ./Drivers/STM32G4xx_HAL_Driver/Src/stm32g4xx_hal_pwr.o
 .debug_info    0x0000000000012c6e      0x983 ./Drivers/STM32G4xx_HAL_Driver/Src/stm32g4xx_hal_pwr_ex.o
 .debug_info    0x00000000000135f1      0xc53 ./Drivers/STM32G4xx_HAL_Driver/Src/stm32g4xx_hal_rcc.o
 .debug_info    0x0000000000014244      0xcfe ./Drivers/STM32G4xx_HAL_Driver/Src/stm32g4xx_hal_rcc_ex.o
 .debug_info    0x0000000000014f42      0xe8a ./Drivers/STM32G4xx_HAL_Driver/Src/stm32g4xx_hal_rtc.o
 .debug_info    0x0000000000015dcc     0x2e83 ./Drivers/STM32G4xx_HAL_Driver/Src/stm32g4xx_hal_tim.o
 .debug_info    0x0000000000018c4f     0x1eea ./Drivers/STM32G4xx_HAL_Driver/Src/stm32g4xx_hal_tim_ex.o

.debug_abbrev   0x0000000000000000     0x358c
 .debug_abbrev  0x0000000000000000      0x3f6 ./Core/Src/main.o
 .debug_abbrev  0x00000000000003f6      0x296 ./Core/Src/stm32g4xx_hal_msp.o
 .debug_abbrev  0x000000000000068c      0x1fb ./Core/Src/stm32g4xx_it.o
 .debug_abbrev  0x0000000000000887      0x116 ./Core/Src/system_stm32g4xx.o
 .debug_abbrev  0x000000000000099d       0x12 ./Core/Startup/startup_stm32g431kbtx.o
 .debug_abbrev  0x00000000000009af      0x35a ./Drivers/SSD1306_driver/ssd1306.o
 .debug_abbrev  0x0000000000000d09       0xbe ./Drivers/SSD1306_driver/ssd1306_fonts.o
 .debug_abbrev  0x0000000000000dc7      0x269 ./Drivers/STM32G4xx_HAL_Driver/Src/stm32g4xx_hal.o
 .debug_abbrev  0x0000000000001030      0x2bf ./Drivers/STM32G4xx_HAL_Driver/Src/stm32g4xx_hal_adc.o
 .debug_abbrev  0x00000000000012ef      0x2da ./Drivers/STM32G4xx_HAL_Driver/Src/stm32g4xx_hal_adc_ex.o
 .debug_abbrev  0x00000000000015c9      0x30d ./Drivers/STM32G4xx_HAL_Driver/Src/stm32g4xx_hal_cortex.o
 .debug_abbrev  0x00000000000018d6      0x206 ./Drivers/STM32G4xx_HAL_Driver/Src/stm32g4xx_hal_dac.o
 .debug_abbrev  0x0000000000001adc      0x1d7 ./Drivers/STM32G4xx_HAL_Driver/Src/stm32g4xx_hal_dma.o
 .debug_abbrev  0x0000000000001cb3      0x317 ./Drivers/STM32G4xx_HAL_Driver/Src/stm32g4xx_hal_flash.o
 .debug_abbrev  0x0000000000001fca      0x1bb ./Drivers/STM32G4xx_HAL_Driver/Src/stm32g4xx_hal_gpio.o
 .debug_abbrev  0x0000000000002185      0x243 ./Drivers/STM32G4xx_HAL_Driver/Src/stm32g4xx_hal_i2c.o
 .debug_abbrev  0x00000000000023c8      0x1b0 ./Drivers/STM32G4xx_HAL_Driver/Src/stm32g4xx_hal_i2c_ex.o
 .debug_abbrev  0x0000000000002578      0x1c0 ./Drivers/STM32G4xx_HAL_Driver/Src/stm32g4xx_hal_pwr.o
 .debug_abbrev  0x0000000000002738      0x229 ./Drivers/STM32G4xx_HAL_Driver/Src/stm32g4xx_hal_pwr_ex.o
 .debug_abbrev  0x0000000000002961      0x2bd ./Drivers/STM32G4xx_HAL_Driver/Src/stm32g4xx_hal_rcc.o
 .debug_abbrev  0x0000000000002c1e      0x247 ./Drivers/STM32G4xx_HAL_Driver/Src/stm32g4xx_hal_rcc_ex.o
 .debug_abbrev  0x0000000000002e65      0x1ee ./Drivers/STM32G4xx_HAL_Driver/Src/stm32g4xx_hal_rtc.o
 .debug_abbrev  0x0000000000003053      0x28e ./Drivers/STM32G4xx_HAL_Driver/Src/stm32g4xx_hal_tim.o
 .debug_abbrev  0x00000000000032e1      0x2ab ./Drivers/STM32G4xx_HAL_Driver/Src/stm32g4xx_hal_tim_ex.o

.debug_aranges  0x0000000000000000     0x18f0
 .debug_aranges
                0x0000000000000000      0x130 ./Core/Src/main.o
 .debug_aranges
                0x0000000000000130       0x80 ./Core/Src/stm32g4xx_hal_msp.o
 .debug_aranges
                0x00000000000001b0       0x78 ./Core/Src/stm32g4xx_it.o
 .debug_aranges
                0x0000000000000228       0x28 ./Core/Src/system_stm32g4xx.o
 .debug_aranges
                0x0000000000000250       0x28 ./Core/Startup/startup_stm32g431kbtx.o
 .debug_aranges
                0x0000000000000278       0xe0 ./Drivers/SSD1306_driver/ssd1306.o
 .debug_aranges
                0x0000000000000358       0x18 ./Drivers/SSD1306_driver/ssd1306_fonts.o
 .debug_aranges
                0x0000000000000370      0x130 ./Drivers/STM32G4xx_HAL_Driver/Src/stm32g4xx_hal.o
 .debug_aranges
                0x00000000000004a0      0x248 ./Drivers/STM32G4xx_HAL_Driver/Src/stm32g4xx_hal_adc.o
 .debug_aranges
                0x00000000000006e8      0x1c0 ./Drivers/STM32G4xx_HAL_Driver/Src/stm32g4xx_hal_adc_ex.o
 .debug_aranges
                0x00000000000008a8      0x118 ./Drivers/STM32G4xx_HAL_Driver/Src/stm32g4xx_hal_cortex.o
 .debug_aranges
                0x00000000000009c0       0xc0 ./Drivers/STM32G4xx_HAL_Driver/Src/stm32g4xx_hal_dac.o
 .debug_aranges
                0x0000000000000a80       0x90 ./Drivers/STM32G4xx_HAL_Driver/Src/stm32g4xx_hal_dma.o
 .debug_aranges
                0x0000000000000b10       0x88 ./Drivers/STM32G4xx_HAL_Driver/Src/stm32g4xx_hal_flash.o
 .debug_aranges
                0x0000000000000b98       0x58 ./Drivers/STM32G4xx_HAL_Driver/Src/stm32g4xx_hal_gpio.o
 .debug_aranges
                0x0000000000000bf0      0x290 ./Drivers/STM32G4xx_HAL_Driver/Src/stm32g4xx_hal_i2c.o
 .debug_aranges
                0x0000000000000e80       0x48 ./Drivers/STM32G4xx_HAL_Driver/Src/stm32g4xx_hal_i2c_ex.o
 .debug_aranges
                0x0000000000000ec8       0x98 ./Drivers/STM32G4xx_HAL_Driver/Src/stm32g4xx_hal_pwr.o
 .debug_aranges
                0x0000000000000f60      0x140 ./Drivers/STM32G4xx_HAL_Driver/Src/stm32g4xx_hal_pwr_ex.o
 .debug_aranges
                0x00000000000010a0       0x98 ./Drivers/STM32G4xx_HAL_Driver/Src/stm32g4xx_hal_rcc.o
 .debug_aranges
                0x0000000000001138       0xb0 ./Drivers/STM32G4xx_HAL_Driver/Src/stm32g4xx_hal_rcc_ex.o
 .debug_aranges
                0x00000000000011e8       0xe8 ./Drivers/STM32G4xx_HAL_Driver/Src/stm32g4xx_hal_rtc.o
 .debug_aranges
                0x00000000000012d0      0x3e0 ./Drivers/STM32G4xx_HAL_Driver/Src/stm32g4xx_hal_tim.o
 .debug_aranges
                0x00000000000016b0      0x240 ./Drivers/STM32G4xx_HAL_Driver/Src/stm32g4xx_hal_tim_ex.o

.debug_ranges   0x0000000000000000     0x1770
 .debug_ranges  0x0000000000000000      0x120 ./Core/Src/main.o
 .debug_ranges  0x0000000000000120       0x70 ./Core/Src/stm32g4xx_hal_msp.o
 .debug_ranges  0x0000000000000190       0x68 ./Core/Src/stm32g4xx_it.o
 .debug_ranges  0x00000000000001f8       0x18 ./Core/Src/system_stm32g4xx.o
 .debug_ranges  0x0000000000000210       0x20 ./Core/Startup/startup_stm32g431kbtx.o
 .debug_ranges  0x0000000000000230       0xd0 ./Drivers/SSD1306_driver/ssd1306.o
 .debug_ranges  0x0000000000000300      0x120 ./Drivers/STM32G4xx_HAL_Driver/Src/stm32g4xx_hal.o
 .debug_ranges  0x0000000000000420      0x238 ./Drivers/STM32G4xx_HAL_Driver/Src/stm32g4xx_hal_adc.o
 .debug_ranges  0x0000000000000658      0x1b0 ./Drivers/STM32G4xx_HAL_Driver/Src/stm32g4xx_hal_adc_ex.o
 .debug_ranges  0x0000000000000808      0x108 ./Drivers/STM32G4xx_HAL_Driver/Src/stm32g4xx_hal_cortex.o
 .debug_ranges  0x0000000000000910       0xb0 ./Drivers/STM32G4xx_HAL_Driver/Src/stm32g4xx_hal_dac.o
 .debug_ranges  0x00000000000009c0       0x80 ./Drivers/STM32G4xx_HAL_Driver/Src/stm32g4xx_hal_dma.o
 .debug_ranges  0x0000000000000a40       0x78 ./Drivers/STM32G4xx_HAL_Driver/Src/stm32g4xx_hal_flash.o
 .debug_ranges  0x0000000000000ab8       0x48 ./Drivers/STM32G4xx_HAL_Driver/Src/stm32g4xx_hal_gpio.o
 .debug_ranges  0x0000000000000b00      0x280 ./Drivers/STM32G4xx_HAL_Driver/Src/stm32g4xx_hal_i2c.o
 .debug_ranges  0x0000000000000d80       0x38 ./Drivers/STM32G4xx_HAL_Driver/Src/stm32g4xx_hal_i2c_ex.o
 .debug_ranges  0x0000000000000db8       0x88 ./Drivers/STM32G4xx_HAL_Driver/Src/stm32g4xx_hal_pwr.o
 .debug_ranges  0x0000000000000e40      0x130 ./Drivers/STM32G4xx_HAL_Driver/Src/stm32g4xx_hal_pwr_ex.o
 .debug_ranges  0x0000000000000f70       0x88 ./Drivers/STM32G4xx_HAL_Driver/Src/stm32g4xx_hal_rcc.o
 .debug_ranges  0x0000000000000ff8       0xa0 ./Drivers/STM32G4xx_HAL_Driver/Src/stm32g4xx_hal_rcc_ex.o
 .debug_ranges  0x0000000000001098       0xd8 ./Drivers/STM32G4xx_HAL_Driver/Src/stm32g4xx_hal_rtc.o
 .debug_ranges  0x0000000000001170      0x3d0 ./Drivers/STM32G4xx_HAL_Driver/Src/stm32g4xx_hal_tim.o
 .debug_ranges  0x0000000000001540      0x230 ./Drivers/STM32G4xx_HAL_Driver/Src/stm32g4xx_hal_tim_ex.o

.debug_macro    0x0000000000000000    0x223e7
 .debug_macro   0x0000000000000000      0x476 ./Core/Src/main.o
 .debug_macro   0x0000000000000476      0xa78 ./Core/Src/main.o
 .debug_macro   0x0000000000000eee      0x16d ./Core/Src/main.o
 .debug_macro   0x000000000000105b       0x2e ./Core/Src/main.o
 .debug_macro   0x0000000000001089       0x28 ./Core/Src/main.o
 .debug_macro   0x00000000000010b1       0x22 ./Core/Src/main.o
 .debug_macro   0x00000000000010d3       0x8e ./Core/Src/main.o
 .debug_macro   0x0000000000001161       0x51 ./Core/Src/main.o
 .debug_macro   0x00000000000011b2      0x103 ./Core/Src/main.o
 .debug_macro   0x00000000000012b5       0x6a ./Core/Src/main.o
 .debug_macro   0x000000000000131f      0x1df ./Core/Src/main.o
 .debug_macro   0x00000000000014fe       0x1c ./Core/Src/main.o
 .debug_macro   0x000000000000151a       0x22 ./Core/Src/main.o
 .debug_macro   0x000000000000153c       0xfb ./Core/Src/main.o
 .debug_macro   0x0000000000001637     0x1011 ./Core/Src/main.o
 .debug_macro   0x0000000000002648      0x11f ./Core/Src/main.o
 .debug_macro   0x0000000000002767    0x11396 ./Core/Src/main.o
 .debug_macro   0x0000000000013afd       0x6d ./Core/Src/main.o
 .debug_macro   0x0000000000013b6a     0x3554 ./Core/Src/main.o
 .debug_macro   0x00000000000170be      0x174 ./Core/Src/main.o
 .debug_macro   0x0000000000017232       0x5c ./Core/Src/main.o
 .debug_macro   0x000000000001728e     0x141d ./Core/Src/main.o
 .debug_macro   0x00000000000186ab      0x535 ./Core/Src/main.o
 .debug_macro   0x0000000000018be0      0x1b6 ./Core/Src/main.o
 .debug_macro   0x0000000000018d96      0x288 ./Core/Src/main.o
 .debug_macro   0x000000000001901e      0x41d ./Core/Src/main.o
 .debug_macro   0x000000000001943b      0x18b ./Core/Src/main.o
 .debug_macro   0x00000000000195c6       0x43 ./Core/Src/main.o
 .debug_macro   0x0000000000019609      0x23d ./Core/Src/main.o
 .debug_macro   0x0000000000019846     0x10fd ./Core/Src/main.o
 .debug_macro   0x000000000001a943      0x72e ./Core/Src/main.o
 .debug_macro   0x000000000001b071      0x391 ./Core/Src/main.o
 .debug_macro   0x000000000001b402      0x202 ./Core/Src/main.o
 .debug_macro   0x000000000001b604      0x108 ./Core/Src/main.o
 .debug_macro   0x000000000001b70c      0x211 ./Core/Src/main.o
 .debug_macro   0x000000000001b91d      0x401 ./Core/Src/main.o
 .debug_macro   0x000000000001bd1e      0x107 ./Core/Src/main.o
 .debug_macro   0x000000000001be25      0x22c ./Core/Src/main.o
 .debug_macro   0x000000000001c051       0x61 ./Core/Src/main.o
 .debug_macro   0x000000000001c0b2       0xa5 ./Core/Src/main.o
 .debug_macro   0x000000000001c157      0x122 ./Core/Src/main.o
 .debug_macro   0x000000000001c279      0x3d1 ./Core/Src/main.o
 .debug_macro   0x000000000001c64a      0x360 ./Core/Src/main.o
 .debug_macro   0x000000000001c9aa      0x543 ./Core/Src/main.o
 .debug_macro   0x000000000001ceed       0xdd ./Core/Src/main.o
 .debug_macro   0x000000000001cfca      0xbbe ./Core/Src/main.o
 .debug_macro   0x000000000001db88      0x47e ./Core/Src/main.o
 .debug_macro   0x000000000001e006      0x306 ./Core/Src/main.o
 .debug_macro   0x000000000001e30c       0x52 ./Core/Src/main.o
 .debug_macro   0x000000000001e35e       0x1e ./Core/Src/main.o
 .debug_macro   0x000000000001e37c       0x3c ./Core/Src/main.o
 .debug_macro   0x000000000001e3b8       0x34 ./Core/Src/main.o
 .debug_macro   0x000000000001e3ec       0x4c ./Core/Src/main.o
 .debug_macro   0x000000000001e438       0x10 ./Core/Src/main.o
 .debug_macro   0x000000000001e448       0x34 ./Core/Src/main.o
 .debug_macro   0x000000000001e47c       0x16 ./Core/Src/main.o
 .debug_macro   0x000000000001e492       0x35 ./Core/Src/main.o
 .debug_macro   0x000000000001e4c7       0x16 ./Core/Src/main.o
 .debug_macro   0x000000000001e4dd       0x43 ./Core/Src/main.o
 .debug_macro   0x000000000001e520       0x34 ./Core/Src/main.o
 .debug_macro   0x000000000001e554       0x10 ./Core/Src/main.o
 .debug_macro   0x000000000001e564       0x58 ./Core/Src/main.o
 .debug_macro   0x000000000001e5bc       0x71 ./Core/Src/main.o
 .debug_macro   0x000000000001e62d       0x1c ./Core/Src/main.o
 .debug_macro   0x000000000001e649      0x12a ./Core/Src/main.o
 .debug_macro   0x000000000001e773      0x341 ./Core/Src/main.o
 .debug_macro   0x000000000001eab4       0x16 ./Core/Src/main.o
 .debug_macro   0x000000000001eaca       0x29 ./Core/Src/main.o
 .debug_macro   0x000000000001eaf3       0x22 ./Core/Src/main.o
 .debug_macro   0x000000000001eb15       0x16 ./Core/Src/main.o
 .debug_macro   0x000000000001eb2b       0x20 ./Core/Src/main.o
 .debug_macro   0x000000000001eb4b       0xa0 ./Core/Src/main.o
 .debug_macro   0x000000000001ebeb       0x2e ./Core/Src/main.o
 .debug_macro   0x000000000001ec19       0x16 ./Core/Src/main.o
 .debug_macro   0x000000000001ec2f       0x5f ./Core/Src/main.o
 .debug_macro   0x000000000001ec8e      0x188 ./Core/Src/main.o
 .debug_macro   0x000000000001ee16       0x76 ./Core/Src/main.o
 .debug_macro   0x000000000001ee8c       0x64 ./Core/Src/main.o
 .debug_macro   0x000000000001eef0      0x362 ./Core/Src/stm32g4xx_hal_msp.o
 .debug_macro   0x000000000001f252      0x36c ./Core/Src/stm32g4xx_it.o
 .debug_macro   0x000000000001f5be      0x223 ./Core/Src/system_stm32g4xx.o
 .debug_macro   0x000000000001f7e1      0x357 ./Drivers/SSD1306_driver/ssd1306.o
 .debug_macro   0x000000000001fb38       0x28 ./Drivers/SSD1306_driver/ssd1306.o
 .debug_macro   0x000000000001fb60      0x19b ./Drivers/SSD1306_driver/ssd1306.o
 .debug_macro   0x000000000001fcfb       0x76 ./Drivers/SSD1306_driver/ssd1306_fonts.o
 .debug_macro   0x000000000001fd71      0x271 ./Drivers/STM32G4xx_HAL_Driver/Src/stm32g4xx_hal.o
 .debug_macro   0x000000000001ffe2      0x240 ./Drivers/STM32G4xx_HAL_Driver/Src/stm32g4xx_hal_adc.o
 .debug_macro   0x0000000000020222      0x22f ./Drivers/STM32G4xx_HAL_Driver/Src/stm32g4xx_hal_adc_ex.o
 .debug_macro   0x0000000000020451      0x223 ./Drivers/STM32G4xx_HAL_Driver/Src/stm32g4xx_hal_cortex.o
 .debug_macro   0x0000000000020674      0x239 ./Drivers/STM32G4xx_HAL_Driver/Src/stm32g4xx_hal_dac.o
 .debug_macro   0x00000000000208ad      0x223 ./Drivers/STM32G4xx_HAL_Driver/Src/stm32g4xx_hal_dma.o
 .debug_macro   0x0000000000020ad0      0x229 ./Drivers/STM32G4xx_HAL_Driver/Src/stm32g4xx_hal_flash.o
 .debug_macro   0x0000000000020cf9      0x22a ./Drivers/STM32G4xx_HAL_Driver/Src/stm32g4xx_hal_gpio.o
 .debug_macro   0x0000000000020f23      0x2ef ./Drivers/STM32G4xx_HAL_Driver/Src/stm32g4xx_hal_i2c.o
 .debug_macro   0x0000000000021212      0x223 ./Drivers/STM32G4xx_HAL_Driver/Src/stm32g4xx_hal_i2c_ex.o
 .debug_macro   0x0000000000021435      0x23b ./Drivers/STM32G4xx_HAL_Driver/Src/stm32g4xx_hal_pwr.o
 .debug_macro   0x0000000000021670      0x24d ./Drivers/STM32G4xx_HAL_Driver/Src/stm32g4xx_hal_pwr_ex.o
 .debug_macro   0x00000000000218bd      0x265 ./Drivers/STM32G4xx_HAL_Driver/Src/stm32g4xx_hal_rcc.o
 .debug_macro   0x0000000000021b22      0x24d ./Drivers/STM32G4xx_HAL_Driver/Src/stm32g4xx_hal_rcc_ex.o
 .debug_macro   0x0000000000021d6f      0x224 ./Drivers/STM32G4xx_HAL_Driver/Src/stm32g4xx_hal_rtc.o
 .debug_macro   0x0000000000021f93      0x22b ./Drivers/STM32G4xx_HAL_Driver/Src/stm32g4xx_hal_tim.o
 .debug_macro   0x00000000000221be      0x229 ./Drivers/STM32G4xx_HAL_Driver/Src/stm32g4xx_hal_tim_ex.o

.debug_line     0x0000000000000000    0x1b0d9
 .debug_line    0x0000000000000000     0x187c ./Core/Src/main.o
 .debug_line    0x000000000000187c      0xbdc ./Core/Src/stm32g4xx_hal_msp.o
 .debug_line    0x0000000000002458      0xa90 ./Core/Src/stm32g4xx_it.o
 .debug_line    0x0000000000002ee8      0x7cb ./Core/Src/system_stm32g4xx.o
 .debug_line    0x00000000000036b3       0x89 ./Core/Startup/startup_stm32g431kbtx.o
 .debug_line    0x000000000000373c     0x1070 ./Drivers/SSD1306_driver/ssd1306.o
 .debug_line    0x00000000000047ac      0x387 ./Drivers/SSD1306_driver/ssd1306_fonts.o
 .debug_line    0x0000000000004b33      0xb42 ./Drivers/STM32G4xx_HAL_Driver/Src/stm32g4xx_hal.o
 .debug_line    0x0000000000005675     0x1edd ./Drivers/STM32G4xx_HAL_Driver/Src/stm32g4xx_hal_adc.o
 .debug_line    0x0000000000007552     0x1940 ./Drivers/STM32G4xx_HAL_Driver/Src/stm32g4xx_hal_adc_ex.o
 .debug_line    0x0000000000008e92      0xcf5 ./Drivers/STM32G4xx_HAL_Driver/Src/stm32g4xx_hal_cortex.o
 .debug_line    0x0000000000009b87      0xce3 ./Drivers/STM32G4xx_HAL_Driver/Src/stm32g4xx_hal_dac.o
 .debug_line    0x000000000000a86a      0xeae ./Drivers/STM32G4xx_HAL_Driver/Src/stm32g4xx_hal_dma.o
 .debug_line    0x000000000000b718      0xb04 ./Drivers/STM32G4xx_HAL_Driver/Src/stm32g4xx_hal_flash.o
 .debug_line    0x000000000000c21c      0xb85 ./Drivers/STM32G4xx_HAL_Driver/Src/stm32g4xx_hal_gpio.o
 .debug_line    0x000000000000cda1     0x33e9 ./Drivers/STM32G4xx_HAL_Driver/Src/stm32g4xx_hal_i2c.o
 .debug_line    0x000000000001018a      0x97f ./Drivers/STM32G4xx_HAL_Driver/Src/stm32g4xx_hal_i2c_ex.o
 .debug_line    0x0000000000010b09      0x92f ./Drivers/STM32G4xx_HAL_Driver/Src/stm32g4xx_hal_pwr.o
 .debug_line    0x0000000000011438      0xcf9 ./Drivers/STM32G4xx_HAL_Driver/Src/stm32g4xx_hal_pwr_ex.o
 .debug_line    0x0000000000012131      0xf58 ./Drivers/STM32G4xx_HAL_Driver/Src/stm32g4xx_hal_rcc.o
 .debug_line    0x0000000000013089     0x111b ./Drivers/STM32G4xx_HAL_Driver/Src/stm32g4xx_hal_rcc_ex.o
 .debug_line    0x00000000000141a4     0x1027 ./Drivers/STM32G4xx_HAL_Driver/Src/stm32g4xx_hal_rtc.o
 .debug_line    0x00000000000151cb     0x3e49 ./Drivers/STM32G4xx_HAL_Driver/Src/stm32g4xx_hal_tim.o
 .debug_line    0x0000000000019014     0x20c5 ./Drivers/STM32G4xx_HAL_Driver/Src/stm32g4xx_hal_tim_ex.o

.debug_str      0x0000000000000000    0xe33ac
 .debug_str     0x0000000000000000    0xdc71d ./Core/Src/main.o
                                      0xdcf1e (size before relaxing)
 .debug_str     0x00000000000dc71d      0x35e ./Core/Src/stm32g4xx_hal_msp.o
                                      0xdabbc (size before relaxing)
 .debug_str     0x00000000000dca7b      0x132 ./Core/Src/stm32g4xx_it.o
                                      0xd9bd5 (size before relaxing)
 .debug_str     0x00000000000dcbad       0xd6 ./Core/Src/system_stm32g4xx.o
                                      0xd61c6 (size before relaxing)
 .debug_str     0x00000000000dcc83       0x36 ./Core/Startup/startup_stm32g431kbtx.o
                                         0x77 (size before relaxing)
 .debug_str     0x00000000000dccb9      0xb91 ./Drivers/SSD1306_driver/ssd1306.o
                                      0xda33e (size before relaxing)
 .debug_str     0x00000000000dd84a       0x78 ./Drivers/SSD1306_driver/ssd1306_fonts.o
                                       0x3df2 (size before relaxing)
 .debug_str     0x00000000000dd8c2      0x5a3 ./Drivers/STM32G4xx_HAL_Driver/Src/stm32g4xx_hal.o
                                      0xd6cde (size before relaxing)
 .debug_str     0x00000000000dde65      0xadc ./Drivers/STM32G4xx_HAL_Driver/Src/stm32g4xx_hal_adc.o
                                      0xd7217 (size before relaxing)
 .debug_str     0x00000000000de941      0x65d ./Drivers/STM32G4xx_HAL_Driver/Src/stm32g4xx_hal_adc_ex.o
                                      0xd718d (size before relaxing)
 .debug_str     0x00000000000def9e      0x30e ./Drivers/STM32G4xx_HAL_Driver/Src/stm32g4xx_hal_cortex.o
                                      0xd6989 (size before relaxing)
 .debug_str     0x00000000000df2ac      0x26c ./Drivers/STM32G4xx_HAL_Driver/Src/stm32g4xx_hal_dac.o
                                      0xd6875 (size before relaxing)
 .debug_str     0x00000000000df518      0x27d ./Drivers/STM32G4xx_HAL_Driver/Src/stm32g4xx_hal_dma.o
                                      0xd65a0 (size before relaxing)
 .debug_str     0x00000000000df795      0x3a2 ./Drivers/STM32G4xx_HAL_Driver/Src/stm32g4xx_hal_flash.o
                                      0xd6466 (size before relaxing)
 .debug_str     0x00000000000dfb37      0x112 ./Drivers/STM32G4xx_HAL_Driver/Src/stm32g4xx_hal_gpio.o
                                      0xd6351 (size before relaxing)
 .debug_str     0x00000000000dfc49      0xd75 ./Drivers/STM32G4xx_HAL_Driver/Src/stm32g4xx_hal_i2c.o
                                      0xd7494 (size before relaxing)
 .debug_str     0x00000000000e09be       0xb8 ./Drivers/STM32G4xx_HAL_Driver/Src/stm32g4xx_hal_i2c_ex.o
                                      0xd67f9 (size before relaxing)
 .debug_str     0x00000000000e0a76      0x319 ./Drivers/STM32G4xx_HAL_Driver/Src/stm32g4xx_hal_pwr.o
                                      0xd6536 (size before relaxing)
 .debug_str     0x00000000000e0d8f      0x3a4 ./Drivers/STM32G4xx_HAL_Driver/Src/stm32g4xx_hal_pwr_ex.o
                                      0xd66b4 (size before relaxing)
 .debug_str     0x00000000000e1133      0x474 ./Drivers/STM32G4xx_HAL_Driver/Src/stm32g4xx_hal_rcc.o
                                      0xd68bf (size before relaxing)
 .debug_str     0x00000000000e15a7      0x3c6 ./Drivers/STM32G4xx_HAL_Driver/Src/stm32g4xx_hal_rcc_ex.o
                                      0xd68c0 (size before relaxing)
 .debug_str     0x00000000000e196d      0x31c ./Drivers/STM32G4xx_HAL_Driver/Src/stm32g4xx_hal_rtc.o
                                      0xd662c (size before relaxing)
 .debug_str     0x00000000000e1c89      0xe32 ./Drivers/STM32G4xx_HAL_Driver/Src/stm32g4xx_hal_tim.o
                                      0xd76b4 (size before relaxing)
 .debug_str     0x00000000000e2abb      0x8f1 ./Drivers/STM32G4xx_HAL_Driver/Src/stm32g4xx_hal_tim_ex.o
                                      0xd7338 (size before relaxing)

.comment        0x0000000000000000       0x50
 .comment       0x0000000000000000       0x50 ./Core/Src/main.o
                                         0x51 (size before relaxing)
 .comment       0x0000000000000050       0x51 ./Core/Src/stm32g4xx_hal_msp.o
 .comment       0x0000000000000050       0x51 ./Core/Src/stm32g4xx_it.o
 .comment       0x0000000000000050       0x51 ./Core/Src/system_stm32g4xx.o
 .comment       0x0000000000000050       0x51 ./Drivers/SSD1306_driver/ssd1306.o
 .comment       0x0000000000000050       0x51 ./Drivers/SSD1306_driver/ssd1306_fonts.o
 .comment       0x0000000000000050       0x51 ./Drivers/STM32G4xx_HAL_Driver/Src/stm32g4xx_hal.o
 .comment       0x0000000000000050       0x51 ./Drivers/STM32G4xx_HAL_Driver/Src/stm32g4xx_hal_adc.o
 .comment       0x0000000000000050       0x51 ./Drivers/STM32G4xx_HAL_Driver/Src/stm32g4xx_hal_adc_ex.o
 .comment       0x0000000000000050       0x51 ./Drivers/STM32G4xx_HAL_Driver/Src/stm32g4xx_hal_cortex.o
 .comment       0x0000000000000050       0x51 ./Drivers/STM32G4xx_HAL_Driver/Src/stm32g4xx_hal_dac.o
 .comment       0x0000000000000050       0x51 ./Drivers/STM32G4xx_HAL_Driver/Src/stm32g4xx_hal_dma.o
 .comment       0x0000000000000050       0x51 ./Drivers/STM32G4xx_HAL_Driver/Src/stm32g4xx_hal_flash.o
 .comment       0x0000000000000050       0x51 ./Drivers/STM32G4xx_HAL_Driver/Src/stm32g4xx_hal_gpio.o
 .comment       0x0000000000000050       0x51 ./Drivers/STM32G4xx_HAL_Driver/Src/stm32g4xx_hal_i2c.o
 .comment       0x0000000000000050       0x51 ./Drivers/STM32G4xx_HAL_Driver/Src/stm32g4xx_hal_i2c_ex.o
 .comment       0x0000000000000050       0x51 ./Drivers/STM32G4xx_HAL_Driver/Src/stm32g4xx_hal_pwr.o
 .comment       0x0000000000000050       0x51 ./Drivers/STM32G4xx_HAL_Driver/Src/stm32g4xx_hal_pwr_ex.o
 .comment       0x0000000000000050       0x51 ./Drivers/STM32G4xx_HAL_Driver/Src/stm32g4xx_hal_rcc.o
 .comment       0x0000000000000050       0x51 ./Drivers/STM32G4xx_HAL_Driver/Src/stm32g4xx_hal_rcc_ex.o
 .comment       0x0000000000000050       0x51 ./Drivers/STM32G4xx_HAL_Driver/Src/stm32g4xx_hal_rtc.o
 .comment       0x0000000000000050       0x51 ./Drivers/STM32G4xx_HAL_Driver/Src/stm32g4xx_hal_tim.o
 .comment       0x0000000000000050       0x51 ./Drivers/STM32G4xx_HAL_Driver/Src/stm32g4xx_hal_tim_ex.o

.debug_frame    0x0000000000000000     0x6b8c
 .debug_frame   0x0000000000000000      0x4ec ./Core/Src/main.o
 .debug_frame   0x00000000000004ec      0x1e8 ./Core/Src/stm32g4xx_hal_msp.o
 .debug_frame   0x00000000000006d4      0x15c ./Core/Src/stm32g4xx_it.o
 .debug_frame   0x0000000000000830       0x58 ./Core/Src/system_stm32g4xx.o
 .debug_frame   0x0000000000000888      0x3c0 ./Drivers/SSD1306_driver/ssd1306.o
 .debug_frame   0x0000000000000c48      0x4a0 ./Drivers/STM32G4xx_HAL_Driver/Src/stm32g4xx_hal.o
 .debug_frame   0x00000000000010e8      0xacc ./Drivers/STM32G4xx_HAL_Driver/Src/stm32g4xx_hal_adc.o
 .debug_frame   0x0000000000001bb4      0x81c ./Drivers/STM32G4xx_HAL_Driver/Src/stm32g4xx_hal_adc_ex.o
 .debug_frame   0x00000000000023d0      0x498 ./Drivers/STM32G4xx_HAL_Driver/Src/stm32g4xx_hal_cortex.o
 .debug_frame   0x0000000000002868      0x330 ./Drivers/STM32G4xx_HAL_Driver/Src/stm32g4xx_hal_dac.o
 .debug_frame   0x0000000000002b98      0x24c ./Drivers/STM32G4xx_HAL_Driver/Src/stm32g4xx_hal_dma.o
 .debug_frame   0x0000000000002de4      0x21c ./Drivers/STM32G4xx_HAL_Driver/Src/stm32g4xx_hal_flash.o
 .debug_frame   0x0000000000003000      0x14c ./Drivers/STM32G4xx_HAL_Driver/Src/stm32g4xx_hal_gpio.o
 .debug_frame   0x000000000000314c      0xbe8 ./Drivers/STM32G4xx_HAL_Driver/Src/stm32g4xx_hal_i2c.o
 .debug_frame   0x0000000000003d34      0x100 ./Drivers/STM32G4xx_HAL_Driver/Src/stm32g4xx_hal_i2c_ex.o
 .debug_frame   0x0000000000003e34      0x230 ./Drivers/STM32G4xx_HAL_Driver/Src/stm32g4xx_hal_pwr.o
 .debug_frame   0x0000000000004064      0x4fc ./Drivers/STM32G4xx_HAL_Driver/Src/stm32g4xx_hal_pwr_ex.o
 .debug_frame   0x0000000000004560      0x23c ./Drivers/STM32G4xx_HAL_Driver/Src/stm32g4xx_hal_rcc.o
 .debug_frame   0x000000000000479c      0x2ac ./Drivers/STM32G4xx_HAL_Driver/Src/stm32g4xx_hal_rcc_ex.o
 .debug_frame   0x0000000000004a48      0x3f4 ./Drivers/STM32G4xx_HAL_Driver/Src/stm32g4xx_hal_rtc.o
 .debug_frame   0x0000000000004e3c     0x121c ./Drivers/STM32G4xx_HAL_Driver/Src/stm32g4xx_hal_tim.o
 .debug_frame   0x0000000000006058      0xa68 ./Drivers/STM32G4xx_HAL_Driver/Src/stm32g4xx_hal_tim_ex.o
 .debug_frame   0x0000000000006ac0       0x2c /opt/st/stm32cubeide_1.12.0/plugins/com.st.stm32cube.ide.mcu.externaltools.gnu-tools-for-stm32.10.3-2021.10.linux64_1.0.200.202301161003/tools/bin/../lib/gcc/arm-none-eabi/10.3.1/../../../../arm-none-eabi/lib/thumb/v7e-m+fp/hard/libc_nano.a(lib_a-init.o)
 .debug_frame   0x0000000000006aec       0x38 /opt/st/stm32cubeide_1.12.0/plugins/com.st.stm32cube.ide.mcu.externaltools.gnu-tools-for-stm32.10.3-2021.10.linux64_1.0.200.202301161003/tools/bin/../lib/gcc/arm-none-eabi/10.3.1/../../../../arm-none-eabi/lib/thumb/v7e-m+fp/hard/libc_nano.a(lib_a-itoa.o)
 .debug_frame   0x0000000000006b24       0x20 /opt/st/stm32cubeide_1.12.0/plugins/com.st.stm32cube.ide.mcu.externaltools.gnu-tools-for-stm32.10.3-2021.10.linux64_1.0.200.202301161003/tools/bin/../lib/gcc/arm-none-eabi/10.3.1/../../../../arm-none-eabi/lib/thumb/v7e-m+fp/hard/libc_nano.a(lib_a-memset.o)
 .debug_frame   0x0000000000006b44       0x48 /opt/st/stm32cubeide_1.12.0/plugins/com.st.stm32cube.ide.mcu.externaltools.gnu-tools-for-stm32.10.3-2021.10.linux64_1.0.200.202301161003/tools/bin/../lib/gcc/arm-none-eabi/10.3.1/../../../../arm-none-eabi/lib/thumb/v7e-m+fp/hard/libc_nano.a(lib_a-utoa.o)
