Archive member included to satisfy reference by file (symbol)

/opt/st/stm32cubeide_1.12.0/plugins/com.st.stm32cube.ide.mcu.externaltools.gnu-tools-for-stm32.10.3-2021.10.linux64_1.0.200.202301161003/tools/bin/../lib/gcc/arm-none-eabi/10.3.1/../../../../arm-none-eabi/lib/thumb/v7e-m+fp/hard/libc_nano.a(lib_a-errno.o)
                              ./Core/Src/syscalls.o (__errno)
/opt/st/stm32cubeide_1.12.0/plugins/com.st.stm32cube.ide.mcu.externaltools.gnu-tools-for-stm32.10.3-2021.10.linux64_1.0.200.202301161003/tools/bin/../lib/gcc/arm-none-eabi/10.3.1/../../../../arm-none-eabi/lib/thumb/v7e-m+fp/hard/libc_nano.a(lib_a-exit.o)
                              /opt/st/stm32cubeide_1.12.0/plugins/com.st.stm32cube.ide.mcu.externaltools.gnu-tools-for-stm32.10.3-2021.10.linux64_1.0.200.202301161003/tools/bin/../lib/gcc/arm-none-eabi/10.3.1/../../../../arm-none-eabi/lib/thumb/v7e-m+fp/hard/crt0.o (exit)
/opt/st/stm32cubeide_1.12.0/plugins/com.st.stm32cube.ide.mcu.externaltools.gnu-tools-for-stm32.10.3-2021.10.linux64_1.0.200.202301161003/tools/bin/../lib/gcc/arm-none-eabi/10.3.1/../../../../arm-none-eabi/lib/thumb/v7e-m+fp/hard/libc_nano.a(lib_a-impure.o)
                              /opt/st/stm32cubeide_1.12.0/plugins/com.st.stm32cube.ide.mcu.externaltools.gnu-tools-for-stm32.10.3-2021.10.linux64_1.0.200.202301161003/tools/bin/../lib/gcc/arm-none-eabi/10.3.1/../../../../arm-none-eabi/lib/thumb/v7e-m+fp/hard/libc_nano.a(lib_a-exit.o) (_global_impure_ptr)
/opt/st/stm32cubeide_1.12.0/plugins/com.st.stm32cube.ide.mcu.externaltools.gnu-tools-for-stm32.10.3-2021.10.linux64_1.0.200.202301161003/tools/bin/../lib/gcc/arm-none-eabi/10.3.1/../../../../arm-none-eabi/lib/thumb/v7e-m+fp/hard/libc_nano.a(lib_a-init.o)
                              /opt/st/stm32cubeide_1.12.0/plugins/com.st.stm32cube.ide.mcu.externaltools.gnu-tools-for-stm32.10.3-2021.10.linux64_1.0.200.202301161003/tools/bin/../lib/gcc/arm-none-eabi/10.3.1/../../../../arm-none-eabi/lib/thumb/v7e-m+fp/hard/crt0.o (__libc_init_array)
/opt/st/stm32cubeide_1.12.0/plugins/com.st.stm32cube.ide.mcu.externaltools.gnu-tools-for-stm32.10.3-2021.10.linux64_1.0.200.202301161003/tools/bin/../lib/gcc/arm-none-eabi/10.3.1/../../../../arm-none-eabi/lib/thumb/v7e-m+fp/hard/libc_nano.a(lib_a-itoa.o)
                              ./Core/Src/main.o (itoa)
/opt/st/stm32cubeide_1.12.0/plugins/com.st.stm32cube.ide.mcu.externaltools.gnu-tools-for-stm32.10.3-2021.10.linux64_1.0.200.202301161003/tools/bin/../lib/gcc/arm-none-eabi/10.3.1/../../../../arm-none-eabi/lib/thumb/v7e-m+fp/hard/libc_nano.a(lib_a-memcpy-stub.o)
                              ./Drivers/SSD1306_driver/ssd1306.o (memcpy)
/opt/st/stm32cubeide_1.12.0/plugins/com.st.stm32cube.ide.mcu.externaltools.gnu-tools-for-stm32.10.3-2021.10.linux64_1.0.200.202301161003/tools/bin/../lib/gcc/arm-none-eabi/10.3.1/../../../../arm-none-eabi/lib/thumb/v7e-m+fp/hard/libc_nano.a(lib_a-memset.o)
                              /opt/st/stm32cubeide_1.12.0/plugins/com.st.stm32cube.ide.mcu.externaltools.gnu-tools-for-stm32.10.3-2021.10.linux64_1.0.200.202301161003/tools/bin/../lib/gcc/arm-none-eabi/10.3.1/../../../../arm-none-eabi/lib/thumb/v7e-m+fp/hard/crt0.o (memset)
/opt/st/stm32cubeide_1.12.0/plugins/com.st.stm32cube.ide.mcu.externaltools.gnu-tools-for-stm32.10.3-2021.10.linux64_1.0.200.202301161003/tools/bin/../lib/gcc/arm-none-eabi/10.3.1/../../../../arm-none-eabi/lib/thumb/v7e-m+fp/hard/libc_nano.a(lib_a-utoa.o)
                              /opt/st/stm32cubeide_1.12.0/plugins/com.st.stm32cube.ide.mcu.externaltools.gnu-tools-for-stm32.10.3-2021.10.linux64_1.0.200.202301161003/tools/bin/../lib/gcc/arm-none-eabi/10.3.1/../../../../arm-none-eabi/lib/thumb/v7e-m+fp/hard/libc_nano.a(lib_a-itoa.o) (__utoa)
/opt/st/stm32cubeide_1.12.0/plugins/com.st.stm32cube.ide.mcu.externaltools.gnu-tools-for-stm32.10.3-2021.10.linux64_1.0.200.202301161003/tools/bin/../lib/gcc/arm-none-eabi/10.3.1/../../../../arm-none-eabi/lib/thumb/v7e-m+fp/hard/libm.a(lib_a-s_cos.o)
                              ./Drivers/SSD1306_driver/ssd1306.o (cos)
/opt/st/stm32cubeide_1.12.0/plugins/com.st.stm32cube.ide.mcu.externaltools.gnu-tools-for-stm32.10.3-2021.10.linux64_1.0.200.202301161003/tools/bin/../lib/gcc/arm-none-eabi/10.3.1/../../../../arm-none-eabi/lib/thumb/v7e-m+fp/hard/libm.a(lib_a-s_sin.o)
                              ./Drivers/SSD1306_driver/ssd1306.o (sin)
/opt/st/stm32cubeide_1.12.0/plugins/com.st.stm32cube.ide.mcu.externaltools.gnu-tools-for-stm32.10.3-2021.10.linux64_1.0.200.202301161003/tools/bin/../lib/gcc/arm-none-eabi/10.3.1/../../../../arm-none-eabi/lib/thumb/v7e-m+fp/hard/libm.a(lib_a-e_rem_pio2.o)
                              /opt/st/stm32cubeide_1.12.0/plugins/com.st.stm32cube.ide.mcu.externaltools.gnu-tools-for-stm32.10.3-2021.10.linux64_1.0.200.202301161003/tools/bin/../lib/gcc/arm-none-eabi/10.3.1/../../../../arm-none-eabi/lib/thumb/v7e-m+fp/hard/libm.a(lib_a-s_cos.o) (__ieee754_rem_pio2)
[...]
Memory Configuration

Name             Origin             Length             Attributes
RAM              0x0000000020000000 0x0000000000008000 xrw
FLASH            0x0000000008000000 0x0000000000020000 xr
*default*        0x0000000000000000 0xffffffffffffffff

Linker script and memory map

LOAD /opt/st/stm32cubeide_1.12.0/plugins/com.st.stm32cube.ide.mcu.externaltools.gnu-tools-for-stm32.10.3-2021.10.linux64_1.0.200.202301161003/tools/bin/../lib/gcc/arm-none-eabi/10.3.1/thumb/v7e-m+fp/hard/crti.o
LOAD /opt/st/stm32cubeide_1.12.0/plugins/com.st.stm32cube.ide.mcu.externaltools.gnu-tools-for-stm32.10.3-2021.10.linux64_1.0.200.202301161003/tools/bin/../lib/gcc/arm-none-eabi/10.3.1/thumb/v7e-m+fp/hard/crtbegin.o
LOAD /opt/st/stm32cubeide_1.12.0/plugins/com.st.stm32cube.ide.mcu.externaltools.gnu-tools-for-stm32.10.3-2021.10.linux64_1.0.200.202301161003/tools/bin/../lib/gcc/arm-none-eabi/10.3.1/../../../../arm-none-eabi/lib/thumb/v7e-m+fp/hard/crt0.o
LOAD ./Core/Src/main.o
LOAD ./Core/Src/stm32g4xx_hal_msp.o
LOAD ./Core/Src/stm32g4xx_it.o
LOAD ./Core/Src/syscalls.o
LOAD ./Core/Src/sysmem.o
LOAD ./Core/Src/system_stm32g4xx.o
LOAD ./Core/Startup/startup_stm32g431kbtx.o
LOAD ./Drivers/EEPROM/eeprom_emul.o
LOAD ./Drivers/EEPROM/flash_interface.o
LOAD ./Drivers/EEPROM/stm32g4xx_ll_crc.o
LOAD ./Drivers/SSD1306_driver/ssd1306.o
LOAD ./Drivers/SSD1306_driver/ssd1306_fonts.o
LOAD ./Drivers/STM32G4xx_HAL_Driver/Src/stm32g4xx_hal.o
LOAD ./Drivers/STM32G4xx_HAL_Driver/Src/stm32g4xx_hal_adc.o
LOAD ./Drivers/STM32G4xx_HAL_Driver/Src/stm32g4xx_hal_adc_ex.o
LOAD ./Drivers/STM32G4xx_HAL_Driver/Src/stm32g4xx_hal_cortex.o
LOAD ./Drivers/STM32G4xx_HAL_Driver/Src/stm32g4xx_hal_dac.o
LOAD ./Drivers/STM32G4xx_HAL_Driver/Src/stm32g4xx_hal_dac_ex.o
LOAD ./Drivers/STM32G4xx_HAL_Driver/Src/stm32g4xx_hal_dma.o
LOAD ./Drivers/STM32G4xx_HAL_Driver/Src/stm32g4xx_hal_dma_ex.o
LOAD ./Drivers/STM32G4xx_HAL_Driver/Src/stm32g4xx_hal_exti.o
LOAD ./Drivers/STM32G4xx_HAL_Driver/Src/stm32g4xx_hal_flash.o
LOAD ./Drivers/STM32G4xx_HAL_Driver/Src/stm32g4xx_hal_flash_ex.o
LOAD ./Drivers/STM32G4xx_HAL_Driver/Src/stm32g4xx_hal_flash_ramfunc.o
LOAD ./Drivers/STM32G4xx_HAL_Driver/Src/stm32g4xx_hal_gpio.o
LOAD ./Drivers/STM32G4xx_HAL_Driver/Src/stm32g4xx_hal_i2c.o
LOAD ./Drivers/STM32G4xx_HAL_Driver/Src/stm32g4xx_hal_i2c_ex.o
LOAD ./Drivers/STM32G4xx_HAL_Driver/Src/stm32g4xx_hal_pwr.o
LOAD ./Drivers/STM32G4xx_HAL_Driver/Src/stm32g4xx_hal_pwr_ex.o
LOAD ./Drivers/STM32G4xx_HAL_Driver/Src/stm32g4xx_hal_rcc.o
LOAD ./Drivers/STM32G4xx_HAL_Driver/Src/stm32g4xx_hal_rcc_ex.o
LOAD ./Drivers/STM32G4xx_HAL_Driver/Src/stm32g4xx_hal_rtc.o
LOAD ./Drivers/STM32G4xx_HAL_Driver/Src/stm32g4xx_hal_rtc_ex.o
LOAD ./Drivers/STM32G4xx_HAL_Driver/Src/stm32g4xx_hal_tim.o
LOAD ./Drivers/STM32G4xx_HAL_Driver/Src/stm32g4xx_hal_tim_ex.o
LOAD ./Drivers/STM32G4xx_HAL_Driver/Src/stm32g4xx_ll_adc.o
START GROUP
LOAD /opt/st/stm32cubeide_1.12.0/plugins/com.st.stm32cube.ide.mcu.externaltools.gnu-tools-for-stm32.10.3-2021.10.linux64_1.0.200.202301161003/tools/bin/../lib/gcc/arm-none-eabi/10.3.1/../../../../arm-none-eabi/lib/thumb/v7e-m+fp/hard/libc_nano.a
LOAD /opt/st/stm32cubeide_1.12.0/plugins/com.st.stm32cube.ide.mcu.externaltools.gnu-tools-for-stm32.10.3-2021.10.linux64_1.0.200.202301161003/tools/bin/../lib/gcc/arm-none-eabi/10.3.1/../../../../arm-none-eabi/lib/thumb/v7e-m+fp/hard/libm.a
END GROUP
START GROUP
LOAD /opt/st/stm32cubeide_1.12.0/plugins/com.st.stm32cube.ide.mcu.externaltools.gnu-tools-for-stm32.10.3-2021.10.linux64_1.0.200.202301161003/tools/bin/../lib/gcc/arm-none-eabi/10.3.1/thumb/v7e-m+fp/hard/libgcc.a
LOAD /opt/st/stm32cubeide_1.12.0/plugins/com.st.stm32cube.ide.mcu.externaltools.gnu-tools-for-stm32.10.3-2021.10.linux64_1.0.200.202301161003/tools/bin/../lib/gcc/arm-none-eabi/10.3.1/../../../../arm-none-eabi/lib/thumb/v7e-m+fp/hard/libc_nano.a
END GROUP
START GROUP
LOAD /opt/st/stm32cubeide_1.12.0/plugins/com.st.stm32cube.ide.mcu.externaltools.gnu-tools-for-stm32.10.3-2021.10.linux64_1.0.200.202301161003/tools/bin/../lib/gcc/arm-none-eabi/10.3.1/thumb/v7e-m+fp/hard/libgcc.a
LOAD /opt/st/stm32cubeide_1.12.0/plugins/com.st.stm32cube.ide.mcu.externaltools.gnu-tools-for-stm32.10.3-2021.10.linux64_1.0.200.202301161003/tools/bin/../lib/gcc/arm-none-eabi/10.3.1/../../../../arm-none-eabi/lib/thumb/v7e-m+fp/hard/libc_nano.a
LOAD /opt/st/stm32cubeide_1.12.0/plugins/com.st.stm32cube.ide.mcu.externaltools.gnu-tools-for-stm32.10.3-2021.10.linux64_1.0.200.202301161003/tools/bin/../lib/gcc/arm-none-eabi/10.3.1/../../../../arm-none-eabi/lib/thumb/v7e-m+fp/hard/libnosys.a
END GROUP
START GROUP
LOAD /opt/st/stm32cubeide_1.12.0/plugins/com.st.stm32cube.ide.mcu.externaltools.gnu-tools-for-stm32.10.3-2021.10.linux64_1.0.200.202301161003/tools/bin/../lib/gcc/arm-none-eabi/10.3.1/thumb/v7e-m+fp/hard/libgcc.a
LOAD /opt/st/stm32cubeide_1.12.0/plugins/com.st.stm32cube.ide.mcu.externaltools.gnu-tools-for-stm32.10.3-2021.10.linux64_1.0.200.202301161003/tools/bin/../lib/gcc/arm-none-eabi/10.3.1/../../../../arm-none-eabi/lib/thumb/v7e-m+fp/hard/libc_nano.a
LOAD /opt/st/stm32cubeide_1.12.0/plugins/com.st.stm32cube.ide.mcu.externaltools.gnu-tools-for-stm32.10.3-2021.10.linux64_1.0.200.202301161003/tools/bin/../lib/gcc/arm-none-eabi/10.3.1/../../../../arm-none-eabi/lib/thumb/v7e-m+fp/hard/libnosys.a
END GROUP
LOAD /opt/st/stm32cubeide_1.12.0/plugins/com.st.stm32cube.ide.mcu.externaltools.gnu-tools-for-stm32.10.3-2021.10.linux64_1.0.200.202301161003/tools/bin/../lib/gcc/arm-none-eabi/10.3.1/thumb/v7e-m+fp/hard/crtend.o
LOAD /opt/st/stm32cubeide_1.12.0/plugins/com.st.stm32cube.ide.mcu.externaltools.gnu-tools-for-stm32.10.3-2021.10.linux64_1.0.200.202301161003/tools/bin/../lib/gcc/arm-none-eabi/10.3.1/thumb/v7e-m+fp/hard/crtn.o
                0x0000000020008000                _estack = (ORIGIN (RAM) + LENGTH (RAM))
                0x0000000000000200                _Min_Heap_Size = 0x200
                0x0000000000000400                _Min_Stack_Size = 0x400

.isr_vector     0x0000000008000000      0x1d8
                0x0000000008000000                . = ALIGN (0x4)
 *(.isr_vector)
 .isr_vector    0x0000000008000000      0x1d8 ./Core/Startup/startup_stm32g431kbtx.o
                0x0000000008000000                g_pfnVectors
                0x00000000080001d8                . = ALIGN (0x4)

.text           0x00000000080001d8     0x7b3c
                0x00000000080001d8                . = ALIGN (0x4)
 *(.text)
 .text          0x00000000080001d8       0x40 /opt/st/stm32cubeide_1.12.0/plugins/com.st.stm32cube.ide.mcu.externaltools.gnu-tools-for-stm32.10.3-2021.10.linux64_1.0.200.202301161003/tools/bin/../lib/gcc/arm-none-eabi/10.3.1/thumb/v7e-m+fp/hard/crtbegin.o
 *(.text*)
 .text.main     0x0000000008000218      0x37c ./Core/Src/main.o
                0x0000000008000218                main
 .text.SystemClock_Config
                0x0000000008000594       0x84 ./Core/Src/main.o
                0x0000000008000594                SystemClock_Config
 .text.MX_ADC1_Init
                0x0000000008000618      0x150 ./Core/Src/main.o
 .text.MX_DAC1_Init
                0x0000000008000768       0x88 ./Core/Src/main.o
 .text.MX_I2C2_Init
                0x00000000080007f0       0x80 ./Core/Src/main.o
 .text.MX_RTC_Init
                0x0000000008000870       0xc4 ./Core/Src/main.o
 .text.MX_TIM1_Init
                0x0000000008000934       0xa8 ./Core/Src/main.o
 .text.MX_TIM2_Init
                0x00000000080009dc       0xa8 ./Core/Src/main.o
 .text.MX_TIM3_Init
                0x0000000008000a84       0x9c ./Core/Src/main.o
 .text.MX_TIM4_Init
                0x0000000008000b20       0xac ./Core/Src/main.o
 .text.MX_DMA_Init
                0x0000000008000bcc       0x54 ./Core/Src/main.o
 .text.MX_GPIO_Init
                0x0000000008000c20      0x110 ./Core/Src/main.o
 .text.Pantalla_inicial
                0x0000000008000d30       0x5c ./Core/Src/main.o
                0x0000000008000d30                Pantalla_inicial
 .text.Leer_botones
                0x0000000008000d8c       0xbe ./Core/Src/main.o
                0x0000000008000d8c                Leer_botones
 *fill*         0x0000000008000e4a        0x2 
 .text.Leer_encoder
                0x0000000008000e4c       0x38 ./Core/Src/main.o
                0x0000000008000e4c                Leer_encoder
 .text.Leer_encoder1
                0x0000000008000e84       0x14 ./Core/Src/main.o
                0x0000000008000e84                Leer_encoder1
 .text.Pantalla_menu_inicial
                0x0000000008000e98       0xd8 ./Core/Src/main.o
                0x0000000008000e98                Pantalla_menu_inicial
 .text.menu_monitoreo
                0x0000000008000f70       0xa0 ./Core/Src/main.o
                0x0000000008000f70                menu_monitoreo
 .text.monitoreo_digital
                0x0000000008001010      0x188 ./Core/Src/main.o
                0x0000000008001010                monitoreo_digital
 .text.monitoreo_analogico
                0x0000000008001198      0x1bc ./Core/Src/main.o
                0x0000000008001198                monitoreo_analogico
 .text.menu_offsets
                0x0000000008001354      0x410 ./Core/Src/main.o
                0x0000000008001354                menu_offsets
 .text.Establecer_valor
                0x0000000008001764      0x300 ./Core/Src/main.o
                0x0000000008001764                Establecer_valor
 .text.Establecer_valor_prueba
                0x0000000008001a64      0x2d0 ./Core/Src/main.o
                0x0000000008001a64                Establecer_valor_prueba
 .text.AI1_leer
                0x0000000008001d34       0x3c ./Core/Src/main.o
                0x0000000008001d34                AI1_leer
 .text.menu_instalador_1
                0x0000000008001d70      0x214 ./Core/Src/main.o
                0x0000000008001d70                menu_instalador_1
 .text.cambiar_opcion
                0x0000000008001f84      0x114 ./Core/Src/main.o
                0x0000000008001f84                cambiar_opcion
 .text.pantalla_cancelar
                0x0000000008002098       0x38 ./Core/Src/main.o
                0x0000000008002098                pantalla_cancelar
 .text.pantalla_guardado
                0x00000000080020d0       0x38 ./Core/Src/main.o
                0x00000000080020d0                pantalla_guardado
 .text.Encoder_reiniciar
                0x0000000008002108       0x1c ./Core/Src/main.o
                0x0000000008002108                Encoder_reiniciar
 .text.Error_Handler
                0x0000000008002124       0x34 ./Core/Src/main.o
                0x0000000008002124                Error_Handler
 .text.HAL_MspInit
                0x0000000008002158       0x68 ./Core/Src/stm32g4xx_hal_msp.o
                0x0000000008002158                HAL_MspInit
 .text.HAL_ADC_MspInit
                0x00000000080021c0      0x138 ./Core/Src/stm32g4xx_hal_msp.o
                0x00000000080021c0                HAL_ADC_MspInit
 .text.HAL_DAC_MspInit
                0x00000000080022f8       0x7c ./Core/Src/stm32g4xx_hal_msp.o
                0x00000000080022f8                HAL_DAC_MspInit
 .text.HAL_I2C_MspInit
                0x0000000008002374       0xb0 ./Core/Src/stm32g4xx_hal_msp.o
                0x0000000008002374                HAL_I2C_MspInit
 .text.HAL_RTC_MspInit
                0x0000000008002424       0x78 ./Core/Src/stm32g4xx_hal_msp.o
                0x0000000008002424                HAL_RTC_MspInit
 .text.HAL_TIM_Base_MspInit
                0x000000000800249c       0x84 ./Core/Src/stm32g4xx_hal_msp.o
                0x000000000800249c                HAL_TIM_Base_MspInit
 .text.HAL_TIM_Encoder_MspInit
                0x0000000008002520       0xe4 ./Core/Src/stm32g4xx_hal_msp.o
                0x0000000008002520                HAL_TIM_Encoder_MspInit
 .text.NMI_Handler
                0x0000000008002604        0x6 ./Core/Src/stm32g4xx_it.o
                0x0000000008002604                NMI_Handler
 *fill*         0x000000000800260a        0x2 
 .text.HardFault_Handler
                0x000000000800260c       0x30 ./Core/Src/stm32g4xx_it.o
                0x000000000800260c                HardFault_Handler
 .text.MemManage_Handler
                0x000000000800263c        0x6 ./Core/Src/stm32g4xx_it.o
                0x000000000800263c                MemManage_Handler
 .text.BusFault_Handler
                0x0000000008002642        0x6 ./Core/Src/stm32g4xx_it.o
                0x0000000008002642                BusFault_Handler
 .text.UsageFault_Handler
                0x0000000008002648        0x6 ./Core/Src/stm32g4xx_it.o
                0x0000000008002648                UsageFault_Handler
 .text.SVC_Handler
                0x000000000800264e        0xe ./Core/Src/stm32g4xx_it.o
                0x000000000800264e                SVC_Handler
 .text.DebugMon_Handler
                0x000000000800265c        0xe ./Core/Src/stm32g4xx_it.o
                0x000000000800265c                DebugMon_Handler
 .text.PendSV_Handler
                0x000000000800266a        0xe ./Core/Src/stm32g4xx_it.o
                0x000000000800266a                PendSV_Handler
 .text.SysTick_Handler
                0x0000000008002678        0xc ./Core/Src/stm32g4xx_it.o
                0x0000000008002678                SysTick_Handler
 .text.DMA1_Channel1_IRQHandler
                0x0000000008002684       0x14 ./Core/Src/stm32g4xx_it.o
                0x0000000008002684                DMA1_Channel1_IRQHandler
 .text.TIM1_BRK_TIM15_IRQHandler
                0x0000000008002698       0x14 ./Core/Src/stm32g4xx_it.o
                0x0000000008002698                TIM1_BRK_TIM15_IRQHandler
 .text.TIM3_IRQHandler
                0x00000000080026ac       0x14 ./Core/Src/stm32g4xx_it.o
                0x00000000080026ac                TIM3_IRQHandler
 .text.SystemInit
                0x00000000080026c0       0x24 ./Core/Src/system_stm32g4xx.o
                0x00000000080026c0                SystemInit
 .text.Reset_Handler
                0x00000000080026e4       0x50 ./Core/Startup/startup_stm32g431kbtx.o
                0x00000000080026e4                Reset_Handler
 .text.Default_Handler
                0x0000000008002734        0x2 ./Core/Startup/startup_stm32g431kbtx.o
                0x0000000008002734                RTC_Alarm_IRQHandler
                0x0000000008002734                EXTI2_IRQHandler
                0x0000000008002734                TIM8_TRG_COM_IRQHandler
                0x0000000008002734                TIM8_CC_IRQHandler
                0x0000000008002734                TIM1_CC_IRQHandler
                0x0000000008002734                USB_HP_IRQHandler
                0x0000000008002734                CORDIC_IRQHandler
                0x0000000008002734                EXTI3_IRQHandler
                0x0000000008002734                I2C3_ER_IRQHandler
                0x0000000008002734                EXTI0_IRQHandler
                0x0000000008002734                I2C2_EV_IRQHandler
                0x0000000008002734                FPU_IRQHandler
                0x0000000008002734                FDCAN1_IT1_IRQHandler
                0x0000000008002734                TIM1_UP_TIM16_IRQHandler
                0x0000000008002734                ADC1_2_IRQHandler
                0x0000000008002734                SPI1_IRQHandler
                0x0000000008002734                TIM6_DAC_IRQHandler
                0x0000000008002734                TIM8_UP_IRQHandler
                0x0000000008002734                DMA2_Channel2_IRQHandler
                0x0000000008002734                DMA1_Channel4_IRQHandler
                0x0000000008002734                USART3_IRQHandler
                0x0000000008002734                TIM4_IRQHandler
                0x0000000008002734                DMA2_Channel1_IRQHandler
                0x0000000008002734                I2C1_EV_IRQHandler
                0x0000000008002734                DMA1_Channel6_IRQHandler
                0x0000000008002734                UART4_IRQHandler
                0x0000000008002734                DMA2_Channel4_IRQHandler
                0x0000000008002734                RCC_IRQHandler
                0x0000000008002734                Default_Handler
                0x0000000008002734                RTC_TAMP_LSECSS_IRQHandler
                0x0000000008002734                FMAC_IRQHandler
                0x0000000008002734                EXTI15_10_IRQHandler
                0x0000000008002734                TIM7_IRQHandler
                0x0000000008002734                UCPD1_IRQHandler
                0x0000000008002734                I2C3_EV_IRQHandler
                0x0000000008002734                EXTI9_5_IRQHandler
                0x0000000008002734                RTC_WKUP_IRQHandler
                0x0000000008002734                PVD_PVM_IRQHandler
                0x0000000008002734                SPI2_IRQHandler
                0x0000000008002734                DMA2_Channel5_IRQHandler
                0x0000000008002734                CRS_IRQHandler
                0x0000000008002734                DMA1_Channel5_IRQHandler
                0x0000000008002734                USB_LP_IRQHandler
                0x0000000008002734                EXTI4_IRQHandler
                0x0000000008002734                RNG_IRQHandler
                0x0000000008002734                TIM1_TRG_COM_TIM17_IRQHandler
                0x0000000008002734                DMA1_Channel3_IRQHandler
                0x0000000008002734                WWDG_IRQHandler
                0x0000000008002734                LPUART1_IRQHandler
                0x0000000008002734                DMA2_Channel6_IRQHandler
                0x0000000008002734                FDCAN1_IT0_IRQHandler
                0x0000000008002734                TIM2_IRQHandler
                0x0000000008002734                COMP1_2_3_IRQHandler
                0x0000000008002734                EXTI1_IRQHandler
                0x0000000008002734                USART2_IRQHandler
                0x0000000008002734                I2C2_ER_IRQHandler
                0x0000000008002734                DMA1_Channel2_IRQHandler
                0x0000000008002734                TIM8_BRK_IRQHandler
                0x0000000008002734                FLASH_IRQHandler
                0x0000000008002734                USART1_IRQHandler
                0x0000000008002734                SPI3_IRQHandler
                0x0000000008002734                I2C1_ER_IRQHandler
                0x0000000008002734                LPTIM1_IRQHandler
                0x0000000008002734                DMAMUX_OVR_IRQHandler
                0x0000000008002734                USBWakeUp_IRQHandler
                0x0000000008002734                SAI1_IRQHandler
                0x0000000008002734                DMA2_Channel3_IRQHandler
                0x0000000008002734                COMP4_IRQHandler
 .text.ssd1306_Reset
                0x0000000008002736        0xe ./Drivers/SSD1306_driver/ssd1306.o
                0x0000000008002736                ssd1306_Reset
 .text.ssd1306_WriteCommand
                0x0000000008002744       0x30 ./Drivers/SSD1306_driver/ssd1306.o
                0x0000000008002744                ssd1306_WriteCommand
 .text.ssd1306_WriteData
                0x0000000008002774       0x34 ./Drivers/SSD1306_driver/ssd1306.o
                0x0000000008002774                ssd1306_WriteData
 .text.ssd1306_Init
                0x00000000080027a8       0xd4 ./Drivers/SSD1306_driver/ssd1306.o
                0x00000000080027a8                ssd1306_Init
 .text.ssd1306_Fill
                0x000000000800287c       0x48 ./Drivers/SSD1306_driver/ssd1306.o
                0x000000000800287c                ssd1306_Fill
 .text.ssd1306_UpdateScreen
                0x00000000080028c4       0x50 ./Drivers/SSD1306_driver/ssd1306.o
                0x00000000080028c4                ssd1306_UpdateScreen
 .text.ssd1306_DrawPixel
                0x0000000008002914       0xa8 ./Drivers/SSD1306_driver/ssd1306.o
                0x0000000008002914                ssd1306_DrawPixel
 .text.ssd1306_WriteChar
                0x00000000080029bc      0x110 ./Drivers/SSD1306_driver/ssd1306.o
                0x00000000080029bc                ssd1306_WriteChar
 .text.ssd1306_WriteString
                0x0000000008002acc       0x4c ./Drivers/SSD1306_driver/ssd1306.o
                0x0000000008002acc                ssd1306_WriteString
 .text.ssd1306_SetCursor
                0x0000000008002b18       0x30 ./Drivers/SSD1306_driver/ssd1306.o
                0x0000000008002b18                ssd1306_SetCursor
 .text.ssd1306_SetContrast
                0x0000000008002b48       0x26 ./Drivers/SSD1306_driver/ssd1306.o
                0x0000000008002b48                ssd1306_SetContrast
 *fill*         0x0000000008002b6e        0x2 
 .text.ssd1306_SetDisplayOn
                0x0000000008002b70       0x3c ./Drivers/SSD1306_driver/ssd1306.o
                0x0000000008002b70                ssd1306_SetDisplayOn
 .text.HAL_Init
                0x0000000008002bac       0x30 ./Drivers/STM32G4xx_HAL_Driver/Src/stm32g4xx_hal.o
                0x0000000008002bac                HAL_Init
 .text.HAL_InitTick
                0x0000000008002bdc       0x74 ./Drivers/STM32G4xx_HAL_Driver/Src/stm32g4xx_hal.o
                0x0000000008002bdc                HAL_InitTick
 .text.HAL_IncTick
                0x0000000008002c50       0x24 ./Drivers/STM32G4xx_HAL_Driver/Src/stm32g4xx_hal.o
                0x0000000008002c50                HAL_IncTick
 .text.HAL_GetTick
                0x0000000008002c74       0x18 ./Drivers/STM32G4xx_HAL_Driver/Src/stm32g4xx_hal.o
                0x0000000008002c74                HAL_GetTick
 .text.HAL_Delay
                0x0000000008002c8c       0x44 ./Drivers/STM32G4xx_HAL_Driver/Src/stm32g4xx_hal.o
                0x0000000008002c8c                HAL_Delay
 .text.LL_ADC_SetCommonClock
                0x0000000008002cd0       0x26 ./Drivers/STM32G4xx_HAL_Driver/Src/stm32g4xx_hal_adc.o
 .text.LL_ADC_SetCommonPathInternalCh
                0x0000000008002cf6       0x26 ./Drivers/STM32G4xx_HAL_Driver/Src/stm32g4xx_hal_adc.o
 .text.LL_ADC_GetCommonPathInternalCh
                0x0000000008002d1c       0x1c ./Drivers/STM32G4xx_HAL_Driver/Src/stm32g4xx_hal_adc.o
 .text.LL_ADC_SetOffset
                0x0000000008002d38       0x48 ./Drivers/STM32G4xx_HAL_Driver/Src/stm32g4xx_hal_adc.o
 .text.LL_ADC_GetOffsetChannel
                0x0000000008002d80       0x2c ./Drivers/STM32G4xx_HAL_Driver/Src/stm32g4xx_hal_adc.o
 .text.LL_ADC_SetOffsetState
                0x0000000008002dac       0x36 ./Drivers/STM32G4xx_HAL_Driver/Src/stm32g4xx_hal_adc.o
 .text.LL_ADC_SetOffsetSign
                0x0000000008002de2       0x36 ./Drivers/STM32G4xx_HAL_Driver/Src/stm32g4xx_hal_adc.o
 .text.LL_ADC_SetOffsetSaturation
                0x0000000008002e18       0x36 ./Drivers/STM32G4xx_HAL_Driver/Src/stm32g4xx_hal_adc.o
 .text.LL_ADC_SetSamplingTimeCommonConfig
                0x0000000008002e4e       0x26 ./Drivers/STM32G4xx_HAL_Driver/Src/stm32g4xx_hal_adc.o
 .text.LL_ADC_REG_IsTriggerSourceSWStart
                0x0000000008002e74       0x26 ./Drivers/STM32G4xx_HAL_Driver/Src/stm32g4xx_hal_adc.o
 .text.LL_ADC_REG_SetSequencerRanks
                0x0000000008002e9a       0x58 ./Drivers/STM32G4xx_HAL_Driver/Src/stm32g4xx_hal_adc.o
 .text.LL_ADC_SetChannelSamplingTime
                0x0000000008002ef2       0x56 ./Drivers/STM32G4xx_HAL_Driver/Src/stm32g4xx_hal_adc.o
 .text.LL_ADC_SetChannelSingleDiff
                0x0000000008002f48       0x50 ./Drivers/STM32G4xx_HAL_Driver/Src/stm32g4xx_hal_adc.o
 .text.LL_ADC_GetMultimode
                0x0000000008002f98       0x1c ./Drivers/STM32G4xx_HAL_Driver/Src/stm32g4xx_hal_adc.o
 .text.LL_ADC_GetMultiDMATransfer
                0x0000000008002fb4       0x1c ./Drivers/STM32G4xx_HAL_Driver/Src/stm32g4xx_hal_adc.o
 .text.LL_ADC_DisableDeepPowerDown
                0x0000000008002fd0       0x24 ./Drivers/STM32G4xx_HAL_Driver/Src/stm32g4xx_hal_adc.o
 .text.LL_ADC_IsDeepPowerDownEnabled
                0x0000000008002ff4       0x28 ./Drivers/STM32G4xx_HAL_Driver/Src/stm32g4xx_hal_adc.o
 .text.LL_ADC_EnableInternalRegulator
                0x000000000800301c       0x28 ./Drivers/STM32G4xx_HAL_Driver/Src/stm32g4xx_hal_adc.o
 .text.LL_ADC_IsInternalRegulatorEnabled
                0x0000000008003044       0x28 ./Drivers/STM32G4xx_HAL_Driver/Src/stm32g4xx_hal_adc.o
 .text.LL_ADC_Enable
                0x000000000800306c       0x28 ./Drivers/STM32G4xx_HAL_Driver/Src/stm32g4xx_hal_adc.o
 .text.LL_ADC_Disable
                0x0000000008003094       0x28 ./Drivers/STM32G4xx_HAL_Driver/Src/stm32g4xx_hal_adc.o
 .text.LL_ADC_IsEnabled
                0x00000000080030bc       0x26 ./Drivers/STM32G4xx_HAL_Driver/Src/stm32g4xx_hal_adc.o
 .text.LL_ADC_IsDisableOngoing
                0x00000000080030e2       0x26 ./Drivers/STM32G4xx_HAL_Driver/Src/stm32g4xx_hal_adc.o
 .text.LL_ADC_REG_StartConversion
                0x0000000008003108       0x28 ./Drivers/STM32G4xx_HAL_Driver/Src/stm32g4xx_hal_adc.o
 .text.LL_ADC_REG_StopConversion
                0x0000000008003130       0x28 ./Drivers/STM32G4xx_HAL_Driver/Src/stm32g4xx_hal_adc.o
 .text.LL_ADC_REG_IsConversionOngoing
                0x0000000008003158       0x26 ./Drivers/STM32G4xx_HAL_Driver/Src/stm32g4xx_hal_adc.o
 .text.LL_ADC_INJ_StopConversion
                0x000000000800317e       0x28 ./Drivers/STM32G4xx_HAL_Driver/Src/stm32g4xx_hal_adc.o
 .text.LL_ADC_INJ_IsConversionOngoing
                0x00000000080031a6       0x26 ./Drivers/STM32G4xx_HAL_Driver/Src/stm32g4xx_hal_adc.o
 .text.HAL_ADC_Init
                0x00000000080031cc      0x314 ./Drivers/STM32G4xx_HAL_Driver/Src/stm32g4xx_hal_adc.o
                0x00000000080031cc                HAL_ADC_Init
 .text.HAL_ADC_Start
                0x00000000080034e0      0x178 ./Drivers/STM32G4xx_HAL_Driver/Src/stm32g4xx_hal_adc.o
                0x00000000080034e0                HAL_ADC_Start
 .text.HAL_ADC_Stop
                0x0000000008003658       0x66 ./Drivers/STM32G4xx_HAL_Driver/Src/stm32g4xx_hal_adc.o
                0x0000000008003658                HAL_ADC_Stop
 *fill*         0x00000000080036be        0x2 
 .text.HAL_ADC_PollForConversion
                0x00000000080036c0      0x1b0 ./Drivers/STM32G4xx_HAL_Driver/Src/stm32g4xx_hal_adc.o
                0x00000000080036c0                HAL_ADC_PollForConversion
 .text.HAL_ADC_GetValue
                0x0000000008003870       0x1a ./Drivers/STM32G4xx_HAL_Driver/Src/stm32g4xx_hal_adc.o
                0x0000000008003870                HAL_ADC_GetValue
 *fill*         0x000000000800388a        0x2 
 .text.HAL_ADC_ConfigChannel
                0x000000000800388c      0x7e0 ./Drivers/STM32G4xx_HAL_Driver/Src/stm32g4xx_hal_adc.o
                0x000000000800388c                HAL_ADC_ConfigChannel
 .text.ADC_ConversionStop
                0x000000000800406c      0x178 ./Drivers/STM32G4xx_HAL_Driver/Src/stm32g4xx_hal_adc.o
                0x000000000800406c                ADC_ConversionStop
 .text.ADC_Enable
                0x00000000080041e4       0xc4 ./Drivers/STM32G4xx_HAL_Driver/Src/stm32g4xx_hal_adc.o
                0x00000000080041e4                ADC_Enable
 .text.ADC_Disable
                0x00000000080042a8       0xbe ./Drivers/STM32G4xx_HAL_Driver/Src/stm32g4xx_hal_adc.o
                0x00000000080042a8                ADC_Disable
 .text.LL_ADC_IsEnabled
                0x0000000008004366       0x26 ./Drivers/STM32G4xx_HAL_Driver/Src/stm32g4xx_hal_adc_ex.o
 .text.LL_ADC_REG_IsConversionOngoing
                0x000000000800438c       0x26 ./Drivers/STM32G4xx_HAL_Driver/Src/stm32g4xx_hal_adc_ex.o
 *fill*         0x00000000080043b2        0x2 
 .text.HAL_ADCEx_MultiModeConfigChannel
                0x00000000080043b4      0x148 ./Drivers/STM32G4xx_HAL_Driver/Src/stm32g4xx_hal_adc_ex.o
                0x00000000080043b4                HAL_ADCEx_MultiModeConfigChannel
 .text.__NVIC_SetPriorityGrouping
                0x00000000080044fc       0x48 ./Drivers/STM32G4xx_HAL_Driver/Src/stm32g4xx_hal_cortex.o
 .text.__NVIC_GetPriorityGrouping
                0x0000000008004544       0x1c ./Drivers/STM32G4xx_HAL_Driver/Src/stm32g4xx_hal_cortex.o
 .text.__NVIC_EnableIRQ
                0x0000000008004560       0x3c ./Drivers/STM32G4xx_HAL_Driver/Src/stm32g4xx_hal_cortex.o
 .text.__NVIC_SetPriority
                0x000000000800459c       0x54 ./Drivers/STM32G4xx_HAL_Driver/Src/stm32g4xx_hal_cortex.o
 .text.NVIC_EncodePriority
                0x00000000080045f0       0x66 ./Drivers/STM32G4xx_HAL_Driver/Src/stm32g4xx_hal_cortex.o
 *fill*         0x0000000008004656        0x2 
 .text.SysTick_Config
                0x0000000008004658       0x44 ./Drivers/STM32G4xx_HAL_Driver/Src/stm32g4xx_hal_cortex.o
 .text.HAL_NVIC_SetPriorityGrouping
                0x000000000800469c       0x16 ./Drivers/STM32G4xx_HAL_Driver/Src/stm32g4xx_hal_cortex.o
                0x000000000800469c                HAL_NVIC_SetPriorityGrouping
 .text.HAL_NVIC_SetPriority
                0x00000000080046b2       0x34 ./Drivers/STM32G4xx_HAL_Driver/Src/stm32g4xx_hal_cortex.o
                0x00000000080046b2                HAL_NVIC_SetPriority
 .text.HAL_NVIC_EnableIRQ
                0x00000000080046e6       0x1c ./Drivers/STM32G4xx_HAL_Driver/Src/stm32g4xx_hal_cortex.o
                0x00000000080046e6                HAL_NVIC_EnableIRQ
 .text.HAL_SYSTICK_Config
                0x0000000008004702       0x18 ./Drivers/STM32G4xx_HAL_Driver/Src/stm32g4xx_hal_cortex.o
                0x0000000008004702                HAL_SYSTICK_Config
 .text.HAL_DAC_Init
                0x000000000800471a       0x44 ./Drivers/STM32G4xx_HAL_Driver/Src/stm32g4xx_hal_dac.o
                0x000000000800471a                HAL_DAC_Init
 .text.HAL_DAC_Start
                0x000000000800475e       0xa6 ./Drivers/STM32G4xx_HAL_Driver/Src/stm32g4xx_hal_dac.o
                0x000000000800475e                HAL_DAC_Start
 .text.HAL_DAC_SetValue
                0x0000000008004804       0x50 ./Drivers/STM32G4xx_HAL_Driver/Src/stm32g4xx_hal_dac.o
                0x0000000008004804                HAL_DAC_SetValue
 .text.HAL_DAC_ConfigChannel
                0x0000000008004854      0x350 ./Drivers/STM32G4xx_HAL_Driver/Src/stm32g4xx_hal_dac.o
                0x0000000008004854                HAL_DAC_ConfigChannel
 .text.HAL_DMA_Init
                0x0000000008004ba4      0x150 ./Drivers/STM32G4xx_HAL_Driver/Src/stm32g4xx_hal_dma.o
                0x0000000008004ba4                HAL_DMA_Init
 .text.HAL_DMA_IRQHandler
                0x0000000008004cf4      0x15e ./Drivers/STM32G4xx_HAL_Driver/Src/stm32g4xx_hal_dma.o
                0x0000000008004cf4                HAL_DMA_IRQHandler
 *fill*         0x0000000008004e52        0x2 
 .text.DMA_CalcDMAMUXChannelBaseAndMask
                0x0000000008004e54       0x7c ./Drivers/STM32G4xx_HAL_Driver/Src/stm32g4xx_hal_dma.o
 .text.DMA_CalcDMAMUXRequestGenBaseAndMask
                0x0000000008004ed0       0x48 ./Drivers/STM32G4xx_HAL_Driver/Src/stm32g4xx_hal_dma.o
 .text.HAL_FLASH_Lock
                0x0000000008004f18       0x34 ./Drivers/STM32G4xx_HAL_Driver/Src/stm32g4xx_hal_flash.o
                0x0000000008004f18                HAL_FLASH_Lock
 .text.HAL_GPIO_Init
                0x0000000008004f4c      0x304 ./Drivers/STM32G4xx_HAL_Driver/Src/stm32g4xx_hal_gpio.o
                0x0000000008004f4c                HAL_GPIO_Init
 .text.HAL_GPIO_ReadPin
                0x0000000008005250       0x30 ./Drivers/STM32G4xx_HAL_Driver/Src/stm32g4xx_hal_gpio.o
                0x0000000008005250                HAL_GPIO_ReadPin
 .text.HAL_GPIO_WritePin
                0x0000000008005280       0x30 ./Drivers/STM32G4xx_HAL_Driver/Src/stm32g4xx_hal_gpio.o
                0x0000000008005280                HAL_GPIO_WritePin
 .text.HAL_I2C_Init
                0x00000000080052b0      0x11e ./Drivers/STM32G4xx_HAL_Driver/Src/stm32g4xx_hal_i2c.o
                0x00000000080052b0                HAL_I2C_Init
 *fill*         0x00000000080053ce        0x2 
 .text.HAL_I2C_Mem_Write
                0x00000000080053d0      0x228 ./Drivers/STM32G4xx_HAL_Driver/Src/stm32g4xx_hal_i2c.o
                0x00000000080053d0                HAL_I2C_Mem_Write
 .text.I2C_RequestMemoryWrite
                0x00000000080055f8       0xa8 ./Drivers/STM32G4xx_HAL_Driver/Src/stm32g4xx_hal_i2c.o
 .text.I2C_Flush_TXDR
                0x00000000080056a0       0x48 ./Drivers/STM32G4xx_HAL_Driver/Src/stm32g4xx_hal_i2c.o
 .text.I2C_WaitOnFlagUntilTimeout
                0x00000000080056e8       0x80 ./Drivers/STM32G4xx_HAL_Driver/Src/stm32g4xx_hal_i2c.o
 .text.I2C_WaitOnTXISFlagUntilTimeout
                0x0000000008005768       0x80 ./Drivers/STM32G4xx_HAL_Driver/Src/stm32g4xx_hal_i2c.o
 .text.I2C_WaitOnSTOPFlagUntilTimeout
                0x00000000080057e8       0x78 ./Drivers/STM32G4xx_HAL_Driver/Src/stm32g4xx_hal_i2c.o
 .text.I2C_IsErrorOccurred
                0x0000000008005860      0x1d8 ./Drivers/STM32G4xx_HAL_Driver/Src/stm32g4xx_hal_i2c.o
 .text.I2C_TransferConfig
                0x0000000008005a38       0x64 ./Drivers/STM32G4xx_HAL_Driver/Src/stm32g4xx_hal_i2c.o
 .text.HAL_I2CEx_ConfigAnalogFilter
                0x0000000008005a9c       0x96 ./Drivers/STM32G4xx_HAL_Driver/Src/stm32g4xx_hal_i2c_ex.o
                0x0000000008005a9c                HAL_I2CEx_ConfigAnalogFilter
 .text.HAL_I2CEx_ConfigDigitalFilter
                0x0000000008005b32       0x98 ./Drivers/STM32G4xx_HAL_Driver/Src/stm32g4xx_hal_i2c_ex.o
                0x0000000008005b32                HAL_I2CEx_ConfigDigitalFilter
 *fill*         0x0000000008005bca        0x2 
 .text.HAL_PWR_ConfigPVD
                0x0000000008005bcc       0xc0 ./Drivers/STM32G4xx_HAL_Driver/Src/stm32g4xx_hal_pwr.o
                0x0000000008005bcc                HAL_PWR_ConfigPVD
 .text.HAL_PWR_EnablePVD
                0x0000000008005c8c       0x20 ./Drivers/STM32G4xx_HAL_Driver/Src/stm32g4xx_hal_pwr.o
                0x0000000008005c8c                HAL_PWR_EnablePVD
 .text.HAL_PWREx_ControlVoltageScaling
                0x0000000008005cac      0x148 ./Drivers/STM32G4xx_HAL_Driver/Src/stm32g4xx_hal_pwr_ex.o
                0x0000000008005cac                HAL_PWREx_ControlVoltageScaling
 .text.HAL_PWREx_DisableUCPDDeadBattery
                0x0000000008005df4       0x20 ./Drivers/STM32G4xx_HAL_Driver/Src/stm32g4xx_hal_pwr_ex.o
                0x0000000008005df4                HAL_PWREx_DisableUCPDDeadBattery
 .text.HAL_RCC_OscConfig
                0x0000000008005e14      0x630 ./Drivers/STM32G4xx_HAL_Driver/Src/stm32g4xx_hal_rcc.o
                0x0000000008005e14                HAL_RCC_OscConfig
 .text.HAL_RCC_ClockConfig
                0x0000000008006444      0x278 ./Drivers/STM32G4xx_HAL_Driver/Src/stm32g4xx_hal_rcc.o
                0x0000000008006444                HAL_RCC_ClockConfig
 .text.HAL_RCC_GetSysClockFreq
                0x00000000080066bc       0xc4 ./Drivers/STM32G4xx_HAL_Driver/Src/stm32g4xx_hal_rcc.o
                0x00000000080066bc                HAL_RCC_GetSysClockFreq
 .text.HAL_RCC_GetHCLKFreq
                0x0000000008006780       0x18 ./Drivers/STM32G4xx_HAL_Driver/Src/stm32g4xx_hal_rcc.o
                0x0000000008006780                HAL_RCC_GetHCLKFreq
 .text.RCC_GetSysClockFreqFromPLLSource
                0x0000000008006798       0x8c ./Drivers/STM32G4xx_HAL_Driver/Src/stm32g4xx_hal_rcc.o
 .text.HAL_RCCEx_PeriphCLKConfig
                0x0000000008006824      0x3e0 ./Drivers/STM32G4xx_HAL_Driver/Src/stm32g4xx_hal_rcc_ex.o
                0x0000000008006824                HAL_RCCEx_PeriphCLKConfig
 .text.HAL_RTC_Init
                0x0000000008006c04       0xea ./Drivers/STM32G4xx_HAL_Driver/Src/stm32g4xx_hal_rtc.o
                0x0000000008006c04                HAL_RTC_Init
 .text.HAL_RTC_SetTime
                0x0000000008006cee      0x13a ./Drivers/STM32G4xx_HAL_Driver/Src/stm32g4xx_hal_rtc.o
                0x0000000008006cee                HAL_RTC_SetTime
 .text.HAL_RTC_SetDate
                0x0000000008006e28      0x10e ./Drivers/STM32G4xx_HAL_Driver/Src/stm32g4xx_hal_rtc.o
                0x0000000008006e28                HAL_RTC_SetDate
 .text.HAL_RTC_WaitForSynchro
                0x0000000008006f36       0x4c ./Drivers/STM32G4xx_HAL_Driver/Src/stm32g4xx_hal_rtc.o
                0x0000000008006f36                HAL_RTC_WaitForSynchro
 .text.RTC_EnterInitMode
                0x0000000008006f82       0x6c ./Drivers/STM32G4xx_HAL_Driver/Src/stm32g4xx_hal_rtc.o
                0x0000000008006f82                RTC_EnterInitMode
 .text.RTC_ExitInitMode
                0x0000000008006fee       0x86 ./Drivers/STM32G4xx_HAL_Driver/Src/stm32g4xx_hal_rtc.o
                0x0000000008006fee                RTC_ExitInitMode
 .text.RTC_ByteToBcd2
                0x0000000008007074       0x40 ./Drivers/STM32G4xx_HAL_Driver/Src/stm32g4xx_hal_rtc.o
                0x0000000008007074                RTC_ByteToBcd2
 .text.HAL_TIM_Base_Init
                0x00000000080070b4       0xae ./Drivers/STM32G4xx_HAL_Driver/Src/stm32g4xx_hal_tim.o
                0x00000000080070b4                HAL_TIM_Base_Init
 .text.HAL_TIM_Encoder_Init
                0x0000000008007162      0x14c ./Drivers/STM32G4xx_HAL_Driver/Src/stm32g4xx_hal_tim.o
                0x0000000008007162                HAL_TIM_Encoder_Init
 .text.HAL_TIM_IRQHandler
                0x00000000080072ae      0x2fe ./Drivers/STM32G4xx_HAL_Driver/Src/stm32g4xx_hal_tim.o
                0x00000000080072ae                HAL_TIM_IRQHandler
 .text.HAL_TIM_ConfigClockSource
                0x00000000080075ac      0x1f4 ./Drivers/STM32G4xx_HAL_Driver/Src/stm32g4xx_hal_tim.o
                0x00000000080075ac                HAL_TIM_ConfigClockSource
 .text.HAL_TIM_PeriodElapsedCallback
                0x00000000080077a0       0x14 ./Drivers/STM32G4xx_HAL_Driver/Src/stm32g4xx_hal_tim.o
                0x00000000080077a0                HAL_TIM_PeriodElapsedCallback
 .text.HAL_TIM_OC_DelayElapsedCallback
                0x00000000080077b4       0x14 ./Drivers/STM32G4xx_HAL_Driver/Src/stm32g4xx_hal_tim.o
                0x00000000080077b4                HAL_TIM_OC_DelayElapsedCallback
 .text.HAL_TIM_IC_CaptureCallback
                0x00000000080077c8       0x14 ./Drivers/STM32G4xx_HAL_Driver/Src/stm32g4xx_hal_tim.o
                0x00000000080077c8                HAL_TIM_IC_CaptureCallback
 .text.HAL_TIM_PWM_PulseFinishedCallback
                0x00000000080077dc       0x14 ./Drivers/STM32G4xx_HAL_Driver/Src/stm32g4xx_hal_tim.o
                0x00000000080077dc                HAL_TIM_PWM_PulseFinishedCallback
 .text.HAL_TIM_TriggerCallback
                0x00000000080077f0       0x14 ./Drivers/STM32G4xx_HAL_Driver/Src/stm32g4xx_hal_tim.o
                0x00000000080077f0                HAL_TIM_TriggerCallback
 .text.TIM_Base_SetConfig
                0x0000000008007804      0x120 ./Drivers/STM32G4xx_HAL_Driver/Src/stm32g4xx_hal_tim.o
                0x0000000008007804                TIM_Base_SetConfig
 .text.TIM_TI1_ConfigInputStage
                0x0000000008007924       0x5e ./Drivers/STM32G4xx_HAL_Driver/Src/stm32g4xx_hal_tim.o
 .text.TIM_TI2_ConfigInputStage
                0x0000000008007982       0x60 ./Drivers/STM32G4xx_HAL_Driver/Src/stm32g4xx_hal_tim.o
 .text.TIM_ITRx_SetConfig
                0x00000000080079e2       0x3a ./Drivers/STM32G4xx_HAL_Driver/Src/stm32g4xx_hal_tim.o
 .text.TIM_ETR_SetConfig
                0x0000000008007a1c       0x40 ./Drivers/STM32G4xx_HAL_Driver/Src/stm32g4xx_hal_tim.o
                0x0000000008007a1c                TIM_ETR_SetConfig
 .text.HAL_TIMEx_MasterConfigSynchronization
                0x0000000008007a5c      0x104 ./Drivers/STM32G4xx_HAL_Driver/Src/stm32g4xx_hal_tim_ex.o
                0x0000000008007a5c                HAL_TIMEx_MasterConfigSynchronization
 .text.HAL_TIMEx_CommutCallback
                0x0000000008007b60       0x14 ./Drivers/STM32G4xx_HAL_Driver/Src/stm32g4xx_hal_tim_ex.o
                0x0000000008007b60                HAL_TIMEx_CommutCallback
 .text.HAL_TIMEx_BreakCallback
                0x0000000008007b74       0x14 ./Drivers/STM32G4xx_HAL_Driver/Src/stm32g4xx_hal_tim_ex.o
                0x0000000008007b74                HAL_TIMEx_BreakCallback
 .text.HAL_TIMEx_Break2Callback
                0x0000000008007b88       0x14 ./Drivers/STM32G4xx_HAL_Driver/Src/stm32g4xx_hal_tim_ex.o
                0x0000000008007b88                HAL_TIMEx_Break2Callback
 .text.HAL_TIMEx_EncoderIndexCallback
                0x0000000008007b9c       0x14 ./Drivers/STM32G4xx_HAL_Driver/Src/stm32g4xx_hal_tim_ex.o
                0x0000000008007b9c                HAL_TIMEx_EncoderIndexCallback
 .text.HAL_TIMEx_DirectionChangeCallback
                0x0000000008007bb0       0x14 ./Drivers/STM32G4xx_HAL_Driver/Src/stm32g4xx_hal_tim_ex.o
                0x0000000008007bb0                HAL_TIMEx_DirectionChangeCallback
 .text.HAL_TIMEx_IndexErrorCallback
                0x0000000008007bc4       0x14 ./Drivers/STM32G4xx_HAL_Driver/Src/stm32g4xx_hal_tim_ex.o
                0x0000000008007bc4                HAL_TIMEx_IndexErrorCallback
 .text.HAL_TIMEx_TransitionErrorCallback
                0x0000000008007bd8       0x14 ./Drivers/STM32G4xx_HAL_Driver/Src/stm32g4xx_hal_tim_ex.o
                0x0000000008007bd8                HAL_TIMEx_TransitionErrorCallback
 .text.__libc_init_array
                0x0000000008007bec       0x48 /opt/st/stm32cubeide_1.12.0/plugins/com.st.stm32cube.ide.mcu.externaltools.gnu-tools-for-stm32.10.3-2021.10.linux64_1.0.200.202301161003/tools/bin/../lib/gcc/arm-none-eabi/10.3.1/../../../../arm-none-eabi/lib/thumb/v7e-m+fp/hard/libc_nano.a(lib_a-init.o)
                0x0000000008007bec                __libc_init_array
 .text.__itoa   0x0000000008007c34       0x30 /opt/st/stm32cubeide_1.12.0/plugins/com.st.stm32cube.ide.mcu.externaltools.gnu-tools-for-stm32.10.3-2021.10.linux64_1.0.200.202301161003/tools/bin/../lib/gcc/arm-none-eabi/10.3.1/../../../../arm-none-eabi/lib/thumb/v7e-m+fp/hard/libc_nano.a(lib_a-itoa.o)
                0x0000000008007c34                __itoa
 .text.itoa     0x0000000008007c64        0x4 /opt/st/stm32cubeide_1.12.0/plugins/com.st.stm32cube.ide.mcu.externaltools.gnu-tools-for-stm32.10.3-2021.10.linux64_1.0.200.202301161003/tools/bin/../lib/gcc/arm-none-eabi/10.3.1/../../../../arm-none-eabi/lib/thumb/v7e-m+fp/hard/libc_nano.a(lib_a-itoa.o)
                0x0000000008007c64                itoa
 .text.memset   0x0000000008007c68       0x10 /opt/st/stm32cubeide_1.12.0/plugins/com.st.stm32cube.ide.mcu.externaltools.gnu-tools-for-stm32.10.3-2021.10.linux64_1.0.200.202301161003/tools/bin/../lib/gcc/arm-none-eabi/10.3.1/../../../../arm-none-eabi/lib/thumb/v7e-m+fp/hard/libc_nano.a(lib_a-memset.o)
                0x0000000008007c68                memset
 .text.__utoa   0x0000000008007c78       0x84 /opt/st/stm32cubeide_1.12.0/plugins/com.st.stm32cube.ide.mcu.externaltools.gnu-tools-for-stm32.10.3-2021.10.linux64_1.0.200.202301161003/tools/bin/../lib/gcc/arm-none-eabi/10.3.1/../../../../arm-none-eabi/lib/thumb/v7e-m+fp/hard/libc_nano.a(lib_a-utoa.o)
                0x0000000008007c78                __utoa
 *(.glue_7)
 .glue_7        0x0000000008007cfc        0x0 linker stubs
 *(.glue_7t)
 .glue_7t       0x0000000008007cfc        0x0 linker stubs
 *(.eh_frame)
 .eh_frame      0x0000000008007cfc        0x0 /opt/st/stm32cubeide_1.12.0/plugins/com.st.stm32cube.ide.mcu.externaltools.gnu-tools-for-stm32.10.3-2021.10.linux64_1.0.200.202301161003/tools/bin/../lib/gcc/arm-none-eabi/10.3.1/thumb/v7e-m+fp/hard/crtbegin.o
 *(.init)
 .init          0x0000000008007cfc        0x4 /opt/st/stm32cubeide_1.12.0/plugins/com.st.stm32cube.ide.mcu.externaltools.gnu-tools-for-stm32.10.3-2021.10.linux64_1.0.200.202301161003/tools/bin/../lib/gcc/arm-none-eabi/10.3.1/thumb/v7e-m+fp/hard/crti.o
                0x0000000008007cfc                _init
 .init          0x0000000008007d00        0x8 /opt/st/stm32cubeide_1.12.0/plugins/com.st.stm32cube.ide.mcu.externaltools.gnu-tools-for-stm32.10.3-2021.10.linux64_1.0.200.202301161003/tools/bin/../lib/gcc/arm-none-eabi/10.3.1/thumb/v7e-m+fp/hard/crtn.o
 *(.fini)
 .fini          0x0000000008007d08        0x4 /opt/st/stm32cubeide_1.12.0/plugins/com.st.stm32cube.ide.mcu.externaltools.gnu-tools-for-stm32.10.3-2021.10.linux64_1.0.200.202301161003/tools/bin/../lib/gcc/arm-none-eabi/10.3.1/thumb/v7e-m+fp/hard/crti.o
                0x0000000008007d08                _fini
 .fini          0x0000000008007d0c        0x8 /opt/st/stm32cubeide_1.12.0/plugins/com.st.stm32cube.ide.mcu.externaltools.gnu-tools-for-stm32.10.3-2021.10.linux64_1.0.200.202301161003/tools/bin/../lib/gcc/arm-none-eabi/10.3.1/thumb/v7e-m+fp/hard/crtn.o
                0x0000000008007d14                . = ALIGN (0x4)
                0x0000000008007d14                _etext = .

.vfp11_veneer   0x0000000008007d14        0x0
 .vfp11_veneer  0x0000000008007d14        0x0 linker stubs

.v4_bx          0x0000000008007d14        0x0
 .v4_bx         0x0000000008007d14        0x0 linker stubs

.iplt           0x0000000008007d14        0x0
 .iplt          0x0000000008007d14        0x0 /opt/st/stm32cubeide_1.12.0/plugins/com.st.stm32cube.ide.mcu.externaltools.gnu-tools-for-stm32.10.3-2021.10.linux64_1.0.200.202301161003/tools/bin/../lib/gcc/arm-none-eabi/10.3.1/thumb/v7e-m+fp/hard/crtbegin.o

.rodata         0x0000000008007d14     0x1d38
                0x0000000008007d14                . = ALIGN (0x4)
 *(.rodata)
 .rodata        0x0000000008007d14      0x3ba ./Core/Src/main.o
 *fill*         0x00000000080080ce        0x2 
 .rodata        0x00000000080080d0        0x6 ./Core/Src/stm32g4xx_it.o
 *(.rodata*)
 *fill*         0x00000000080080d6        0x2 
 .rodata.AHBPrescTable
                0x00000000080080d8       0x10 ./Core/Src/system_stm32g4xx.o
                0x00000000080080d8                AHBPrescTable
 .rodata.Font7x10
                0x00000000080080e8      0x76c ./Drivers/SSD1306_driver/ssd1306_fonts.o
 .rodata.Font16x24
                0x0000000008008854     0x11d0 ./Drivers/SSD1306_driver/ssd1306_fonts.o
 .rodata.__utoa.str1.1
                0x0000000008009a24       0x25 /opt/st/stm32cubeide_1.12.0/plugins/com.st.stm32cube.ide.mcu.externaltools.gnu-tools-for-stm32.10.3-2021.10.linux64_1.0.200.202301161003/tools/bin/../lib/gcc/arm-none-eabi/10.3.1/../../../../arm-none-eabi/lib/thumb/v7e-m+fp/hard/libc_nano.a(lib_a-utoa.o)
                0x0000000008009a4c                . = ALIGN (0x4)
 *fill*         0x0000000008009a49        0x3 

.rel.dyn        0x0000000008009a4c        0x0
 .rel.iplt      0x0000000008009a4c        0x0 /opt/st/stm32cubeide_1.12.0/plugins/com.st.stm32cube.ide.mcu.externaltools.gnu-tools-for-stm32.10.3-2021.10.linux64_1.0.200.202301161003/tools/bin/../lib/gcc/arm-none-eabi/10.3.1/thumb/v7e-m+fp/hard/crtbegin.o

.ARM.extab      0x0000000008009a4c        0x0
                0x0000000008009a4c                . = ALIGN (0x4)
 *(.ARM.extab* .gnu.linkonce.armextab.*)
                0x0000000008009a4c                . = ALIGN (0x4)

.ARM            0x0000000008009a4c        0x0
                0x0000000008009a4c                . = ALIGN (0x4)
                0x0000000008009a4c                __exidx_start = .
 *(.ARM.exidx*)
                0x0000000008009a4c                __exidx_end = .
                0x0000000008009a4c                . = ALIGN (0x4)

.preinit_array  0x0000000008009a4c        0x0
                0x0000000008009a4c                . = ALIGN (0x4)
                0x0000000008009a4c                PROVIDE (__preinit_array_start = .)
 *(.preinit_array*)
                0x0000000008009a4c                PROVIDE (__preinit_array_end = .)
                0x0000000008009a4c                . = ALIGN (0x4)

.init_array     0x0000000008009a4c        0x4
                0x0000000008009a4c                . = ALIGN (0x4)
                0x0000000008009a4c                PROVIDE (__init_array_start = .)
 *(SORT_BY_NAME(.init_array.*))
 *(.init_array*)
 .init_array    0x0000000008009a4c        0x4 /opt/st/stm32cubeide_1.12.0/plugins/com.st.stm32cube.ide.mcu.externaltools.gnu-tools-for-stm32.10.3-2021.10.linux64_1.0.200.202301161003/tools/bin/../lib/gcc/arm-none-eabi/10.3.1/thumb/v7e-m+fp/hard/crtbegin.o
                0x0000000008009a50                PROVIDE (__init_array_end = .)
                0x0000000008009a50                . = ALIGN (0x4)

.fini_array     0x0000000008009a50        0x4
                0x0000000008009a50                . = ALIGN (0x4)
                [!provide]                        PROVIDE (__fini_array_start = .)
 *(SORT_BY_NAME(.fini_array.*))
 *(.fini_array*)
 .fini_array    0x0000000008009a50        0x4 /opt/st/stm32cubeide_1.12.0/plugins/com.st.stm32cube.ide.mcu.externaltools.gnu-tools-for-stm32.10.3-2021.10.linux64_1.0.200.202301161003/tools/bin/../lib/gcc/arm-none-eabi/10.3.1/thumb/v7e-m+fp/hard/crtbegin.o
                [!provide]                        PROVIDE (__fini_array_end = .)
                0x0000000008009a54                . = ALIGN (0x4)
                0x0000000008009a54                _sidata = LOADADDR (.data)

.data           0x0000000020000000       0x20 load address 0x0000000008009a54
                0x0000000020000000                . = ALIGN (0x4)
                0x0000000020000000                _sdata = .
 *(.data)
 *(.data*)
 .data.offset_A0
                0x0000000020000000        0x4 ./Core/Src/main.o
                0x0000000020000000                offset_A0
 .data.SystemCoreClock
                0x0000000020000004        0x4 ./Core/Src/system_stm32g4xx.o
                0x0000000020000004                SystemCoreClock
 .data.Font_7x10
                0x0000000020000008        0x8 ./Drivers/SSD1306_driver/ssd1306_fonts.o
                0x0000000020000008                Font_7x10
 .data.Font_16x24
                0x0000000020000010        0x8 ./Drivers/SSD1306_driver/ssd1306_fonts.o
                0x0000000020000010                Font_16x24
 .data.uwTickPrio
                0x0000000020000018        0x4 ./Drivers/STM32G4xx_HAL_Driver/Src/stm32g4xx_hal.o
                0x0000000020000018                uwTickPrio
 .data.uwTickFreq
                0x000000002000001c        0x4 ./Drivers/STM32G4xx_HAL_Driver/Src/stm32g4xx_hal.o
                0x000000002000001c                uwTickFreq
 *(.RamFunc)
 *(.RamFunc*)
                0x0000000020000020                . = ALIGN (0x4)
                0x0000000020000020                _edata = .

.igot.plt       0x0000000020000020        0x0 load address 0x0000000008009a74
 .igot.plt      0x0000000020000020        0x0 /opt/st/stm32cubeide_1.12.0/plugins/com.st.stm32cube.ide.mcu.externaltools.gnu-tools-for-stm32.10.3-2021.10.linux64_1.0.200.202301161003/tools/bin/../lib/gcc/arm-none-eabi/10.3.1/thumb/v7e-m+fp/hard/crtbegin.o
                0x0000000020000020                . = ALIGN (0x4)

.bss            0x0000000020000020      0x6e8 load address 0x0000000008009a74
                0x0000000020000020                _sbss = .
                0x0000000020000020                __bss_start__ = _sbss
 *(.bss)
 .bss           0x0000000020000020       0x1c /opt/st/stm32cubeide_1.12.0/plugins/com.st.stm32cube.ide.mcu.externaltools.gnu-tools-for-stm32.10.3-2021.10.linux64_1.0.200.202301161003/tools/bin/../lib/gcc/arm-none-eabi/10.3.1/thumb/v7e-m+fp/hard/crtbegin.o
 *(.bss*)
 .bss.hadc1     0x000000002000003c       0x6c ./Core/Src/main.o
                0x000000002000003c                hadc1
 .bss.hdma_adc1
                0x00000000200000a8       0x60 ./Core/Src/main.o
                0x00000000200000a8                hdma_adc1
 .bss.hdac1     0x0000000020000108       0x14 ./Core/Src/main.o
                0x0000000020000108                hdac1
 .bss.hi2c2     0x000000002000011c       0x4c ./Core/Src/main.o
                0x000000002000011c                hi2c2
 .bss.hrtc      0x0000000020000168       0x28 ./Core/Src/main.o
                0x0000000020000168                hrtc
 .bss.htim1     0x0000000020000190       0x4c ./Core/Src/main.o
                0x0000000020000190                htim1
 .bss.htim2     0x00000000200001dc       0x4c ./Core/Src/main.o
                0x00000000200001dc                htim2
 .bss.htim3     0x0000000020000228       0x4c ./Core/Src/main.o
                0x0000000020000228                htim3
 .bss.htim4     0x0000000020000274       0x4c ./Core/Src/main.o
                0x0000000020000274                htim4
 .bss.offset_AI_1
                0x00000000200002c0        0x4 ./Core/Src/main.o
                0x00000000200002c0                offset_AI_1
 .bss.offset_AI_2
                0x00000000200002c4        0x4 ./Core/Src/main.o
                0x00000000200002c4                offset_AI_2
 .bss.offset_AI_3
                0x00000000200002c8        0x4 ./Core/Src/main.o
                0x00000000200002c8                offset_AI_3
 .bss.kp        0x00000000200002cc        0x4 ./Core/Src/main.o
                0x00000000200002cc                kp
 .bss.ki        0x00000000200002d0        0x4 ./Core/Src/main.o
                0x00000000200002d0                ki
 .bss.kd        0x00000000200002d4        0x4 ./Core/Src/main.o
                0x00000000200002d4                kd
 .bss.tiempo_lazo
                0x00000000200002d8        0x4 ./Core/Src/main.o
                0x00000000200002d8                tiempo_lazo
 .bss.td        0x00000000200002dc        0x4 ./Core/Src/main.o
                0x00000000200002dc                td
 .bss.ti        0x00000000200002e0        0x4 ./Core/Src/main.o
                0x00000000200002e0                ti
 .bss.salida_unipolar
                0x00000000200002e4        0x1 ./Core/Src/main.o
                0x00000000200002e4                salida_unipolar
 .bss.pid_salida_inv
                0x00000000200002e5        0x1 ./Core/Src/main.o
                0x00000000200002e5                pid_salida_inv
 .bss.sumar_pid_con_referencia
                0x00000000200002e6        0x1 ./Core/Src/main.o
                0x00000000200002e6                sumar_pid_con_referencia
 *fill*         0x00000000200002e7        0x1 
 .bss.kpi_abierto
                0x00000000200002e8        0x4 ./Core/Src/main.o
                0x00000000200002e8                kpi_abierto
 .bss.pid_positivo
                0x00000000200002ec        0x4 ./Core/Src/main.o
                0x00000000200002ec                pid_positivo
 .bss.pid_negativo
                0x00000000200002f0        0x4 ./Core/Src/main.o
                0x00000000200002f0                pid_negativo
 .bss.limite_analogica_positiva
                0x00000000200002f4        0x4 ./Core/Src/main.o
                0x00000000200002f4                limite_analogica_positiva
 .bss.limite_analogica_negativa
                0x00000000200002f8        0x4 ./Core/Src/main.o
                0x00000000200002f8                limite_analogica_negativa
 .bss.SSD1306_Buffer
                0x00000000200002fc      0x400 ./Drivers/SSD1306_driver/ssd1306.o
 .bss.SSD1306   0x00000000200006fc        0x6 ./Drivers/SSD1306_driver/ssd1306.o
 *fill*         0x0000000020000702        0x2 
 .bss.uwTick    0x0000000020000704        0x4 ./Drivers/STM32G4xx_HAL_Driver/Src/stm32g4xx_hal.o
                0x0000000020000704                uwTick
 *(COMMON)
                0x0000000020000708                . = ALIGN (0x4)
                0x0000000020000708                _ebss = .
                0x0000000020000708                __bss_end__ = _ebss

._user_heap_stack
                0x0000000020000708      0x600 load address 0x0000000008009a74
                0x0000000020000708                . = ALIGN (0x8)
                [!provide]                        PROVIDE (end = .)
                0x0000000020000708                PROVIDE (_end = .)
                0x0000000020000908                . = (. + _Min_Heap_Size)
 *fill*         0x0000000020000708      0x200 
                0x0000000020000d08                . = (. + _Min_Stack_Size)
 *fill*         0x0000000020000908      0x400 
                0x0000000020000d08                . = ALIGN (0x8)

/DISCARD/
 libc.a(*)
 libm.a(*)
 libgcc.a(*)

.ARM.attributes
                0x0000000000000000       0x30
 *(.ARM.attributes)
 .ARM.attributes
                0x0000000000000000       0x1e /opt/st/stm32cubeide_1.12.0/plugins/com.st.stm32cube.ide.mcu.externaltools.gnu-tools-for-stm32.10.3-2021.10.linux64_1.0.200.202301161003/tools/bin/../lib/gcc/arm-none-eabi/10.3.1/thumb/v7e-m+fp/hard/crti.o
 .ARM.attributes
                0x000000000000001e       0x34 /opt/st/stm32cubeide_1.12.0/plugins/com.st.stm32cube.ide.mcu.externaltools.gnu-tools-for-stm32.10.3-2021.10.linux64_1.0.200.202301161003/tools/bin/../lib/gcc/arm-none-eabi/10.3.1/thumb/v7e-m+fp/hard/crtbegin.o
 .ARM.attributes
                0x0000000000000052       0x34 ./Core/Src/main.o
 .ARM.attributes
                0x0000000000000086       0x34 ./Core/Src/stm32g4xx_hal_msp.o
 .ARM.attributes
                0x00000000000000ba       0x34 ./Core/Src/stm32g4xx_it.o
 .ARM.attributes
                0x00000000000000ee       0x34 ./Core/Src/system_stm32g4xx.o
 .ARM.attributes
                0x0000000000000122       0x21 ./Core/Startup/startup_stm32g431kbtx.o
 .ARM.attributes
                0x0000000000000143       0x34 ./Drivers/SSD1306_driver/ssd1306.o
 .ARM.attributes
                0x0000000000000177       0x34 ./Drivers/SSD1306_driver/ssd1306_fonts.o
 .ARM.attributes
                0x00000000000001ab       0x34 ./Drivers/STM32G4xx_HAL_Driver/Src/stm32g4xx_hal.o
 .ARM.attributes
                0x00000000000001df       0x34 ./Drivers/STM32G4xx_HAL_Driver/Src/stm32g4xx_hal_adc.o
 .ARM.attributes
                0x0000000000000213       0x34 ./Drivers/STM32G4xx_HAL_Driver/Src/stm32g4xx_hal_adc_ex.o
 .ARM.attributes
                0x0000000000000247       0x34 ./Drivers/STM32G4xx_HAL_Driver/Src/stm32g4xx_hal_cortex.o
 .ARM.attributes
                0x000000000000027b       0x34 ./Drivers/STM32G4xx_HAL_Driver/Src/stm32g4xx_hal_dac.o
 .ARM.attributes
                0x00000000000002af       0x34 ./Drivers/STM32G4xx_HAL_Driver/Src/stm32g4xx_hal_dma.o
 .ARM.attributes
                0x00000000000002e3       0x34 ./Drivers/STM32G4xx_HAL_Driver/Src/stm32g4xx_hal_flash.o
 .ARM.attributes
                0x0000000000000317       0x34 ./Drivers/STM32G4xx_HAL_Driver/Src/stm32g4xx_hal_gpio.o
 .ARM.attributes
                0x000000000000034b       0x34 ./Drivers/STM32G4xx_HAL_Driver/Src/stm32g4xx_hal_i2c.o
 .ARM.attributes
                0x000000000000037f       0x34 ./Drivers/STM32G4xx_HAL_Driver/Src/stm32g4xx_hal_i2c_ex.o
 .ARM.attributes
                0x00000000000003b3       0x34 ./Drivers/STM32G4xx_HAL_Driver/Src/stm32g4xx_hal_pwr.o
 .ARM.attributes
                0x00000000000003e7       0x34 ./Drivers/STM32G4xx_HAL_Driver/Src/stm32g4xx_hal_pwr_ex.o
 .ARM.attributes
                0x000000000000041b       0x34 ./Drivers/STM32G4xx_HAL_Driver/Src/stm32g4xx_hal_rcc.o
 .ARM.attributes
                0x000000000000044f       0x34 ./Drivers/STM32G4xx_HAL_Driver/Src/stm32g4xx_hal_rcc_ex.o
 .ARM.attributes
                0x0000000000000483       0x34 ./Drivers/STM32G4xx_HAL_Driver/Src/stm32g4xx_hal_rtc.o
 .ARM.attributes
                0x00000000000004b7       0x34 ./Drivers/STM32G4xx_HAL_Driver/Src/stm32g4xx_hal_tim.o
 .ARM.attributes
                0x00000000000004eb       0x34 ./Drivers/STM32G4xx_HAL_Driver/Src/stm32g4xx_hal_tim_ex.o
 .ARM.attributes
                0x000000000000051f       0x34 /opt/st/stm32cubeide_1.12.0/plugins/com.st.stm32cube.ide.mcu.externaltools.gnu-tools-for-stm32.10.3-2021.10.linux64_1.0.200.202301161003/tools/bin/../lib/gcc/arm-none-eabi/10.3.1/../../../../arm-none-eabi/lib/thumb/v7e-m+fp/hard/libc_nano.a(lib_a-init.o)
 .ARM.attributes
                0x0000000000000553       0x34 /opt/st/stm32cubeide_1.12.0/plugins/com.st.stm32cube.ide.mcu.externaltools.gnu-tools-for-stm32.10.3-2021.10.linux64_1.0.200.202301161003/tools/bin/../lib/gcc/arm-none-eabi/10.3.1/../../../../arm-none-eabi/lib/thumb/v7e-m+fp/hard/libc_nano.a(lib_a-itoa.o)
 .ARM.attributes
                0x0000000000000587       0x34 /opt/st/stm32cubeide_1.12.0/plugins/com.st.stm32cube.ide.mcu.externaltools.gnu-tools-for-stm32.10.3-2021.10.linux64_1.0.200.202301161003/tools/bin/../lib/gcc/arm-none-eabi/10.3.1/../../../../arm-none-eabi/lib/thumb/v7e-m+fp/hard/libc_nano.a(lib_a-memset.o)
 .ARM.attributes
                0x00000000000005bb       0x34 /opt/st/stm32cubeide_1.12.0/plugins/com.st.stm32cube.ide.mcu.externaltools.gnu-tools-for-stm32.10.3-2021.10.linux64_1.0.200.202301161003/tools/bin/../lib/gcc/arm-none-eabi/10.3.1/../../../../arm-none-eabi/lib/thumb/v7e-m+fp/hard/libc_nano.a(lib_a-utoa.o)
 .ARM.attributes
                0x00000000000005ef       0x1e /opt/st/stm32cubeide_1.12.0/plugins/com.st.stm32cube.ide.mcu.externaltools.gnu-tools-for-stm32.10.3-2021.10.linux64_1.0.200.202301161003/tools/bin/../lib/gcc/arm-none-eabi/10.3.1/thumb/v7e-m+fp/hard/crtn.o
OUTPUT(PID VERSION 3B.elf elf32-littlearm)
LOAD linker stubs
LOAD /opt/st/stm32cubeide_1.12.0/plugins/com.st.stm32cube.ide.mcu.externaltools.gnu-tools-for-stm32.10.3-2021.10.linux64_1.0.200.202301161003/tools/bin/../lib/gcc/arm-none-eabi/10.3.1/../../../../arm-none-eabi/lib/thumb/v7e-m+fp/hard/libc.a
LOAD /opt/st/stm32cubeide_1.12.0/plugins/com.st.stm32cube.ide.mcu.externaltools.gnu-tools-for-stm32.10.3-2021.10.linux64_1.0.200.202301161003/tools/bin/../lib/gcc/arm-none-eabi/10.3.1/../../../../arm-none-eabi/lib/thumb/v7e-m+fp/hard/libm.a
LOAD /opt/st/stm32cubeide_1.12.0/plugins/com.st.stm32cube.ide.mcu.externaltools.gnu-tools-for-stm32.10.3-2021.10.linux64_1.0.200.202301161003/tools/bin/../lib/gcc/arm-none-eabi/10.3.1/thumb/v7e-m+fp/hard/libgcc.a

.debug_info     0x0000000000000000    0x1ab56
 .debug_info    0x0000000000000000     0x31bf ./Core/Src/main.o
 .debug_info    0x00000000000031bf     0x1fc9 ./Core/Src/stm32g4xx_hal_msp.o
 .debug_info    0x0000000000005188      0xa29 ./Core/Src/stm32g4xx_it.o
 .debug_info    0x0000000000005bb1      0x59f ./Core/Src/system_stm32g4xx.o
 .debug_info    0x0000000000006150       0x22 ./Core/Startup/startup_stm32g431kbtx.o
 .debug_info    0x0000000000006172     0x13a4 ./Drivers/SSD1306_driver/ssd1306.o
 .debug_info    0x0000000000007516      0x236 ./Drivers/SSD1306_driver/ssd1306_fonts.o
 .debug_info    0x000000000000774c      0xae3 ./Drivers/STM32G4xx_HAL_Driver/Src/stm32g4xx_hal.o
 .debug_info    0x000000000000822f     0x213e ./Drivers/STM32G4xx_HAL_Driver/Src/stm32g4xx_hal_adc.o
 .debug_info    0x000000000000a36d     0x1e4b ./Drivers/STM32G4xx_HAL_Driver/Src/stm32g4xx_hal_adc_ex.o
 .debug_info    0x000000000000c1b8      0xdc4 ./Drivers/STM32G4xx_HAL_Driver/Src/stm32g4xx_hal_cortex.o
 .debug_info    0x000000000000cf7c      0xd17 ./Drivers/STM32G4xx_HAL_Driver/Src/stm32g4xx_hal_dac.o
 .debug_info    0x000000000000dc93      0x8ee ./Drivers/STM32G4xx_HAL_Driver/Src/stm32g4xx_hal_dma.o
 .debug_info    0x000000000000e581      0x72f ./Drivers/STM32G4xx_HAL_Driver/Src/stm32g4xx_hal_flash.o
 .debug_info    0x000000000000ecb0      0x82f ./Drivers/STM32G4xx_HAL_Driver/Src/stm32g4xx_hal_gpio.o
 .debug_info    0x000000000000f4df     0x22ea ./Drivers/STM32G4xx_HAL_Driver/Src/stm32g4xx_hal_i2c.o
 .debug_info    0x00000000000117c9      0xb61 ./Drivers/STM32G4xx_HAL_Driver/Src/stm32g4xx_hal_i2c_ex.o
 .debug_info    0x000000000001232a      0x961 ./Drivers/STM32G4xx_HAL_Driver/Src/stm32g4xx_hal_pwr.o
 .debug_info    0x0000000000012c8b      0x983 ./Drivers/STM32G4xx_HAL_Driver/Src/stm32g4xx_hal_pwr_ex.o
 .debug_info    0x000000000001360e      0xc53 ./Drivers/STM32G4xx_HAL_Driver/Src/stm32g4xx_hal_rcc.o
 .debug_info    0x0000000000014261      0xcfe ./Drivers/STM32G4xx_HAL_Driver/Src/stm32g4xx_hal_rcc_ex.o
 .debug_info    0x0000000000014f5f      0xe8a ./Drivers/STM32G4xx_HAL_Driver/Src/stm32g4xx_hal_rtc.o
 .debug_info    0x0000000000015de9     0x2e83 ./Drivers/STM32G4xx_HAL_Driver/Src/stm32g4xx_hal_tim.o
 .debug_info    0x0000000000018c6c     0x1eea ./Drivers/STM32G4xx_HAL_Driver/Src/stm32g4xx_hal_tim_ex.o

.debug_abbrev   0x0000000000000000     0x358c
 .debug_abbrev  0x0000000000000000      0x3f6 ./Core/Src/main.o
 .debug_abbrev  0x00000000000003f6      0x296 ./Core/Src/stm32g4xx_hal_msp.o
 .debug_abbrev  0x000000000000068c      0x1fb ./Core/Src/stm32g4xx_it.o
 .debug_abbrev  0x0000000000000887      0x116 ./Core/Src/system_stm32g4xx.o
 .debug_abbrev  0x000000000000099d       0x12 ./Core/Startup/startup_stm32g431kbtx.o
 .debug_abbrev  0x00000000000009af      0x35a ./Drivers/SSD1306_driver/ssd1306.o
 .debug_abbrev  0x0000000000000d09       0xbe ./Drivers/SSD1306_driver/ssd1306_fonts.o
 .debug_abbrev  0x0000000000000dc7      0x269 ./Drivers/STM32G4xx_HAL_Driver/Src/stm32g4xx_hal.o
 .debug_abbrev  0x0000000000001030      0x2bf ./Drivers/STM32G4xx_HAL_Driver/Src/stm32g4xx_hal_adc.o
 .debug_abbrev  0x00000000000012ef      0x2da ./Drivers/STM32G4xx_HAL_Driver/Src/stm32g4xx_hal_adc_ex.o
 .debug_abbrev  0x00000000000015c9      0x30d ./Drivers/STM32G4xx_HAL_Driver/Src/stm32g4xx_hal_cortex.o
 .debug_abbrev  0x00000000000018d6      0x206 ./Drivers/STM32G4xx_HAL_Driver/Src/stm32g4xx_hal_dac.o
 .debug_abbrev  0x0000000000001adc      0x1d7 ./Drivers/STM32G4xx_HAL_Driver/Src/stm32g4xx_hal_dma.o
 .debug_abbrev  0x0000000000001cb3      0x317 ./Drivers/STM32G4xx_HAL_Driver/Src/stm32g4xx_hal_flash.o
 .debug_abbrev  0x0000000000001fca      0x1bb ./Drivers/STM32G4xx_HAL_Driver/Src/stm32g4xx_hal_gpio.o
 .debug_abbrev  0x0000000000002185      0x243 ./Drivers/STM32G4xx_HAL_Driver/Src/stm32g4xx_hal_i2c.o
 .debug_abbrev  0x00000000000023c8      0x1b0 ./Drivers/STM32G4xx_HAL_Driver/Src/stm32g4xx_hal_i2c_ex.o
 .debug_abbrev  0x0000000000002578      0x1c0 ./Drivers/STM32G4xx_HAL_Driver/Src/stm32g4xx_hal_pwr.o
 .debug_abbrev  0x0000000000002738      0x229 ./Drivers/STM32G4xx_HAL_Driver/Src/stm32g4xx_hal_pwr_ex.o
 .debug_abbrev  0x0000000000002961      0x2bd ./Drivers/STM32G4xx_HAL_Driver/Src/stm32g4xx_hal_rcc.o
 .debug_abbrev  0x0000000000002c1e      0x247 ./Drivers/STM32G4xx_HAL_Driver/Src/stm32g4xx_hal_rcc_ex.o
 .debug_abbrev  0x0000000000002e65      0x1ee ./Drivers/STM32G4xx_HAL_Driver/Src/stm32g4xx_hal_rtc.o
 .debug_abbrev  0x0000000000003053      0x28e ./Drivers/STM32G4xx_HAL_Driver/Src/stm32g4xx_hal_tim.o
 .debug_abbrev  0x00000000000032e1      0x2ab ./Drivers/STM32G4xx_HAL_Driver/Src/stm32g4xx_hal_tim_ex.o

.debug_aranges  0x0000000000000000     0x18f0
 .debug_aranges
                0x0000000000000000      0x130 ./Core/Src/main.o
 .debug_aranges
                0x0000000000000130       0x80 ./Core/Src/stm32g4xx_hal_msp.o
 .debug_aranges
                0x00000000000001b0       0x78 ./Core/Src/stm32g4xx_it.o
 .debug_aranges
                0x0000000000000228       0x28 ./Core/Src/system_stm32g4xx.o
 .debug_aranges
                0x0000000000000250       0x28 ./Core/Startup/startup_stm32g431kbtx.o
 .debug_aranges
                0x0000000000000278       0xe0 ./Drivers/SSD1306_driver/ssd1306.o
 .debug_aranges
                0x0000000000000358       0x18 ./Drivers/SSD1306_driver/ssd1306_fonts.o
 .debug_aranges
                0x0000000000000370      0x130 ./Drivers/STM32G4xx_HAL_Driver/Src/stm32g4xx_hal.o
 .debug_aranges
                0x00000000000004a0      0x248 ./Drivers/STM32G4xx_HAL_Driver/Src/stm32g4xx_hal_adc.o
 .debug_aranges
                0x00000000000006e8      0x1c0 ./Drivers/STM32G4xx_HAL_Driver/Src/stm32g4xx_hal_adc_ex.o
 .debug_aranges
                0x00000000000008a8      0x118 ./Drivers/STM32G4xx_HAL_Driver/Src/stm32g4xx_hal_cortex.o
 .debug_aranges
                0x00000000000009c0       0xc0 ./Drivers/STM32G4xx_HAL_Driver/Src/stm32g4xx_hal_dac.o
 .debug_aranges
                0x0000000000000a80       0x90 ./Drivers/STM32G4xx_HAL_Driver/Src/stm32g4xx_hal_dma.o
 .debug_aranges
                0x0000000000000b10       0x88 ./Drivers/STM32G4xx_HAL_Driver/Src/stm32g4xx_hal_flash.o
 .debug_aranges
                0x0000000000000b98       0x58 ./Drivers/STM32G4xx_HAL_Driver/Src/stm32g4xx_hal_gpio.o
 .debug_aranges
                0x0000000000000bf0      0x290 ./Drivers/STM32G4xx_HAL_Driver/Src/stm32g4xx_hal_i2c.o
 .debug_aranges
                0x0000000000000e80       0x48 ./Drivers/STM32G4xx_HAL_Driver/Src/stm32g4xx_hal_i2c_ex.o
 .debug_aranges
                0x0000000000000ec8       0x98 ./Drivers/STM32G4xx_HAL_Driver/Src/stm32g4xx_hal_pwr.o
 .debug_aranges
                0x0000000000000f60      0x140 ./Drivers/STM32G4xx_HAL_Driver/Src/stm32g4xx_hal_pwr_ex.o
 .debug_aranges
                0x00000000000010a0       0x98 ./Drivers/STM32G4xx_HAL_Driver/Src/stm32g4xx_hal_rcc.o
 .debug_aranges
                0x0000000000001138       0xb0 ./Drivers/STM32G4xx_HAL_Driver/Src/stm32g4xx_hal_rcc_ex.o
 .debug_aranges
                0x00000000000011e8       0xe8 ./Drivers/STM32G4xx_HAL_Driver/Src/stm32g4xx_hal_rtc.o
 .debug_aranges
                0x00000000000012d0      0x3e0 ./Drivers/STM32G4xx_HAL_Driver/Src/stm32g4xx_hal_tim.o
 .debug_aranges
                0x00000000000016b0      0x240 ./Drivers/STM32G4xx_HAL_Driver/Src/stm32g4xx_hal_tim_ex.o

.debug_ranges   0x0000000000000000     0x1770
 .debug_ranges  0x0000000000000000      0x120 ./Core/Src/main.o
 .debug_ranges  0x0000000000000120       0x70 ./Core/Src/stm32g4xx_hal_msp.o
 .debug_ranges  0x0000000000000190       0x68 ./Core/Src/stm32g4xx_it.o
 .debug_ranges  0x00000000000001f8       0x18 ./Core/Src/system_stm32g4xx.o
 .debug_ranges  0x0000000000000210       0x20 ./Core/Startup/startup_stm32g431kbtx.o
 .debug_ranges  0x0000000000000230       0xd0 ./Drivers/SSD1306_driver/ssd1306.o
 .debug_ranges  0x0000000000000300      0x120 ./Drivers/STM32G4xx_HAL_Driver/Src/stm32g4xx_hal.o
 .debug_ranges  0x0000000000000420      0x238 ./Drivers/STM32G4xx_HAL_Driver/Src/stm32g4xx_hal_adc.o
 .debug_ranges  0x0000000000000658      0x1b0 ./Drivers/STM32G4xx_HAL_Driver/Src/stm32g4xx_hal_adc_ex.o
 .debug_ranges  0x0000000000000808      0x108 ./Drivers/STM32G4xx_HAL_Driver/Src/stm32g4xx_hal_cortex.o
 .debug_ranges  0x0000000000000910       0xb0 ./Drivers/STM32G4xx_HAL_Driver/Src/stm32g4xx_hal_dac.o
 .debug_ranges  0x00000000000009c0       0x80 ./Drivers/STM32G4xx_HAL_Driver/Src/stm32g4xx_hal_dma.o
 .debug_ranges  0x0000000000000a40       0x78 ./Drivers/STM32G4xx_HAL_Driver/Src/stm32g4xx_hal_flash.o
 .debug_ranges  0x0000000000000ab8       0x48 ./Drivers/STM32G4xx_HAL_Driver/Src/stm32g4xx_hal_gpio.o
 .debug_ranges  0x0000000000000b00      0x280 ./Drivers/STM32G4xx_HAL_Driver/Src/stm32g4xx_hal_i2c.o
 .debug_ranges  0x0000000000000d80       0x38 ./Drivers/STM32G4xx_HAL_Driver/Src/stm32g4xx_hal_i2c_ex.o
 .debug_ranges  0x0000000000000db8       0x88 ./Drivers/STM32G4xx_HAL_Driver/Src/stm32g4xx_hal_pwr.o
 .debug_ranges  0x0000000000000e40      0x130 ./Drivers/STM32G4xx_HAL_Driver/Src/stm32g4xx_hal_pwr_ex.o
 .debug_ranges  0x0000000000000f70       0x88 ./Drivers/STM32G4xx_HAL_Driver/Src/stm32g4xx_hal_rcc.o
 .debug_ranges  0x0000000000000ff8       0xa0 ./Drivers/STM32G4xx_HAL_Driver/Src/stm32g4xx_hal_rcc_ex.o
 .debug_ranges  0x0000000000001098       0xd8 ./Drivers/STM32G4xx_HAL_Driver/Src/stm32g4xx_hal_rtc.o
 .debug_ranges  0x0000000000001170      0x3d0 ./Drivers/STM32G4xx_HAL_Driver/Src/stm32g4xx_hal_tim.o
 .debug_ranges  0x0000000000001540      0x230 ./Drivers/STM32G4xx_HAL_Driver/Src/stm32g4xx_hal_tim_ex.o

.debug_macro    0x0000000000000000    0x223e7
 .debug_macro   0x0000000000000000      0x476 ./Core/Src/main.o
 .debug_macro   0x0000000000000476      0xa78 ./Core/Src/main.o
 .debug_macro   0x0000000000000eee      0x16d ./Core/Src/main.o
 .debug_macro   0x000000000000105b       0x2e ./Core/Src/main.o
 .debug_macro   0x0000000000001089       0x28 ./Core/Src/main.o
 .debug_macro   0x00000000000010b1       0x22 ./Core/Src/main.o
 .debug_macro   0x00000000000010d3       0x8e ./Core/Src/main.o
 .debug_macro   0x0000000000001161       0x51 ./Core/Src/main.o
 .debug_macro   0x00000000000011b2      0x103 ./Core/Src/main.o
 .debug_macro   0x00000000000012b5       0x6a ./Core/Src/main.o
 .debug_macro   0x000000000000131f      0x1df ./Core/Src/main.o
 .debug_macro   0x00000000000014fe       0x1c ./Core/Src/main.o
 .debug_macro   0x000000000000151a       0x22 ./Core/Src/main.o
 .debug_macro   0x000000000000153c       0xfb ./Core/Src/main.o
 .debug_macro   0x0000000000001637     0x1011 ./Core/Src/main.o
 .debug_macro   0x0000000000002648      0x11f ./Core/Src/main.o
 .debug_macro   0x0000000000002767    0x11396 ./Core/Src/main.o
 .debug_macro   0x0000000000013afd       0x6d ./Core/Src/main.o
 .debug_macro   0x0000000000013b6a     0x3554 ./Core/Src/main.o
 .debug_macro   0x00000000000170be      0x174 ./Core/Src/main.o
 .debug_macro   0x0000000000017232       0x5c ./Core/Src/main.o
 .debug_macro   0x000000000001728e     0x141d ./Core/Src/main.o
 .debug_macro   0x00000000000186ab      0x535 ./Core/Src/main.o
 .debug_macro   0x0000000000018be0      0x1b6 ./Core/Src/main.o
 .debug_macro   0x0000000000018d96      0x288 ./Core/Src/main.o
 .debug_macro   0x000000000001901e      0x41d ./Core/Src/main.o
 .debug_macro   0x000000000001943b      0x18b ./Core/Src/main.o
 .debug_macro   0x00000000000195c6       0x43 ./Core/Src/main.o
 .debug_macro   0x0000000000019609      0x23d ./Core/Src/main.o
 .debug_macro   0x0000000000019846     0x10fd ./Core/Src/main.o
 .debug_macro   0x000000000001a943      0x72e ./Core/Src/main.o
 .debug_macro   0x000000000001b071      0x391 ./Core/Src/main.o
 .debug_macro   0x000000000001b402      0x202 ./Core/Src/main.o
 .debug_macro   0x000000000001b604      0x108 ./Core/Src/main.o
 .debug_macro   0x000000000001b70c      0x211 ./Core/Src/main.o
 .debug_macro   0x000000000001b91d      0x401 ./Core/Src/main.o
 .debug_macro   0x000000000001bd1e      0x107 ./Core/Src/main.o
 .debug_macro   0x000000000001be25      0x22c ./Core/Src/main.o
 .debug_macro   0x000000000001c051       0x61 ./Core/Src/main.o
 .debug_macro   0x000000000001c0b2       0xa5 ./Core/Src/main.o
 .debug_macro   0x000000000001c157      0x122 ./Core/Src/main.o
 .debug_macro   0x000000000001c279      0x3d1 ./Core/Src/main.o
 .debug_macro   0x000000000001c64a      0x360 ./Core/Src/main.o
 .debug_macro   0x000000000001c9aa      0x543 ./Core/Src/main.o
 .debug_macro   0x000000000001ceed       0xdd ./Core/Src/main.o
 .debug_macro   0x000000000001cfca      0xbbe ./Core/Src/main.o
 .debug_macro   0x000000000001db88      0x47e ./Core/Src/main.o
 .debug_macro   0x000000000001e006      0x306 ./Core/Src/main.o
 .debug_macro   0x000000000001e30c       0x52 ./Core/Src/main.o
 .debug_macro   0x000000000001e35e       0x1e ./Core/Src/main.o
 .debug_macro   0x000000000001e37c       0x3c ./Core/Src/main.o
 .debug_macro   0x000000000001e3b8       0x34 ./Core/Src/main.o
 .debug_macro   0x000000000001e3ec       0x4c ./Core/Src/main.o
 .debug_macro   0x000000000001e438       0x10 ./Core/Src/main.o
 .debug_macro   0x000000000001e448       0x34 ./Core/Src/main.o
 .debug_macro   0x000000000001e47c       0x16 ./Core/Src/main.o
 .debug_macro   0x000000000001e492       0x35 ./Core/Src/main.o
 .debug_macro   0x000000000001e4c7       0x16 ./Core/Src/main.o
 .debug_macro   0x000000000001e4dd       0x43 ./Core/Src/main.o
 .debug_macro   0x000000000001e520       0x34 ./Core/Src/main.o
 .debug_macro   0x000000000001e554       0x10 ./Core/Src/main.o
 .debug_macro   0x000000000001e564       0x58 ./Core/Src/main.o
 .debug_macro   0x000000000001e5bc       0x71 ./Core/Src/main.o
 .debug_macro   0x000000000001e62d       0x1c ./Core/Src/main.o
 .debug_macro   0x000000000001e649      0x12a ./Core/Src/main.o
 .debug_macro   0x000000000001e773      0x341 ./Core/Src/main.o
 .debug_macro   0x000000000001eab4       0x16 ./Core/Src/main.o
 .debug_macro   0x000000000001eaca       0x29 ./Core/Src/main.o
 .debug_macro   0x000000000001eaf3       0x22 ./Core/Src/main.o
 .debug_macro   0x000000000001eb15       0x16 ./Core/Src/main.o
 .debug_macro   0x000000000001eb2b       0x20 ./Core/Src/main.o
 .debug_macro   0x000000000001eb4b       0xa0 ./Core/Src/main.o
 .debug_macro   0x000000000001ebeb       0x2e ./Core/Src/main.o
 .debug_macro   0x000000000001ec19       0x16 ./Core/Src/main.o
 .debug_macro   0x000000000001ec2f       0x5f ./Core/Src/main.o
 .debug_macro   0x000000000001ec8e      0x188 ./Core/Src/main.o
 .debug_macro   0x000000000001ee16       0x76 ./Core/Src/main.o
 .debug_macro   0x000000000001ee8c       0x64 ./Core/Src/main.o
 .debug_macro   0x000000000001eef0      0x362 ./Core/Src/stm32g4xx_hal_msp.o
 .debug_macro   0x000000000001f252      0x36c ./Core/Src/stm32g4xx_it.o
 .debug_macro   0x000000000001f5be      0x223 ./Core/Src/system_stm32g4xx.o
 .debug_macro   0x000000000001f7e1      0x357 ./Drivers/SSD1306_driver/ssd1306.o
 .debug_macro   0x000000000001fb38       0x28 ./Drivers/SSD1306_driver/ssd1306.o
 .debug_macro   0x000000000001fb60      0x19b ./Drivers/SSD1306_driver/ssd1306.o
 .debug_macro   0x000000000001fcfb       0x76 ./Drivers/SSD1306_driver/ssd1306_fonts.o
 .debug_macro   0x000000000001fd71      0x271 ./Drivers/STM32G4xx_HAL_Driver/Src/stm32g4xx_hal.o
 .debug_macro   0x000000000001ffe2      0x240 ./Drivers/STM32G4xx_HAL_Driver/Src/stm32g4xx_hal_adc.o
 .debug_macro   0x0000000000020222      0x22f ./Drivers/STM32G4xx_HAL_Driver/Src/stm32g4xx_hal_adc_ex.o
 .debug_macro   0x0000000000020451      0x223 ./Drivers/STM32G4xx_HAL_Driver/Src/stm32g4xx_hal_cortex.o
 .debug_macro   0x0000000000020674      0x239 ./Drivers/STM32G4xx_HAL_Driver/Src/stm32g4xx_hal_dac.o
 .debug_macro   0x00000000000208ad      0x223 ./Drivers/STM32G4xx_HAL_Driver/Src/stm32g4xx_hal_dma.o
 .debug_macro   0x0000000000020ad0      0x229 ./Drivers/STM32G4xx_HAL_Driver/Src/stm32g4xx_hal_flash.o
 .debug_macro   0x0000000000020cf9      0x22a ./Drivers/STM32G4xx_HAL_Driver/Src/stm32g4xx_hal_gpio.o
 .debug_macro   0x0000000000020f23      0x2ef ./Drivers/STM32G4xx_HAL_Driver/Src/stm32g4xx_hal_i2c.o
 .debug_macro   0x0000000000021212      0x223 ./Drivers/STM32G4xx_HAL_Driver/Src/stm32g4xx_hal_i2c_ex.o
 .debug_macro   0x0000000000021435      0x23b ./Drivers/STM32G4xx_HAL_Driver/Src/stm32g4xx_hal_pwr.o
 .debug_macro   0x0000000000021670      0x24d ./Drivers/STM32G4xx_HAL_Driver/Src/stm32g4xx_hal_pwr_ex.o
 .debug_macro   0x00000000000218bd      0x265 ./Drivers/STM32G4xx_HAL_Driver/Src/stm32g4xx_hal_rcc.o
 .debug_macro   0x0000000000021b22      0x24d ./Drivers/STM32G4xx_HAL_Driver/Src/stm32g4xx_hal_rcc_ex.o
 .debug_macro   0x0000000000021d6f      0x224 ./Drivers/STM32G4xx_HAL_Driver/Src/stm32g4xx_hal_rtc.o
 .debug_macro   0x0000000000021f93      0x22b ./Drivers/STM32G4xx_HAL_Driver/Src/stm32g4xx_hal_tim.o
 .debug_macro   0x00000000000221be      0x229 ./Drivers/STM32G4xx_HAL_Driver/Src/stm32g4xx_hal_tim_ex.o

.debug_line     0x0000000000000000    0x1b12c
 .debug_line    0x0000000000000000     0x18cf ./Core/Src/main.o
 .debug_line    0x00000000000018cf      0xbdc ./Core/Src/stm32g4xx_hal_msp.o
 .debug_line    0x00000000000024ab      0xa90 ./Core/Src/stm32g4xx_it.o
 .debug_line    0x0000000000002f3b      0x7cb ./Core/Src/system_stm32g4xx.o
 .debug_line    0x0000000000003706       0x89 ./Core/Startup/startup_stm32g431kbtx.o
 .debug_line    0x000000000000378f     0x1070 ./Drivers/SSD1306_driver/ssd1306.o
 .debug_line    0x00000000000047ff      0x387 ./Drivers/SSD1306_driver/ssd1306_fonts.o
 .debug_line    0x0000000000004b86      0xb42 ./Drivers/STM32G4xx_HAL_Driver/Src/stm32g4xx_hal.o
 .debug_line    0x00000000000056c8     0x1edd ./Drivers/STM32G4xx_HAL_Driver/Src/stm32g4xx_hal_adc.o
 .debug_line    0x00000000000075a5     0x1940 ./Drivers/STM32G4xx_HAL_Driver/Src/stm32g4xx_hal_adc_ex.o
 .debug_line    0x0000000000008ee5      0xcf5 ./Drivers/STM32G4xx_HAL_Driver/Src/stm32g4xx_hal_cortex.o
 .debug_line    0x0000000000009bda      0xce3 ./Drivers/STM32G4xx_HAL_Driver/Src/stm32g4xx_hal_dac.o
 .debug_line    0x000000000000a8bd      0xeae ./Drivers/STM32G4xx_HAL_Driver/Src/stm32g4xx_hal_dma.o
 .debug_line    0x000000000000b76b      0xb04 ./Drivers/STM32G4xx_HAL_Driver/Src/stm32g4xx_hal_flash.o
 .debug_line    0x000000000000c26f      0xb85 ./Drivers/STM32G4xx_HAL_Driver/Src/stm32g4xx_hal_gpio.o
 .debug_line    0x000000000000cdf4     0x33e9 ./Drivers/STM32G4xx_HAL_Driver/Src/stm32g4xx_hal_i2c.o
 .debug_line    0x00000000000101dd      0x97f ./Drivers/STM32G4xx_HAL_Driver/Src/stm32g4xx_hal_i2c_ex.o
 .debug_line    0x0000000000010b5c      0x92f ./Drivers/STM32G4xx_HAL_Driver/Src/stm32g4xx_hal_pwr.o
 .debug_line    0x000000000001148b      0xcf9 ./Drivers/STM32G4xx_HAL_Driver/Src/stm32g4xx_hal_pwr_ex.o
 .debug_line    0x0000000000012184      0xf58 ./Drivers/STM32G4xx_HAL_Driver/Src/stm32g4xx_hal_rcc.o
 .debug_line    0x00000000000130dc     0x111b ./Drivers/STM32G4xx_HAL_Driver/Src/stm32g4xx_hal_rcc_ex.o
 .debug_line    0x00000000000141f7     0x1027 ./Drivers/STM32G4xx_HAL_Driver/Src/stm32g4xx_hal_rtc.o
 .debug_line    0x000000000001521e     0x3e49 ./Drivers/STM32G4xx_HAL_Driver/Src/stm32g4xx_hal_tim.o
 .debug_line    0x0000000000019067     0x20c5 ./Drivers/STM32G4xx_HAL_Driver/Src/stm32g4xx_hal_tim_ex.o

.debug_str      0x0000000000000000    0xe33ac
 .debug_str     0x0000000000000000    0xdc71d ./Core/Src/main.o
                                      0xdcf1e (size before relaxing)
 .debug_str     0x00000000000dc71d      0x35e ./Core/Src/stm32g4xx_hal_msp.o
                                      0xdabbc (size before relaxing)
 .debug_str     0x00000000000dca7b      0x132 ./Core/Src/stm32g4xx_it.o
                                      0xd9bd5 (size before relaxing)
 .debug_str     0x00000000000dcbad       0xd6 ./Core/Src/system_stm32g4xx.o
                                      0xd61c6 (size before relaxing)
 .debug_str     0x00000000000dcc83       0x36 ./Core/Startup/startup_stm32g431kbtx.o
                                         0x77 (size before relaxing)
 .debug_str     0x00000000000dccb9      0xb91 ./Drivers/SSD1306_driver/ssd1306.o
                                      0xda33e (size before relaxing)
 .debug_str     0x00000000000dd84a       0x78 ./Drivers/SSD1306_driver/ssd1306_fonts.o
                                       0x3df2 (size before relaxing)
 .debug_str     0x00000000000dd8c2      0x5a3 ./Drivers/STM32G4xx_HAL_Driver/Src/stm32g4xx_hal.o
                                      0xd6cde (size before relaxing)
 .debug_str     0x00000000000dde65      0xadc ./Drivers/STM32G4xx_HAL_Driver/Src/stm32g4xx_hal_adc.o
                                      0xd7217 (size before relaxing)
 .debug_str     0x00000000000de941      0x65d ./Drivers/STM32G4xx_HAL_Driver/Src/stm32g4xx_hal_adc_ex.o
                                      0xd718d (size before relaxing)
 .debug_str     0x00000000000def9e      0x30e ./Drivers/STM32G4xx_HAL_Driver/Src/stm32g4xx_hal_cortex.o
                                      0xd6989 (size before relaxing)
 .debug_str     0x00000000000df2ac      0x26c ./Drivers/STM32G4xx_HAL_Driver/Src/stm32g4xx_hal_dac.o
                                      0xd6875 (size before relaxing)
 .debug_str     0x00000000000df518      0x27d ./Drivers/STM32G4xx_HAL_Driver/Src/stm32g4xx_hal_dma.o
                                      0xd65a0 (size before relaxing)
 .debug_str     0x00000000000df795      0x3a2 ./Drivers/STM32G4xx_HAL_Driver/Src/stm32g4xx_hal_flash.o
                                      0xd6466 (size before relaxing)
 .debug_str     0x00000000000dfb37      0x112 ./Drivers/STM32G4xx_HAL_Driver/Src/stm32g4xx_hal_gpio.o
                                      0xd6351 (size before relaxing)
 .debug_str     0x00000000000dfc49      0xd75 ./Drivers/STM32G4xx_HAL_Driver/Src/stm32g4xx_hal_i2c.o
                                      0xd7494 (size before relaxing)
 .debug_str     0x00000000000e09be       0xb8 ./Drivers/STM32G4xx_HAL_Driver/Src/stm32g4xx_hal_i2c_ex.o
                                      0xd67f9 (size before relaxing)
 .debug_str     0x00000000000e0a76      0x319 ./Drivers/STM32G4xx_HAL_Driver/Src/stm32g4xx_hal_pwr.o
                                      0xd6536 (size before relaxing)
 .debug_str     0x00000000000e0d8f      0x3a4 ./Drivers/STM32G4xx_HAL_Driver/Src/stm32g4xx_hal_pwr_ex.o
                                      0xd66b4 (size before relaxing)
 .debug_str     0x00000000000e1133      0x474 ./Drivers/STM32G4xx_HAL_Driver/Src/stm32g4xx_hal_rcc.o
                                      0xd68bf (size before relaxing)
 .debug_str     0x00000000000e15a7      0x3c6 ./Drivers/STM32G4xx_HAL_Driver/Src/stm32g4xx_hal_rcc_ex.o
                                      0xd68c0 (size before relaxing)
 .debug_str     0x00000000000e196d      0x31c ./Drivers/STM32G4xx_HAL_Driver/Src/stm32g4xx_hal_rtc.o
                                      0xd662c (size before relaxing)
 .debug_str     0x00000000000e1c89      0xe32 ./Drivers/STM32G4xx_HAL_Driver/Src/stm32g4xx_hal_tim.o
                                      0xd76b4 (size before relaxing)
 .debug_str     0x00000000000e2abb      0x8f1 ./Drivers/STM32G4xx_HAL_Driver/Src/stm32g4xx_hal_tim_ex.o
                                      0xd7338 (size before relaxing)

.comment        0x0000000000000000       0x50
 .comment       0x0000000000000000       0x50 ./Core/Src/main.o
                                         0x51 (size before relaxing)
 .comment       0x0000000000000050       0x51 ./Core/Src/stm32g4xx_hal_msp.o
 .comment       0x0000000000000050       0x51 ./Core/Src/stm32g4xx_it.o
 .comment       0x0000000000000050       0x51 ./Core/Src/system_stm32g4xx.o
 .comment       0x0000000000000050       0x51 ./Drivers/SSD1306_driver/ssd1306.o
 .comment       0x0000000000000050       0x51 ./Drivers/SSD1306_driver/ssd1306_fonts.o
 .comment       0x0000000000000050       0x51 ./Drivers/STM32G4xx_HAL_Driver/Src/stm32g4xx_hal.o
 .comment       0x0000000000000050       0x51 ./Drivers/STM32G4xx_HAL_Driver/Src/stm32g4xx_hal_adc.o
 .comment       0x0000000000000050       0x51 ./Drivers/STM32G4xx_HAL_Driver/Src/stm32g4xx_hal_adc_ex.o
 .comment       0x0000000000000050       0x51 ./Drivers/STM32G4xx_HAL_Driver/Src/stm32g4xx_hal_cortex.o
 .comment       0x0000000000000050       0x51 ./Drivers/STM32G4xx_HAL_Driver/Src/stm32g4xx_hal_dac.o
 .comment       0x0000000000000050       0x51 ./Drivers/STM32G4xx_HAL_Driver/Src/stm32g4xx_hal_dma.o
 .comment       0x0000000000000050       0x51 ./Drivers/STM32G4xx_HAL_Driver/Src/stm32g4xx_hal_flash.o
 .comment       0x0000000000000050       0x51 ./Drivers/STM32G4xx_HAL_Driver/Src/stm32g4xx_hal_gpio.o
 .comment       0x0000000000000050       0x51 ./Drivers/STM32G4xx_HAL_Driver/Src/stm32g4xx_hal_i2c.o
 .comment       0x0000000000000050       0x51 ./Drivers/STM32G4xx_HAL_Driver/Src/stm32g4xx_hal_i2c_ex.o
 .comment       0x0000000000000050       0x51 ./Drivers/STM32G4xx_HAL_Driver/Src/stm32g4xx_hal_pwr.o
 .comment       0x0000000000000050       0x51 ./Drivers/STM32G4xx_HAL_Driver/Src/stm32g4xx_hal_pwr_ex.o
 .comment       0x0000000000000050       0x51 ./Drivers/STM32G4xx_HAL_Driver/Src/stm32g4xx_hal_rcc.o
 .comment       0x0000000000000050       0x51 ./Drivers/STM32G4xx_HAL_Driver/Src/stm32g4xx_hal_rcc_ex.o
 .comment       0x0000000000000050       0x51 ./Drivers/STM32G4xx_HAL_Driver/Src/stm32g4xx_hal_rtc.o
 .comment       0x0000000000000050       0x51 ./Drivers/STM32G4xx_HAL_Driver/Src/stm32g4xx_hal_tim.o
 .comment       0x0000000000000050       0x51 ./Drivers/STM32G4xx_HAL_Driver/Src/stm32g4xx_hal_tim_ex.o

.debug_frame    0x0000000000000000     0x6b8c
 .debug_frame   0x0000000000000000      0x4ec ./Core/Src/main.o
 .debug_frame   0x00000000000004ec      0x1e8 ./Core/Src/stm32g4xx_hal_msp.o
 .debug_frame   0x00000000000006d4      0x15c ./Core/Src/stm32g4xx_it.o
 .debug_frame   0x0000000000000830       0x58 ./Core/Src/system_stm32g4xx.o
 .debug_frame   0x0000000000000888      0x3c0 ./Drivers/SSD1306_driver/ssd1306.o
 .debug_frame   0x0000000000000c48      0x4a0 ./Drivers/STM32G4xx_HAL_Driver/Src/stm32g4xx_hal.o
 .debug_frame   0x00000000000010e8      0xacc ./Drivers/STM32G4xx_HAL_Driver/Src/stm32g4xx_hal_adc.o
 .debug_frame   0x0000000000001bb4      0x81c ./Drivers/STM32G4xx_HAL_Driver/Src/stm32g4xx_hal_adc_ex.o
 .debug_frame   0x00000000000023d0      0x498 ./Drivers/STM32G4xx_HAL_Driver/Src/stm32g4xx_hal_cortex.o
 .debug_frame   0x0000000000002868      0x330 ./Drivers/STM32G4xx_HAL_Driver/Src/stm32g4xx_hal_dac.o
 .debug_frame   0x0000000000002b98      0x24c ./Drivers/STM32G4xx_HAL_Driver/Src/stm32g4xx_hal_dma.o
 .debug_frame   0x0000000000002de4      0x21c ./Drivers/STM32G4xx_HAL_Driver/Src/stm32g4xx_hal_flash.o
 .debug_frame   0x0000000000003000      0x14c ./Drivers/STM32G4xx_HAL_Driver/Src/stm32g4xx_hal_gpio.o
 .debug_frame   0x000000000000314c      0xbe8 ./Drivers/STM32G4xx_HAL_Driver/Src/stm32g4xx_hal_i2c.o
 .debug_frame   0x0000000000003d34      0x100 ./Drivers/STM32G4xx_HAL_Driver/Src/stm32g4xx_hal_i2c_ex.o
 .debug_frame   0x0000000000003e34      0x230 ./Drivers/STM32G4xx_HAL_Driver/Src/stm32g4xx_hal_pwr.o
 .debug_frame   0x0000000000004064      0x4fc ./Drivers/STM32G4xx_HAL_Driver/Src/stm32g4xx_hal_pwr_ex.o
 .debug_frame   0x0000000000004560      0x23c ./Drivers/STM32G4xx_HAL_Driver/Src/stm32g4xx_hal_rcc.o
 .debug_frame   0x000000000000479c      0x2ac ./Drivers/STM32G4xx_HAL_Driver/Src/stm32g4xx_hal_rcc_ex.o
 .debug_frame   0x0000000000004a48      0x3f4 ./Drivers/STM32G4xx_HAL_Driver/Src/stm32g4xx_hal_rtc.o
 .debug_frame   0x0000000000004e3c     0x121c ./Drivers/STM32G4xx_HAL_Driver/Src/stm32g4xx_hal_tim.o
 .debug_frame   0x0000000000006058      0xa68 ./Drivers/STM32G4xx_HAL_Driver/Src/stm32g4xx_hal_tim_ex.o
 .debug_frame   0x0000000000006ac0       0x2c /opt/st/stm32cubeide_1.12.0/plugins/com.st.stm32cube.ide.mcu.externaltools.gnu-tools-for-stm32.10.3-2021.10.linux64_1.0.200.202301161003/tools/bin/../lib/gcc/arm-none-eabi/10.3.1/../../../../arm-none-eabi/lib/thumb/v7e-m+fp/hard/libc_nano.a(lib_a-init.o)
 .debug_frame   0x0000000000006aec       0x38 /opt/st/stm32cubeide_1.12.0/plugins/com.st.stm32cube.ide.mcu.externaltools.gnu-tools-for-stm32.10.3-2021.10.linux64_1.0.200.202301161003/tools/bin/../lib/gcc/arm-none-eabi/10.3.1/../../../../arm-none-eabi/lib/thumb/v7e-m+fp/hard/libc_nano.a(lib_a-itoa.o)
 .debug_frame   0x0000000000006b24       0x20 /opt/st/stm32cubeide_1.12.0/plugins/com.st.stm32cube.ide.mcu.externaltools.gnu-tools-for-stm32.10.3-2021.10.linux64_1.0.200.202301161003/tools/bin/../lib/gcc/arm-none-eabi/10.3.1/../../../../arm-none-eabi/lib/thumb/v7e-m+fp/hard/libc_nano.a(lib_a-memset.o)
 .debug_frame   0x0000000000006b44       0x48 /opt/st/stm32cubeide_1.12.0/plugins/com.st.stm32cube.ide.mcu.externaltools.gnu-tools-for-stm32.10.3-2021.10.linux64_1.0.200.202301161003/tools/bin/../lib/gcc/arm-none-eabi/10.3.1/../../../../arm-none-eabi/lib/thumb/v7e-m+fp/hard/libc_nano.a(lib_a-utoa.o)
