../Core/Src/main.c:170:5:main	24	static
../Core/Src/main.c:427:6:SystemClock_Config	88	static
../Core/Src/main.c:468:13:MX_ADC1_Init	56	static
../Core/Src/main.c:562:13:MX_DAC1_Init	56	static
../Core/Src/main.c:616:13:MX_I2C2_Init	8	static
../Core/Src/main.c:663:13:MX_RTC_Init	32	static
../Core/Src/main.c:728:13:MX_TIM1_Init	40	static
../Core/Src/main.c:774:13:MX_TIM2_Init	56	static
../Core/Src/main.c:822:13:MX_TIM3_Init	40	static
../Core/Src/main.c:866:13:MX_TIM4_Init	56	static
../Core/Src/main.c:912:13:MX_DMA_Init	16	static
../Core/Src/main.c:930:13:MX_GPIO_Init	40	static
../Core/Src/main.c:984:6:Pantalla_menu	16	static
../Core/Src/main.c:1052:6:Pantalla_inicial	16	static
../Core/Src/main.c:1064:5:Leer_botones	24	static
../Core/Src/main.c:1119:5:Leer_encoder	24	static
../Core/Src/main.c:1127:5:Leer_encoder1	4	static
../Core/Src/main.c:1132:5:Pantalla_menu_inicial	16	static
../Core/Src/main.c:1184:5:menu_monitoreo	16	static
../Core/Src/main.c:1228:6:monitoreo_digital	24	static
../Core/Src/main.c:1279:6:monitoreo_analogico	88	static
../Core/Src/main.c:1342:5:menu_offsets	24	static
../Core/Src/main.c:1525:5:Establecer_valor_prueba	88	static
../Core/Src/main.c:1670:5:Establecer_valor	88	static
../Core/Src/main.c:1811:5:Establecer_valor_bidireccional	96	static
../Core/Src/main.c:2108:5:menu_instalador	24	static
../Core/Src/main.c:2198:5:AI1_leer	16	static
../Core/Src/main.c:2218:5:menu_instalador_1	16	static
../Core/Src/main.c:2331:6:cambiar_opcion	24	static
../Core/Src/main.c:2377:6:pantalla_cancelar	8	static
../Core/Src/main.c:2385:6:pantalla_guardado	8	static
../Core/Src/main.c:2393:6:Encoder_reiniciar	4	static
../Core/Src/main.c:2399:6:save_data	48	static
../Core/Src/main.c:2417:10:read_data_address	24	static
../Core/Src/main.c:2430:6:Error_Handler	8	static,ignoring_inline_asm
