../Drivers/EEPROM/stm32g4xx_ll_crc.h:157:22:LL_CRC_ResetCRCCalculationUnit	16	static
../Drivers/EEPROM/stm32g4xx_ll_crc.h:173:22:LL_CRC_SetPolynomialSize	16	static
../Drivers/EEPROM/stm32g4xx_ll_crc.h:291:22:LL_CRC_SetPolynomialCoef	16	static
../Drivers/EEPROM/stm32g4xx_ll_crc.h:325:22:LL_CRC_FeedData32	16	static
../Drivers/EEPROM/stm32g4xx_ll_crc.h:337:22:LL_CRC_FeedData16	24	static
../Drivers/EEPROM/stm32g4xx_ll_crc.h:375:26:LL_CRC_ReadData16	16	static
../Drivers/STM32G4xx_HAL_Driver/Inc/stm32g4xx_ll_bus.h:243:22:LL_AHB1_GRP1_EnableClock	24	static
../Drivers/EEPROM/eeprom_emul.c:197:11:EE_Init	72	static
../Drivers/EEPROM/eeprom_emul.c:628:11:EE_Format	24	static
../Drivers/EEPROM/eeprom_emul.c:739:11:EE_ReadVariable32bits	24	static
../Drivers/EEPROM/eeprom_emul.c:768:11:EE_ReadVariable16bits	24	static
../Drivers/EEPROM/eeprom_emul.c:796:11:EE_ReadVariable8bits	24	static
../Drivers/EEPROM/eeprom_emul.c:852:11:EE_WriteVariable32bits	16	static
../Drivers/EEPROM/eeprom_emul.c:880:11:EE_WriteVariable16bits	16	static
../Drivers/EEPROM/eeprom_emul.c:907:11:EE_WriteVariable8bits	16	static
../Drivers/EEPROM/eeprom_emul.c:932:11:EE_CleanUp	32	static
../Drivers/EEPROM/eeprom_emul.c:1004:11:EE_CleanUp_IT	32	static
../Drivers/EEPROM/eeprom_emul.c:1064:11:EE_DeleteCorruptedFlashAddress	16	static
../Drivers/EEPROM/eeprom_emul.c:1073:13:EE_EndOfCleanup_UserCallback	4	static
../Drivers/EEPROM/eeprom_emul.c:1099:18:ReadVariable	48	static
../Drivers/EEPROM/eeprom_emul.c:1203:18:WriteVariable	24	static
../Drivers/EEPROM/eeprom_emul.c:1234:18:VerifyPageFullyErased	24	static
../Drivers/EEPROM/eeprom_emul.c:1273:17:FindPage	32	static
../Drivers/EEPROM/eeprom_emul.c:1424:18:PagesTransfer	48	static
../Drivers/EEPROM/eeprom_emul.c:1685:18:VerifyPagesFullWriteVariable	80	static
../Drivers/EEPROM/eeprom_emul.c:1774:18:SetPageState	32	static
../Drivers/EEPROM/eeprom_emul.c:1918:22:GetPageState	48	static
../Drivers/EEPROM/eeprom_emul.c:2011:6:ConfigureCrc	8	static
../Drivers/EEPROM/eeprom_emul.c:2042:10:CalculateCrc	16	static
